<html>
<body>
<pre>
<h1>µVision Build Log</h1>
<h2>Tool Versions:</h2>
IDE-Version: ¦ÌVision V5.28.0.0
Copyright (C) 2019 ARM Ltd and ARM Germany GmbH. All rights reserved.
License Information: ding su, tuya, LIC=7YKWF-62U5T-IM69B-22WLA-5GI9C-PH7JM
 
Tool Versions:
Toolchain:       MDK-ARM Professional  Version: 5.28.0.0
Toolchain Path:  C:\Keil_v5\ARM\ARMCC\Bin
C Compiler:      Armcc.exe V5.06 update 6 (build 750)
Assembler:       Armasm.exe V5.06 update 6 (build 750)
Linker/Locator:  ArmLink.exe V5.06 update 6 (build 750)
Library Manager: ArmAr.exe V5.06 update 6 (build 750)
Hex Converter:   FromElf.exe V5.06 update 6 (build 750)
CPU DLL:         SARM.DLL V5.28.0.0
Dialog DLL:      DARMP3.DLL
Target DLL:      Segger\JLTAgdi.dll V1.61.0.0
Dialog DLL:      TARMP3.DLL V1.4.0.0
 
<h2>Project:</h2>
D:\office\workspace\Bk\Tuya_ble_lock_sdk_bk3431q\ble_3435_sdk_ext_39_0F0E\projects\ble_app_gatt\bk3435.uvproj
Project File Date:  03/03/2020

<h2>Output:</h2>
*** Using Compiler 'V5.06 update 6 (build 750)', folder: 'C:\Keil_v5\ARM\ARMCC\Bin'
Rebuild target 'BK3435_app'
compiling lock_common.c...
compiling lock_dynamic_pwd.c...
compiling lock_hard.c...
compiling lock_test.c...
compiling lock_timer.c...
compiling lock_dp_report.c...
compiling lock_offline_pwd.c...
..\..\..\tuya_ble_lock_sdk\src\app\app_lock\lock_offline_pwd.c(37): warning:  #177-D: variable "already_export_t0"  was declared but never referenced
  static bool already_export_t0 = false;
..\..\..\tuya_ble_lock_sdk\src\app\app_lock\lock_offline_pwd.c: 1 warning, 0 errors
compiling lock_dp_parser.c...
compiling app_common.c...
compiling app_ota.c...
compiling app_flash.c...
compiling cpt_math.c...
compiling app_port.c...
compiling tuya_ble_storage.c...
compiling app_test.c...
compiling tuya_ble_port_bk3431q.c...
compiling hmac-sha1.c...
compiling sha1.c...
compiling platform.c...
compiling threading.c...
compiling platform_util.c...
compiling ff1.c...
compiling cpt_string_op.c...
compiling md5.c...
compiling fpe_cipher.c...
compiling aes.c...
compiling fpe_decrypt.c...
compiling fpe_math.c...
compiling fpe_str.c...
..\..\..\tuya_ble_lock_sdk\src\cpt\fpe_tuya\fpe_str.c(40): warning:  #186-D: pointless comparison of unsigned integer with zero
      if (!(start >= 0 && end >= 0 && end >= start && end <= source.len)) {
..\..\..\tuya_ble_lock_sdk\src\cpt\fpe_tuya\fpe_str.c(40): warning:  #186-D: pointless comparison of unsigned integer with zero
      if (!(start >= 0 && end >= 0 && end >= start && end <= source.len)) {
..\..\..\tuya_ble_lock_sdk\src\cpt\fpe_tuya\fpe_str.c(41): warning:  #68-D: integer conversion resulted in a change of sign
          byte_str invalid = {.buf=NULL, .len=-1};
..\..\..\tuya_ble_lock_sdk\src\cpt\fpe_tuya\fpe_str.c(117): warning:  #186-D: pointless comparison of unsigned integer with zero
      if (!(start >= 0 && end >= 0 && end >= start && end <= source.len)) {
..\..\..\tuya_ble_lock_sdk\src\cpt\fpe_tuya\fpe_str.c(117): warning:  #186-D: pointless comparison of unsigned integer with zero
      if (!(start >= 0 && end >= 0 && end >= start && end <= source.len)) {
..\..\..\tuya_ble_lock_sdk\src\cpt\fpe_tuya\fpe_str.c(118): warning:  #68-D: integer conversion resulted in a change of sign
          num_str invalid = {.buf=NULL, .len=-1};
..\..\..\tuya_ble_lock_sdk\src\cpt\fpe_tuya\fpe_str.c: 6 warnings, 0 errors
compiling easyflash.c...
compiling elog_async.c...
compiling elog_buf.c...
compiling ef_iap.c...
compiling elog.c...
compiling ef_utils.c...
compiling ef_port.c...
compiling elog_utils.c...
compiling ef_env.c...
compiling elog_port.c...
compiling bk_common.c...
compiling bk_scan_adv.c...
compiling bk_ble.c...
compiling bk_uart.c...
compiling bk_svc.c...
compiling bk_flash.c...
compiling bk_timer.c...
assembling boot_handlers.s...
assembling boot_vectors.s...
compiling bk_gpio.c...
compiling bk_test.c...
compiling rwble_hl.c...
compiling emi.c...
compiling arch_main.c...
compiling icu.c...
compiling flash.c...
compiling gpio.c...
compiling adc.c...
compiling timer.c...
compiling wdt.c...
compiling rwip.c...
compiling rwble.c...
compiling prf.c...
compiling intc.c...
compiling pwm.c...
compiling uart.c...
compiling prf_utils.c...
compiling rf_xvr.c...
compiling app_fff0.c...
compiling app.c...
compiling fff0s_task.c...
compiling fff0s.c...
compiling app_task.c...
linking...
Program Size: Code=67920 RO-data=12716 RW-data=748 ZI-data=22180  
After Build - User command #1: fromelf --bin --output .\output\app\bk3435_ble_app.bin .\obj\bk3435_ble_app.axf
After Build - User command #2: .\output\encrypt_app.bat
D:\office\workspace\Bk\Tuya_ble_lock_sdk_bk3431q\ble_3435_sdk_ext_39_0F0E\projects\ble_app_gatt>.\output\BinConvert_3435_OAD  -oad .\output\bim\bk3435_ble_bim.bin  .\output\stack\bk3435_ble_stack.bin  .\output\app\bk3435_ble_app.bin -m 0x1F00 -l 0x1E200 -v 0x000F -rom_v 0x000E -e 00000000 00000000 00000000 00000000 
cmd_bin_oad.stack_file_addr :0x1f00
binary version hex:0xf; dec:15
Arm Image Binary will be converted to OAD format binary file.....
cmd_bin_oad.stack_file_addr=1f00
boot_bin_len=1c40
add stack bin start
        Encrypt Seccessfully!
        File Size: 0x35288
oad_stack_app_bin_len=33200
oad_app_bin_len=152d0
0d d2 95 b1 0f 00 b4 54 42 42 42 42 ff ff 0e 00 /**< @CREATE_FILE_SUCCESS */
/**< @Download flash file:.\output\app\bk3435_ble_app_merge_crc.bin
/**< @OAD file :.\output\app\bk3435_ble_app_stack_oad.bin,CRC = 0x27405f79
/**< @OAD file :.\output\app\bk3435_ble_app_oad.bin,CRC = 0xb195d20d
/**< @author <gang.cheng@bekencorp.com> */
/**< @version v0.3 */
".\obj\bk3435_ble_app.axf" - 0 Error(s), 7 Warning(s).
Build Time Elapsed:  00:00:08
</pre>
</body>
</html>
