Component: ARM Compiler 5.06 update 6 (build 750) Tool: armlink [4d35ed]

==============================================================================

Section Cross References

    lock_common.o(i.lock_common_init) refers to app_port.o(i.app_port_kv_init) for app_port_kv_init
    lock_common.o(i.lock_common_init) refers to app_port.o(i.app_port_local_clock_start) for app_port_local_clock_start
    lock_common.o(i.lock_common_init) refers to lock_timer.o(i.lock_timer_creat) for lock_timer_creat
    lock_common.o(i.lock_common_init) refers to app_common.o(i.app_common_init) for app_common_init
    lock_common.o(i.lock_common_init) refers to bk_common.o(i.bk_log_hexdump) for bk_log_hexdump
    lock_common.o(i.lock_common_init) refers to tuya_ble_main.o(.bss) for tuya_ble_current_para
    lock_common.o(i.lock_factory_handler) refers to app_port.o(i.app_port_tuya_ble_device_factory_reset) for app_port_tuya_ble_device_factory_reset
    lock_common.o(i.lock_factory_handler) refers to app_flash.o(i.lock_flash_erease_all) for lock_flash_erease_all
    lock_common.o(i.lock_open_with_bt) refers to elog.o(i.elog_output) for elog_output
    lock_common.o(i.lock_open_with_bt) refers to lock_common.o(.data) for .data
    lock_common.o(i.lock_open_with_bt) refers to lock_common.o(.constdata) for .constdata
    lock_common.o(i.lock_open_with_nopwd_remote) refers to elog.o(i.elog_output) for elog_output
    lock_common.o(i.lock_open_with_nopwd_remote) refers to lock_common.o(.data) for .data
    lock_common.o(i.lock_open_with_nopwd_remote) refers to lock_common.o(.constdata) for .constdata
    lock_common.o(i.lock_remote_anti_lock) refers to elog.o(i.elog_output) for elog_output
    lock_common.o(i.lock_remote_anti_lock) refers to lock_common.o(.constdata) for .constdata
    lock_hard.o(i.lock_hard_uart_simulate) refers to elog.o(i.elog_output) for elog_output
    lock_hard.o(i.lock_hard_uart_simulate) refers to bk_common.o(i.bk_log_hexdump) for bk_log_hexdump
    lock_hard.o(i.lock_hard_uart_simulate) refers to app_flash.o(i.lock_get_hardid) for lock_get_hardid
    lock_hard.o(i.lock_hard_uart_simulate) refers to lock_dp_report.o(i.lock_alarm_record_report) for lock_alarm_record_report
    lock_hard.o(i.lock_hard_uart_simulate) refers to lock_common.o(i.lock_factory_handler) for lock_factory_handler
    lock_hard.o(i.lock_hard_uart_simulate) refers to lock_timer.o(i.lock_timer_start) for lock_timer_start
    lock_hard.o(i.lock_hard_uart_simulate) refers to lock_dp_report.o(i.lock_hard_creat_sub_report) for lock_hard_creat_sub_report
    lock_hard.o(i.lock_hard_uart_simulate) refers to app_flash.o(i.lock_hard_save_in_local_flash) for lock_hard_save_in_local_flash
    lock_hard.o(i.lock_hard_uart_simulate) refers to lock_dp_report.o(i.lock_open_record_report) for lock_open_record_report
    lock_hard.o(i.lock_hard_uart_simulate) refers to lock_dp_report.o(i.lock_open_record_combine_report) for lock_open_record_combine_report
    lock_hard.o(i.lock_hard_uart_simulate) refers to lock_dp_report.o(i.lock_state_sync_report) for lock_state_sync_report
    lock_hard.o(i.lock_hard_uart_simulate) refers to lock_dynamic_pwd.o(i.lock_dynamic_pwd_verify) for lock_dynamic_pwd_verify
    lock_hard.o(i.lock_hard_uart_simulate) refers to app_port.o(i.app_port_dp_data_report) for app_port_dp_data_report
    lock_hard.o(i.lock_hard_uart_simulate) refers to app_port.o(i.app_port_dp_data_with_time_report) for app_port_dp_data_with_time_report
    lock_hard.o(i.lock_hard_uart_simulate) refers to lock_hard.o(.constdata) for .constdata
    lock_hard.o(i.lock_hard_uart_simulate) refers to lock_common.o(.data) for g_open_with_bt_flag
    lock_dp_parser.o(i.lock_dp_parser_handler) refers to bk_common.o(i.bk_log_hexdump) for bk_log_hexdump
    lock_dp_parser.o(i.lock_dp_parser_handler) refers to lock_dp_parser.o(i.open_meth_creat_handler) for open_meth_creat_handler
    lock_dp_parser.o(i.lock_dp_parser_handler) refers to lock_dp_parser.o(i.open_meth_delete_handler) for open_meth_delete_handler
    lock_dp_parser.o(i.lock_dp_parser_handler) refers to lock_dp_parser.o(i.open_meth_modify_handler) for open_meth_modify_handler
    lock_dp_parser.o(i.lock_dp_parser_handler) refers to elog.o(i.elog_output) for elog_output
    lock_dp_parser.o(i.lock_dp_parser_handler) refers to lock_dp_parser.o(i.open_meth_freeze_or_unfreeze_handler) for open_meth_freeze_or_unfreeze_handler
    lock_dp_parser.o(i.lock_dp_parser_handler) refers to lock_dp_parser.o(i.user_freeze_or_unfreeze_handler) for user_freeze_or_unfreeze_handler
    lock_dp_parser.o(i.lock_dp_parser_handler) refers to lock_dp_parser.o(i.open_meth_sync_handler) for open_meth_sync_handler
    lock_dp_parser.o(i.lock_dp_parser_handler) refers to lock_dp_parser.o(i.open_meth_sync_new_handler) for open_meth_sync_new_handler
    lock_dp_parser.o(i.lock_dp_parser_handler) refers to lock_common.o(i.lock_open_with_bt) for lock_open_with_bt
[...]

Memory Map of the image

  Image Entry point : 0x0001e284

  Load Region SECTIONS (Base: 0x0001e200, Size: 0x00013f68, Max: 0xffffffff, ABSOLUTE)

    Execution Region ROM_SYS (Exec base: 0x0001e200, Load base: 0x0001e200, Size: 0x00000278, Max: 0xffffffff, ABSOLUTE)

    Exec Addr    Load Addr    Size         Type   Attr      Idx    E Section Name        Object

    0x0001e200   0x0001e200   0x0000005c   Code   RO         3598  * SYS_BOOT            boot_vectors.o
    0x0001e25c   0x0001e25c   0x000001f4   Code   RO         3594  * SYS_BOOT            boot_handlers.o
    0x0001e450   0x0001e450   0x00000008   Ven    RO         6774    Veneer$$Code        anon$$obj.o
    0x0001e458   0x0001e458   0x00000008   Ven    RO         6775    Veneer$$Code        anon$$obj.o
    0x0001e460   0x0001e460   0x00000008   Ven    RO         6776    Veneer$$Code        anon$$obj.o
    0x0001e468   0x0001e468   0x00000008   Ven    RO         6777    Veneer$$Code        anon$$obj.o
    0x0001e470   0x0001e470   0x00000008   Ven    RO         6778    Veneer$$Code        anon$$obj.o


    Execution Region FAST_CALL_SEG (Exec base: 0x0001e500, Load base: 0x0001e500, Size: 0x00000030, Max: 0xffffffff, ABSOLUTE, FIXED)

    Exec Addr    Load Addr    Size         Type   Attr      Idx    E Section Name        Object

    0x0001e500   0x0001e500   0x00000010   Code   RO         4244    sys_fiq_entry       intc.o
    0x0001e510   0x0001e510   0x00000010   PAD
    0x0001e520   0x0001e520   0x00000010   Code   RO         4245    sys_irq_entry       intc.o


    Execution Region ROM (Exec base: 0x0001e530, Load base: 0x0001e530, Size: 0x0001394c, Max: 0xffffffff, ABSOLUTE)

    Exec Addr    Load Addr    Size         Type   Attr      Idx    E Section Name        Object

    0x0001e530   0x0001e530   0x0000048c   Code   RO         6109    .text               bk3435_fcc_mode.lib(rf_test.o)
    0x0001e9bc   0x0001e9bc   0x000002fc   Code   RO         6113    .text               bk3435_pn9_mode.lib(rf_pn9_test.o)
    0x0001ecb8   0x0001ecb8   0x00000060   Code   RO         6359    .text               mc_5.l(uldiv.o)
    0x0001ed18   0x0001ed18   0x00000026   Code   RO         6363    .text               mc_5.l(memseta.o)
    0x0001ed3e   0x0001ed3e   0x00000028   Code   RO         6365    .text               mc_5.l(strstr.o)
    0x0001ed66   0x0001ed66   0x0000001a   Code   RO         6367    .text               mc_5.l(strncpy.o)
    0x0001ed80   0x0001ed80   0x0000000e   Code   RO         6369    .text               mc_5.l(strlen.o)
    0x0001ed8e   0x0001ed8e   0x0000001e   Code   RO         6373    .text               mc_5.l(strncmp.o)
    0x0001edac   0x0001edac   0x00000014   Code   RO         6636    .text               mc_5.l(uread4.o)
    0x0001edc0   0x0001edc0   0x00000012   Code   RO         6638    .text               mc_5.l(uwrite4.o)
    0x0001edd2   0x0001edd2   0x0000001a   Code   RO         6640    .text               mc_5.l(atoll.o)
    0x0001edec   0x0001edec   0x00000008   Ven    RO         6642    .text               mf_5.l(dmul.o)
    0x0001edf4   0x0001edf4   0x000000d0   Code   RO         6642    .text               mf_5.l(dmul.o)
    0x0001eec4   0x0001eec4   0x00000008   Ven    RO         6644    .text               mf_5.l(ddiv.o)
    0x0001eecc   0x0001eecc   0x000000f0   Code   RO         6644    .text               mf_5.l(ddiv.o)
    0x0001efbc   0x0001efbc   0x00000008   Ven    RO         6646    .text               mf_5.l(dscalb.o)
    0x0001efc4   0x0001efc4   0x0000002c   Code   RO         6646    .text               mf_5.l(dscalb.o)
    0x0001eff0   0x0001eff0   0x0000001c   Code   RO         6648    .text               mf_5.l(dfltui.o)
    0x0001f00c   0x0001f00c   0x00000048   Code   RO         6650    .text               mf_5.l(dfixi.o)
    0x0001f054   0x0001f054   0x0000003c   Code   RO         6652    .text               mf_5.l(dfixui.o)
    0x0001f090   0x0001f090   0x00000020   Code   RO         6684    .text               mc_5.l(llshl.o)
    0x0001f0b0   0x0001f0b0   0x00000022   Code   RO         6686    .text               mc_5.l(llushr.o)
    0x0001f0d2   0x0001f0d2   0x0000008a   Code   RO         6695    .text               mc_5.l(__strtoll.o)
    0x0001f15c   0x0001f15c   0x00000000   Code   RO         6697    .text               mc_5.l(iusefp.o)
    0x0001f15c   0x0001f15c   0x000000be   Code   RO         6702    .text               mf_5.l(depilogue.o)
    0x0001f21a   0x0001f21a   0x00000002   PAD
    0x0001f21c   0x0001f21c   0x00000008   Ven    RO         6704    .text               mf_5.l(dadd.o)
    0x0001f224   0x0001f224   0x00000164   Code   RO         6704    .text               mf_5.l(dadd.o)
    0x0001f388   0x0001f388   0x000000a2   Code   RO         6706    .text               mf_5.l(dsqrt.o)
    0x0001f42a   0x0001f42a   0x00000002   PAD
    0x0001f42c   0x0001f42c   0x00000008   Ven    RO         6712    .text               mf_5.l(dflti.o)
    0x0001f434   0x0001f434   0x00000028   Code   RO         6712    .text               mf_5.l(dflti.o)
    0x0001f45c   0x0001f45c   0x00000040   Code   RO         6716    .text               mf_5.l(dfixul.o)
    0x0001f49c   0x0001f49c   0x00000028   Code   RO         6726    .text               mf_5.l(cdrcmple.o)
    0x0001f4c4   0x0001f4c4   0x00000026   Code   RO         6729    .text               mc_5.l(llsshr.o)
    0x0001f4ea   0x0001f4ea   0x00000002   PAD
    0x0001f4ec   0x0001f4ec   0x00000008   Code   RO         6731    .text               mc_5.l(ctype_o.o)
    0x0001f4f4   0x0001f4f4   0x000000d8   Code   RO         6759    .text               mc_5.l(_strtoull.o)
    0x0001f5cc   0x0001f5cc   0x0000007e   Code   RO         6762    .text               mc_5.l(llmul.o)
    0x0001f64a   0x0001f64a   0x0000001e   Code   RO         6764    .text               mc_5.l(_chval.o)
    0x0001f668   0x0001f668   0x00000020   Code   RO         4624    i.Delay_ms          rf_xvr.o
    0x0001f688   0x0001f688   0x00000020   Code   RO         4239    i.FIQ_Exception     intc.o
    0x0001f6a8   0x0001f6a8   0x000000a2   Code   RO         1905    i.HMAC_SHA1         hmac-sha1.o
    0x0001f74a   0x0001f74a   0x00000002   PAD
    0x0001f74c   0x0001f74c   0x0000007c   Code   RO         4240    i.IRQ_Exception     intc.o
    0x0001f7c8   0x0001f7c8   0x00000018   Code   RO         4402    i.Read_Uart_Buf     uart.o
    0x0001f7e0   0x0001f7e0   0x0000002e   Code   RO         1917    i.SHA1              sha1.o
    0x0001f80e   0x0001f80e   0x0000006c   Code   RO         1918    i.SHA1Input         sha1.o
    0x0001f87a   0x0001f87a   0x00000080   Code   RO         1919    i.SHA1PadMessage    sha1.o
    0x0001f8fa   0x0001f8fa   0x00000002   PAD
    0x0001f8fc   0x0001f8fc   0x0000019c   Code   RO         1920    i.SHA1ProcessMessageBlock  sha1.o
    0x0001fa98   0x0001fa98   0x0000003c   Code   RO         1921    i.SHA1Reset         sha1.o
    0x0001fad4   0x0001fad4   0x0000005a   Code   RO         1922    i.SHA1Result        sha1.o
    0x0001fb2e   0x0001fb2e   0x00000002   PAD
    0x0001fb30   0x0001fb30   0x00000134   Code   RO         3410    i.Stack_Integrity_Check  arch_main.o
    0x0001fc64   0x0001fc64   0x00000058   Code   RO          638    i.TOTP              lock_dynamic_pwd.o
    0x0001fcbc   0x0001fcbc   0x00000034   Code   RO         6609    i.__0snprintf       mc_5.l(printfa.o)
    0x0001fcf0   0x0001fcf0   0x00000028   Code   RO         6610    i.__0sprintf        mc_5.l(printfa.o)
    0x0001fd18   0x0001fd18   0x0000002c   Code   RO         6613    i.__0vsnprintf      mc_5.l(printfa.o)
    0x0001fd44   0x0001fd44   0x00000024   Code   RO         6614    i.__0vsprintf       mc_5.l(printfa.o)
    0x0001fd68   0x0001fd68   0x00000030   Code   RO         6672    i.__ARM_fpclassify  m_5s.l(fpclassify.o)
    0x0001fd98   0x0001fd98   0x00000008   Code   RO         6688    i.__aeabi_errno_addr  mc_5.l(errno.o)
    0x0001fda0   0x0001fda0   0x000000f0   Code   RO         6678    i.__kernel_poly     m_5s.l(poly.o)
    0x0001fe90   0x0001fe90   0x00000018   Code   RO         6658    i.__mathlib_dbl_divzero  m_5s.l(dunder.o)
    0x0001fea8   0x0001fea8   0x00000004   Code   RO         6660    i.__mathlib_dbl_infnan2  m_5s.l(dunder.o)
    0x0001feac   0x0001feac   0x00000014   Code   RO         6661    i.__mathlib_dbl_invalid  m_5s.l(dunder.o)
    0x0001fec0   0x0001fec0   0x00000014   Code   RO         6662    i.__mathlib_dbl_overflow  m_5s.l(dunder.o)
    0x0001fed4   0x0001fed4   0x00000014   Code   RO         6664    i.__mathlib_dbl_underflow  m_5s.l(dunder.o)
    0x0001fee8   0x0001fee8   0x00000008   Ven    RO         6690    i.__set_errno       mc_5.l(errno.o)
    0x0001fef0   0x0001fef0   0x0000000c   Code   RO         6690    i.__set_errno       mc_5.l(errno.o)
    0x0001fefc   0x0001fefc   0x00000174   Code   RO         6615    i._fp_digits        mc_5.l(printfa.o)
    0x00020070   0x00020070   0x000006f4   Code   RO         6616    i._printf_core      mc_5.l(printfa.o)
    0x00020764   0x00020764   0x00000020   Code   RO         6617    i._printf_post_padding  mc_5.l(printfa.o)
    0x00020784   0x00020784   0x0000002c   Code   RO         6618    i._printf_pre_padding  mc_5.l(printfa.o)
    0x000207b0   0x000207b0   0x00000016   Code   RO         6619    i._snputc           mc_5.l(printfa.o)
    0x000207c6   0x000207c6   0x0000000a   Code   RO         6620    i._sputc            mc_5.l(printfa.o)
    0x000207d0   0x000207d0   0x00000044   Code   RO         2390    i.align_write       ef_env.o
    0x00020814   0x00020814   0x000000f0   Code   RO         2391    i.alloc_env         ef_env.o
    0x00020904   0x00020904   0x00000030   Code   RO         2392    i.alloc_env_cb      ef_env.o
    0x00020934   0x00020934   0x00000098   Code   RO          833    i.app_common_evt_process  app_common.o
    0x000209cc   0x000209cc   0x00000010   Code   RO          834    i.app_common_evt_send  app_common.o
    0x000209dc   0x000209dc   0x00000016   Code   RO          835    i.app_common_evt_send_only_evt  app_common.o
    0x000209f2   0x000209f2   0x0000002c   Code   RO          836    i.app_common_evt_send_with_data  app_common.o
    0x00020a1e   0x00020a1e   0x00000002   PAD
    0x00020a20   0x00020a20   0x0000008c   Code   RO          837    i.app_common_init   app_common.o
    0x00020aac   0x00020aac   0x0000017c   Code   RO          838    i.app_common_tuya_ble_sdk_callback  app_common.o
    0x00020c28   0x00020c28   0x00000030   Code   RO         5023    i.app_fff0_add_fff0s  app_fff0.o
    0x00020c58   0x00020c58   0x0000001c   Code   RO         5025    i.app_fff0_msg_dflt_handler  app_fff0.o
    0x00020c74   0x00020c74   0x00000034   Code   RO         5026    i.app_fff1_send_lvl  app_fff0.o
    0x00020ca8   0x00020ca8   0x0000025c   Code   RO         1058    i.app_ota_data_handler  app_ota.o
    0x00020f04   0x00020f04   0x00000014   Code   RO         1059    i.app_ota_disconn_handler  app_ota.o
    0x00020f18   0x00020f18   0x00000238   Code   RO         1060    i.app_ota_end_handler  app_ota.o
    0x00021150   0x00021150   0x00000018   Code   RO         1061    i.app_ota_exit      app_ota.o
    0x00021168   0x00021168   0x00000264   Code   RO         1062    i.app_ota_file_info_handler  app_ota.o
    0x000213cc   0x000213cc   0x000001c8   Code   RO         1063    i.app_ota_file_offset_handler  app_ota.o
    0x00021594   0x00021594   0x00000060   Code   RO         1064    i.app_ota_get_crc32_in_flash  app_ota.o
    0x000215f4   0x000215f4   0x000000ec   Code   RO         1066    i.app_ota_handler   app_ota.o
    0x000216e0   0x000216e0   0x00000004   Code   RO         1067    i.app_ota_init      app_ota.o
    0x000216e4   0x000216e4   0x00000180   Code   RO         1068    i.app_ota_req_handler  app_ota.o
    0x00021864   0x00021864   0x0000000c   Code   RO         1069    i.app_ota_rsp       app_ota.o
    0x00021870   0x00021870   0x00000008   Code   RO         1187    i.app_port_ble_callback_queue_register  app_port.o
    0x00021878   0x00021878   0x00000004   Code   RO         1188    i.app_port_ble_conn_evt_ext  app_port.o
    0x0002187c   0x0002187c   0x00000008   Code   RO         1189    i.app_port_ble_custom_event_send  app_port.o
    0x00021884   0x00021884   0x00000008   Code   RO         1190    i.app_port_ble_gap_disconnect  app_port.o
    0x0002188c   0x0002188c   0x00000008   Code   RO         1191    i.app_port_ble_sdk_init  app_port.o
    0x00021894   0x00021894   0x00000008   Code   RO         1192    i.app_port_check_sum  app_port.o
    0x0002189c   0x0002189c   0x0000000a   Code   RO         1194    i.app_port_conn_param_update  app_port.o
    0x000218a6   0x000218a6   0x00000008   Code   RO         1195    i.app_port_crc16_compute  app_port.o
    0x000218ae   0x000218ae   0x00000008   Code   RO         1196    i.app_port_crc32_compute  app_port.o
    0x000218b6   0x000218b6   0x00000002   PAD
    0x000218b8   0x000218b8   0x00000078   Code   RO         1197    i.app_port_device_reset  app_port.o
    0x00021930   0x00021930   0x0000004c   Code   RO         1198    i.app_port_dp_data_report  app_port.o
    0x0002197c   0x0002197c   0x000000ec   Code   RO         1199    i.app_port_dp_data_with_time_report  app_port.o
    0x00021a68   0x00021a68   0x00000008   Code   RO         1200    i.app_port_factory_test_process  app_port.o
    0x00021a70   0x00021a70   0x00000008   Code   RO         1201    i.app_port_free     app_port.o
    0x00021a78   0x00021a78   0x0000000e   Code   RO         1202    i.app_port_get_bt_mac_addr  app_port.o
    0x00021a86   0x00021a86   0x00000008   Code   RO         1203    i.app_port_get_connect_status  app_port.o
    0x00021a8e   0x00021a8e   0x00000008   Code   RO         1204    i.app_port_get_old_timestamp  app_port.o
    0x00021a96   0x00021a96   0x00000008   Code   RO         1205    i.app_port_get_timestamp  app_port.o
    0x00021a9e   0x00021a9e   0x00000008   Code   RO         1206    i.app_port_kv_del   app_port.o
    0x00021aa6   0x00021aa6   0x0000000a   Code   RO         1207    i.app_port_kv_get   app_port.o
    0x00021ab0   0x00021ab0   0x0000000c   Code   RO         1208    i.app_port_kv_init  app_port.o
    0x00021abc   0x00021abc   0x00000008   Code   RO         1209    i.app_port_kv_set   app_port.o
    0x00021ac4   0x00021ac4   0x0000000a   Code   RO         1210    i.app_port_local_clock_start  app_port.o
    0x00021ace   0x00021ace   0x0000000c   Code   RO         1211    i.app_port_malloc   app_port.o
    0x00021ada   0x00021ada   0x00000008   Code   RO         1212    i.app_port_nv_erase  app_port.o
    0x00021ae2   0x00021ae2   0x00000008   Code   RO         1213    i.app_port_nv_read  app_port.o
    0x00021aea   0x00021aea   0x00000008   Code   RO         1214    i.app_port_nv_write  app_port.o
    0x00021af2   0x00021af2   0x00000002   PAD
    0x00021af4   0x00021af4   0x000000a0   Code   RO         1215    i.app_port_ota_rsp  app_port.o
    0x00021b94   0x00021b94   0x00000008   Code   RO         1216    i.app_port_reverse_byte  app_port.o
    0x00021b9c   0x00021b9c   0x00000008   Code   RO         1217    i.app_port_set_bt_mac_addr  app_port.o
    0x00021ba4   0x00021ba4   0x00000008   Code   RO         1218    i.app_port_string_op_hex2hexstr  app_port.o
    0x00021bac   0x00021bac   0x00000008   Code   RO         1219    i.app_port_string_op_hexstr2hex  app_port.o
    0x00021bb4   0x00021bb4   0x00000008   Code   RO         1220    i.app_port_timer_create  app_port.o
    0x00021bbc   0x00021bbc   0x00000008   Code   RO         1222    i.app_port_timer_start  app_port.o
    0x00021bc4   0x00021bc4   0x00000008   Code   RO         1223    i.app_port_timer_stop  app_port.o
    0x00021bcc   0x00021bcc   0x00000008   Code   RO         1224    i.app_port_tuya_ble_device_factory_reset  app_port.o
    0x00021bd4   0x00021bd4   0x00000008   Code   RO         1225    i.app_port_uart_send_data  app_port.o
    0x00021bdc   0x00021bdc   0x0000000a   Code   RO         1226    i.app_port_update_timestamp  app_port.o
    0x00021be6   0x00021be6   0x0000000a   Code   RO         1132    i.app_test_init     app_test.o
    0x00021bf0   0x00021bf0   0x0000000a   Code   RO          528    i.app_test_outtime_cb  lock_timer.o
    0x00021bfa   0x00021bfa   0x00000002   PAD
    0x00021bfc   0x00021bfc   0x0000000c   Code   RO          529    i.app_test_outtime_cb_handler  lock_timer.o
    0x00021c08   0x00021c08   0x00000040   Code   RO         1133    i.app_test_pre_process  app_test.o
    0x00021c48   0x00021c48   0x000001d4   Code   RO         1134    i.app_test_process  app_test.o
    0x00021e1c   0x00021e1c   0x00000258   Code   RO         1135    i.app_test_query_info_handler  app_test.o
    0x00022074   0x00022074   0x0000000a   Code   RO          530    i.app_test_reset_outtime_cb  lock_timer.o
    0x0002207e   0x0002207e   0x00000008   Code   RO          531    i.app_test_reset_outtime_cb_handler  lock_timer.o
    0x00022086   0x00022086   0x00000002   PAD
    0x00022088   0x00022088   0x00000044   Code   RO         1136    i.app_test_rsp      app_test.o
    0x000220cc   0x000220cc   0x000000a0   Code   RO         1137    i.app_test_write_auth_info_handler  app_test.o
    0x0002216c   0x0002216c   0x00000028   Code   RO         4928    i.appm_add_svc      app.o
    0x00022194   0x00022194   0x0000002c   Code   RO         4929    i.appm_disconnect   app.o
    0x000221c0   0x000221c0   0x00000014   Code   RO         4930    i.appm_get_dev_name  app.o
    0x000221d4   0x000221d4   0x0000005c   Code   RO         4931    i.appm_init         app.o
    0x00022230   0x00022230   0x00000058   Code   RO         5084    i.appm_msg_handler  app_task.o
    0x00022288   0x00022288   0x000000fc   Code   RO         4932    i.appm_start_advertising  app.o
    0x00022384   0x00022384   0x00000058   Code   RO         4934    i.appm_update_adv_data  app.o
    0x000223dc   0x000223dc   0x00000084   Code   RO         4935    i.appm_update_param  app.o
    0x00022460   0x00022460   0x00000064   Code   RO         3411    i.assert_err        arch_main.o
    0x000224c4   0x000224c4   0x00000074   Code   RO         3412    i.assert_param      arch_main.o
    0x00022538   0x00022538   0x00000022   Code   RO         1461    i.auth_settings_crc_ok  tuya_ble_storage.o
    0x0002255a   0x0002255a   0x00000008   Code   RO         3027    i.bk_adv_start      bk_scan_adv.o
    0x00022562   0x00022562   0x00000002   PAD
    0x00022564   0x00022564   0x00000018   Code   RO         3029    i.bk_adv_update_advDataAndScanRsp  bk_scan_adv.o
    0x0002257c   0x0002257c   0x00000068   Code   RO         3101    i.bk_ble_notify     bk_svc.o
    0x000225e4   0x000225e4   0x00000054   Code   RO         3102    i.bk_ble_notify_handler  bk_svc.o
    0x00022638   0x00022638   0x00000032   Code   RO         3063    i.bk_conn_param_update  bk_ble.o
    0x0002266a   0x0002266a   0x00000008   Code   RO         3186    i.bk_delay_ms       bk_timer.o
    0x00022672   0x00022672   0x00000008   Code   RO         3064    i.bk_disconnect     bk_ble.o
    0x0002267a   0x0002267a   0x00000002   PAD
    0x0002267c   0x0002267c   0x00000018   Code   RO         2969    i.bk_enter_critical  bk_common.o
    0x00022694   0x00022694   0x00000020   Code   RO         2970    i.bk_exit_critical  bk_common.o
    0x000226b4   0x000226b4   0x00000010   Code   RO         3297    i.bk_flash_erase    bk_flash.o
    0x000226c4   0x000226c4   0x00000002   Code   RO         3298    i.bk_flash_init     bk_flash.o
    0x000226c6   0x000226c6   0x00000012   Code   RO         3299    i.bk_flash_read     bk_flash.o
    0x000226d8   0x000226d8   0x00000012   Code   RO         3300    i.bk_flash_write    bk_flash.o
    0x000226ea   0x000226ea   0x00000020   Code   RO         3065    i.bk_get_bt_mac_addr  bk_ble.o
    0x0002270a   0x0002270a   0x00000002   PAD
    0x0002270c   0x0002270c   0x00000014   Code   RO         3190    i.bk_get_old_timestamp  bk_timer.o
    0x00022720   0x00022720   0x00000010   Code   RO         3191    i.bk_get_timestamp  bk_timer.o
    0x00022730   0x00022730   0x00000068   Code   RO         3066    i.bk_init_bt_mac_addr  bk_ble.o
    0x00022798   0x00022798   0x00000030   Code   RO         3192    i.bk_local_timer_start  bk_timer.o
    0x000227c8   0x000227c8   0x00000008   Code   RO         2971    i.bk_log_hexdump    bk_common.o
    0x000227d0   0x000227d0   0x00000002   Code   RO         2972    i.bk_log_hexdump_empty  bk_common.o
    0x000227d2   0x000227d2   0x0000003c   Code   RO         2973    i.bk_log_init       bk_common.o
    0x0002280e   0x0002280e   0x00000002   PAD
    0x00022810   0x00022810   0x00000014   Code   RO         3193    i.bk_rtc_handler    bk_timer.o
    0x00022824   0x00022824   0x0000002c   Code   RO         3067    i.bk_set_bt_mac_addr  bk_ble.o
    0x00022850   0x00022850   0x00000008   Code   RO         3104    i.bk_svc_receive_data  bk_svc.o
    0x00022858   0x00022858   0x0000000c   Code   RO         3105    i.bk_svc_send_data  bk_svc.o
    0x00022864   0x00022864   0x00000020   Code   RO         3106    i.bk_svc_send_data_complete  bk_svc.o
    0x00022884   0x00022884   0x0000000a   Code   RO         2974    i.bk_system_reset   bk_common.o
    0x0002288e   0x0002288e   0x00000002   Code   RO         3394    i.bk_test           bk_test.o
    0x00022890   0x00022890   0x00000010   Code   RO         5085    i.bk_timer0_handler  app_task.o
    0x000228a0   0x000228a0   0x00000010   Code   RO         5086    i.bk_timer10_handler  app_task.o
    0x000228b0   0x000228b0   0x00000010   Code   RO         5087    i.bk_timer11_handler  app_task.o
    0x000228c0   0x000228c0   0x00000010   Code   RO         5088    i.bk_timer12_handler  app_task.o
    0x000228d0   0x000228d0   0x00000010   Code   RO         5089    i.bk_timer13_handler  app_task.o
    0x000228e0   0x000228e0   0x00000010   Code   RO         5090    i.bk_timer14_handler  app_task.o
    0x000228f0   0x000228f0   0x0000000e   Code   RO         5091    i.bk_timer15_handler  app_task.o
    0x000228fe   0x000228fe   0x00000002   PAD
    0x00022900   0x00022900   0x00000010   Code   RO         5092    i.bk_timer16_handler  app_task.o
    0x00022910   0x00022910   0x00000010   Code   RO         5093    i.bk_timer17_handler  app_task.o
    0x00022920   0x00022920   0x00000010   Code   RO         5094    i.bk_timer18_handler  app_task.o
    0x00022930   0x00022930   0x00000010   Code   RO         5095    i.bk_timer19_handler  app_task.o
    0x00022940   0x00022940   0x00000010   Code   RO         5096    i.bk_timer1_handler  app_task.o
    0x00022950   0x00022950   0x00000010   Code   RO         5097    i.bk_timer2_handler  app_task.o
    0x00022960   0x00022960   0x00000010   Code   RO         5098    i.bk_timer3_handler  app_task.o
    0x00022970   0x00022970   0x00000010   Code   RO         5099    i.bk_timer4_handler  app_task.o
    0x00022980   0x00022980   0x00000010   Code   RO         5100    i.bk_timer5_handler  app_task.o
    0x00022990   0x00022990   0x00000010   Code   RO         5101    i.bk_timer6_handler  app_task.o
    0x000229a0   0x000229a0   0x00000010   Code   RO         5102    i.bk_timer7_handler  app_task.o
    0x000229b0   0x000229b0   0x00000010   Code   RO         5103    i.bk_timer8_handler  app_task.o
    0x000229c0   0x000229c0   0x00000010   Code   RO         5104    i.bk_timer9_handler  app_task.o
    0x000229d0   0x000229d0   0x00000044   Code   RO         3194    i.bk_timer_create   bk_timer.o
    0x00022a14   0x00022a14   0x00000074   Code   RO         3196    i.bk_timer_handler  bk_timer.o
    0x00022a88   0x00022a88   0x00000034   Code   RO         3198    i.bk_timer_start    bk_timer.o
    0x00022abc   0x00022abc   0x00000040   Code   RO         3199    i.bk_timer_start_0  bk_timer.o
    0x00022afc   0x00022afc   0x0000000c   Code   RO         3200    i.bk_timer_stop     bk_timer.o
    0x00022b08   0x00022b08   0x00000030   Code   RO         3201    i.bk_timer_stop_0   bk_timer.o
    0x00022b38   0x00022b38   0x00000018   Code   RO         3146    i.bk_uart1_init     bk_uart.o
    0x00022b50   0x00022b50   0x00000008   Code   RO         3147    i.bk_uart1_send     bk_uart.o
    0x00022b58   0x00022b58   0x00000018   Code   RO         3148    i.bk_uart2_init     bk_uart.o
    0x00022b70   0x00022b70   0x00000010   Code   RO         3202    i.bk_update_timestamp  bk_timer.o
    0x00022b80   0x00022b80   0x00000098   Code   RO         5593    i.ble_data_unpack   tuya_ble_sdk_bk3431q.lib(tuya_ble_data_handler.o)
    0x00022c18   0x00022c18   0x0000000a   Code   RO          532    i.bonding_conn_outtime_cb  lock_timer.o
    0x00022c22   0x00022c22   0x0000000a   Code   RO          533    i.bonding_conn_outtime_cb_handler  lock_timer.o
    0x00022c2c   0x00022c2c   0x000000c8   Code   RO         2393    i.check_and_recovery_env_cb  ef_env.o
    0x00022cf4   0x00022cf4   0x00000020   Code   RO         2394    i.check_and_recovery_gc_cb  ef_env.o
    0x00022d14   0x00022d14   0x0000002c   Code   RO         2395    i.check_sec_hdr_cb  ef_env.o
    0x00022d40   0x00022d40   0x00000018   Code   RO         5964    i.check_sum         tuya_ble_sdk_bk3431q.lib(tuya_ble_utils.o)
    0x00022d58   0x00022d58   0x00000064   Code   RO         4060    i.clr_flash_qwfr    flash.o
    0x00022dbc   0x00022dbc   0x0000000a   Code   RO          534    i.conn_monitor_outtime_cb  lock_timer.o
    0x00022dc6   0x00022dc6   0x00000002   PAD
    0x00022dc8   0x00022dc8   0x000000a4   Code   RO          535    i.conn_monitor_outtime_cb_handler  lock_timer.o
    0x00022e6c   0x00022e6c   0x0000000a   Code   RO          536    i.conn_param_update_outtime_cb  lock_timer.o
    0x00022e76   0x00022e76   0x00000002   PAD
    0x00022e78   0x00022e78   0x00000014   Code   RO          537    i.conn_param_update_outtime_cb_handler  lock_timer.o
    0x00022e8c   0x00022e8c   0x0000001a   Code   RO         1752    i.cpt_check_sum     cpt_math.o
    0x00022ea6   0x00022ea6   0x00000002   PAD
    0x00022ea8   0x00022ea8   0x0000003c   Code   RO         1754    i.cpt_crc16_compute  cpt_math.o
    0x00022ee4   0x00022ee4   0x0000003c   Code   RO         1755    i.cpt_crc32_compute  cpt_math.o
    0x00022f20   0x00022f20   0x0000001e   Code   RO         1756    i.cpt_reverse_byte  cpt_math.o
    0x00022f3e   0x00022f3e   0x00000002   PAD
    0x00022f40   0x00022f40   0x00000268   Code   RO         2396    i.create_env_blob   ef_env.o
    0x000231a8   0x000231a8   0x000000d4   Code   RO         6222    i.data_2_klvlist    tuya_ble_sdk_bk3431q.lib(tuya_ble_mutli_tsf_protocol.o)
    0x0002327c   0x0002327c   0x000000f8   Code   RO         2397    i.del_env           ef_env.o
    0x00023374   0x00023374   0x0000000a   Code   RO          538    i.delay_report_outtime_cb  lock_timer.o
    0x0002337e   0x0002337e   0x00000008   Code   RO          539    i.delay_report_outtime_cb_handler  lock_timer.o
    0x00023386   0x00023386   0x00000002   PAD
    0x00023388   0x00023388   0x00000030   Code   RO          454    i.delay_report_outtime_handler  lock_dp_report.o
    0x000233b8   0x000233b8   0x00000118   Code   RO         2398    i.do_gc             ef_env.o
    0x000234d0   0x000234d0   0x00000090   Code   RO         2377    i.easyflash_init    easyflash.o
    0x00023560   0x00023560   0x00000024   Code   RO         2665    i.ef_calc_crc32     ef_utils.o
    0x00023584   0x00023584   0x00000058   Code   RO         2400    i.ef_del_env        ef_env.o
    0x000235dc   0x000235dc   0x00000118   Code   RO         2401    i.ef_env_init       ef_env.o
    0x000236f4   0x000236f4   0x00000134   Code   RO         2402    i.ef_env_set_default  ef_env.o
    0x00023828   0x00023828   0x00000078   Code   RO         2404    i.ef_get_env_blob   ef_env.o
    0x000238a0   0x000238a0   0x000000bc   Code   RO         2406    i.ef_load_env       ef_env.o
    0x0002395c   0x0002395c   0x0000007c   Code   RO         2679    i.ef_log_debug      ef_port.o
    0x000239d8   0x000239d8   0x00000002   Code   RO         2680    i.ef_log_info       ef_port.o
    0x000239da   0x000239da   0x00000002   Code   RO         2681    i.ef_port_env_lock  ef_port.o
    0x000239dc   0x000239dc   0x00000002   Code   RO         2682    i.ef_port_env_unlock  ef_port.o
    0x000239de   0x000239de   0x00000002   PAD
    0x000239e0   0x000239e0   0x000000a4   Code   RO         2683    i.ef_port_erase     ef_port.o
    0x00023a84   0x00023a84   0x00000014   Code   RO         2684    i.ef_port_init      ef_port.o
    0x00023a98   0x00023a98   0x00000008   Code   RO         2685    i.ef_port_read      ef_port.o
    0x00023aa0   0x00023aa0   0x00000094   Code   RO         2686    i.ef_port_write     ef_port.o
    0x00023b34   0x00023b34   0x00000054   Code   RO         2411    i.ef_set_env_blob   ef_env.o
    0x00023b88   0x00023b88   0x00000180   Code   RO         2753    i.elog_hexdump      elog.o
    0x00023d08   0x00023d08   0x00000028   Code   RO         2754    i.elog_init         elog.o
    0x00023d30   0x00023d30   0x00000350   Code   RO         2755    i.elog_output       elog.o
    0x00024080   0x00024080   0x0000001c   Code   RO         2756    i.elog_output_lock  elog.o
    0x0002409c   0x0002409c   0x0000002c   Code   RO         2757    i.elog_output_lock_enabled  elog.o
    0x000240c8   0x000240c8   0x0000001c   Code   RO         2758    i.elog_output_unlock  elog.o
    0x000240e4   0x000240e4   0x00000010   Code   RO         2918    i.elog_port_get_p_info  elog_port.o
    0x000240f4   0x000240f4   0x0000000c   Code   RO         2919    i.elog_port_get_t_info  elog_port.o
    0x00024100   0x00024100   0x00000010   Code   RO         2920    i.elog_port_get_time  elog_port.o
    0x00024110   0x00024110   0x00000004   Code   RO         2921    i.elog_port_init    elog_port.o
    0x00024114   0x00024114   0x00000014   Code   RO         2922    i.elog_port_output  elog_port.o
    0x00024128   0x00024128   0x00000008   Code   RO         2923    i.elog_port_output_lock  elog_port.o
    0x00024130   0x00024130   0x00000008   Code   RO         2924    i.elog_port_output_unlock  elog_port.o
    0x00024138   0x00024138   0x000000cc   Code   RO         2762    i.elog_set_filter_lvl  elog.o
    0x00024204   0x00024204   0x000000d8   Code   RO         2764    i.elog_set_fmt      elog.o
    0x000242dc   0x000242dc   0x000000a0   Code   RO         2766    i.elog_start        elog.o
    0x0002437c   0x0002437c   0x00000114   Code   RO         2895    i.elog_strcpy       elog_utils.o
    0x00024490   0x00024490   0x00000018   Code   RO         4197    i.emi_init          emi.o
    0x000244a8   0x000244a8   0x00000060   Code   RO         2412    i.env_iterator      ef_env.o
    0x00024508   0x00024508   0x00000094   Code   RO         1138    i.factory_test_process  app_test.o
    0x0002459c   0x0002459c   0x0000000e   Code   RO         4822    i.fff0s_cleanup     fff0s.o
    0x000245aa   0x000245aa   0x0000000e   Code   RO         4823    i.fff0s_create      fff0s.o
    0x000245b8   0x000245b8   0x0000001c   Code   RO         4824    i.fff0s_destroy     fff0s.o
    0x000245d4   0x000245d4   0x00000004   Code   RO         5027    i.fff0s_fff1_level_ntf_cfg_ind_handler  app_fff0.o
    0x000245d8   0x000245d8   0x00000038   Code   RO         4888    i.fff0s_fff1_level_upd_req_handler  fff0s_task.o
    0x00024610   0x00024610   0x00000032   Code   RO         4825    i.fff0s_get_att_handle  fff0s.o
    0x00024642   0x00024642   0x0000003e   Code   RO         4826    i.fff0s_get_att_idx  fff0s.o
    0x00024680   0x00024680   0x000000b0   Code   RO         4827    i.fff0s_init        fff0s.o
    0x00024730   0x00024730   0x00000040   Code   RO         4828    i.fff0s_notify_fff1_lvl  fff0s.o
    0x00024770   0x00024770   0x00000008   Code   RO         4829    i.fff0s_prf_itf_get  fff0s.o
    0x00024778   0x00024778   0x00000004   Code   RO         5028    i.fff1_level_upd_handler  app_fff0.o
    0x0002477c   0x0002477c   0x00000010   Code   RO         5029    i.fff2_writer_req_handler  app_fff0.o
    0x0002478c   0x0002478c   0x00000040   Code   RO         2413    i.find_env          ef_env.o
    0x000247cc   0x000247cc   0x0000003e   Code   RO         2414    i.find_env_cb       ef_env.o
    0x0002480a   0x0002480a   0x00000002   PAD
    0x0002480c   0x0002480c   0x00000020   Code   RO         2415    i.find_env_no_cache  ef_env.o
    0x0002482c   0x0002482c   0x00000078   Code   RO         2416    i.find_next_env_addr  ef_env.o
    0x000248a4   0x000248a4   0x0000007c   Code   RO         4061    i.flash_advance_init  flash.o
    0x00024920   0x00024920   0x000000b8   Code   RO         4062    i.flash_erase       flash.o
    0x000249d8   0x000249d8   0x0000003c   Code   RO         4063    i.flash_erase_sector  flash.o
    0x00024a14   0x00024a14   0x0000002c   Code   RO         4064    i.flash_init        flash.o
    0x00024a40   0x00024a40   0x0000002e   Code   RO         4065    i.flash_read        flash.o
    0x00024a6e   0x00024a6e   0x00000002   PAD
    0x00024a70   0x00024a70   0x0000008c   Code   RO         4066    i.flash_read_data   flash.o
    0x00024afc   0x00024afc   0x00000024   Code   RO         4067    i.flash_read_sr     flash.o
    0x00024b20   0x00024b20   0x00000024   Code   RO         4068    i.flash_set_dual_mode  flash.o
    0x00024b44   0x00024b44   0x00000060   Code   RO         4072    i.flash_wp_ALL      flash.o
    0x00024ba4   0x00024ba4   0x00000060   Code   RO         4073    i.flash_wp_NONE     flash.o
    0x00024c04   0x00024c04   0x0000007c   Code   RO         4074    i.flash_write       flash.o
    0x00024c80   0x00024c80   0x000000d8   Code   RO         4075    i.flash_write_data  flash.o
    0x00024d58   0x00024d58   0x000000d0   Code   RO         4076    i.flash_write_sr    flash.o
    0x00024e28   0x00024e28   0x000000f0   Code   RO         2417    i.format_sector     ef_env.o
    0x00024f18   0x00024f18   0x0000001c   Code   RO         6224    i.free_klv_list     tuya_ble_sdk_bk3431q.lib(tuya_ble_mutli_tsf_protocol.o)
    0x00024f34   0x00024f34   0x0000015c   Code   RO         5105    i.gapc_cmp_evt_handler  app_task.o
    0x00025090   0x00025090   0x00000090   Code   RO         5106    i.gapc_connection_req_ind_handler  app_task.o
    0x00025120   0x00025120   0x0000007c   Code   RO         5107    i.gapc_disconnect_ind_handler  app_task.o
    0x0002519c   0x0002519c   0x00000070   Code   RO         5108    i.gapc_get_dev_info_req_ind_handler  app_task.o
    0x0002520c   0x0002520c   0x000000f4   Code   RO         5109    i.gapc_le_pkt_size_ind_handler  app_task.o
    0x00025300   0x00025300   0x00000068   Code   RO         5110    i.gapc_param_update_req_ind_handler  app_task.o
    0x00025368   0x00025368   0x000000ac   Code   RO         5111    i.gapc_param_updated_ind_handler  app_task.o
    0x00025414   0x00025414   0x00000024   Code   RO         5112    i.gapc_set_dev_info_req_ind_handler  app_task.o
    0x00025438   0x00025438   0x00000194   Code   RO         5113    i.gapm_cmp_evt_handler  app_task.o
    0x000255cc   0x000255cc   0x00000020   Code   RO         5114    i.gapm_device_ready_ind_handler  app_task.o
    0x000255ec   0x000255ec   0x0000005c   Code   RO         5115    i.gapm_profile_added_ind_handler  app_task.o
    0x00025648   0x00025648   0x00000050   Code   RO         4889    i.gattc_att_info_req_ind_handler  fff0s_task.o
    0x00025698   0x00025698   0x00000022   Code   RO         4890    i.gattc_cmp_evt_handler  fff0s_task.o
    0x000256ba   0x000256ba   0x00000002   PAD
    0x000256bc   0x000256bc   0x00000078   Code   RO         5116    i.gattc_mtu_changed_ind_handler  app_task.o
    0x00025734   0x00025734   0x00000090   Code   RO         4891    i.gattc_read_req_ind_handler  fff0s_task.o
    0x000257c4   0x000257c4   0x000000d8   Code   RO         4892    i.gattc_write_req_ind_handler  fff0s_task.o
    0x0002589c   0x0002589c   0x00000010   Code   RO         2418    i.gc_check_cb       ef_env.o
    0x000258ac   0x000258ac   0x000000cc   Code   RO         2419    i.gc_collect        ef_env.o
    0x00025978   0x00025978   0x00000070   Code   RO         2420    i.get_env_from_cache  ef_env.o
    0x000259e8   0x000259e8   0x0000002c   Code   RO         4077    i.get_flash_ID      flash.o
    0x00025a14   0x00025a14   0x000000dc   Code   RO         2767    i.get_fmt_enabled   elog.o
    0x00025af0   0x00025af0   0x00000054   Code   RO         2421    i.get_next_env_addr  ef_env.o
    0x00025b44   0x00025b44   0x00000034   Code   RO         2422    i.get_next_sector_addr  ef_env.o
    0x00025b78   0x00025b78   0x0000002c   Code   RO         2423    i.get_sector_from_cache  ef_env.o
    0x00025ba4   0x00025ba4   0x0000001e   Code   RO         2424    i.get_status        ef_env.o
    0x00025bc2   0x00025bc2   0x00000002   PAD
    0x00025bc4   0x00025bc4   0x000000f8   Code   RO          645    i.get_timer_string  lock_dynamic_pwd.o
    0x00025cbc   0x00025cbc   0x00000004   Code   RO         6228    i.get_trsmitr_subpkg  tuya_ble_sdk_bk3431q.lib(tuya_ble_mutli_tsf_protocol.o)
    0x00025cc0   0x00025cc0   0x00000004   Code   RO         6229    i.get_trsmitr_subpkg_len  tuya_ble_sdk_bk3431q.lib(tuya_ble_mutli_tsf_protocol.o)
    0x00025cc4   0x00025cc4   0x00000034   Code   RO         3974    i.gpio_isr          gpio.o
    0x00025cf8   0x00025cf8   0x0000005c   Code   RO         3921    i.icu_init          icu.o
    0x00025d54   0x00025d54   0x00000128   Code   RO         4626    i.init_analog_xvr_reg  rf_xvr.o
    0x00025e7c   0x00025e7c   0x0000017c   Code   RO         4627    i.initial_xver_BK3435V2_openLoop  rf_xvr.o
    0x00025ff8   0x00025ff8   0x00000024   Code   RO         4241    i.intc_init         intc.o
    0x0002601c   0x0002601c   0x00000124   Code   RO         4628    i.kmod_calibration  rf_xvr.o
    0x00026140   0x00026140   0x00000034   Code   RO          455    i.lock_alarm_record_report  lock_dp_report.o
    0x00026174   0x00026174   0x0000004c   Code   RO            5    i.lock_common_init  lock_common.o
    0x000261c0   0x000261c0   0x000006dc   Code   RO          377    i.lock_dp_parser_handler  lock_dp_parser.o
    0x0002689c   0x0002689c   0x00000020   Code   RO          648    i.lock_dynamic_pwd_verify  lock_dynamic_pwd.o
    0x000268bc   0x000268bc   0x00000028   Code   RO          877    i.lock_evt_delete   app_flash.o
    0x000268e4   0x000268e4   0x00000024   Code   RO          878    i.lock_evt_delete_all  app_flash.o
    0x00026908   0x00026908   0x0000002c   Code   RO          879    i.lock_evt_load     app_flash.o
    0x00026934   0x00026934   0x00000074   Code   RO          880    i.lock_evt_save     app_flash.o
    0x000269a8   0x000269a8   0x0000001c   Code   RO          881    i.lock_evtid_load   app_flash.o
    0x000269c4   0x000269c4   0x0000001c   Code   RO          882    i.lock_evtid_save   app_flash.o
    0x000269e0   0x000269e0   0x00000010   Code   RO            6    i.lock_factory_handler  lock_common.o
    0x000269f0   0x000269f0   0x00000080   Code   RO          883    i.lock_flash_erease_all  app_flash.o
    0x00026a70   0x00026a70   0x0000005c   Code   RO          884    i.lock_flash_init   app_flash.o
    0x00026acc   0x00026acc   0x0000003c   Code   RO          885    i.lock_get_hardid   app_flash.o
    0x00026b08   0x00026b08   0x00000020   Code   RO          456    i.lock_hard_creat_sub_report  lock_dp_report.o
    0x00026b28   0x00026b28   0x00000024   Code   RO          457    i.lock_hard_creat_sub_report_with_delay  lock_dp_report.o
    0x00026b4c   0x00026b4c   0x00000048   Code   RO          887    i.lock_hard_delete  app_flash.o
    0x00026b94   0x00026b94   0x00000038   Code   RO          888    i.lock_hard_delete_all  app_flash.o
    0x00026bcc   0x00026bcc   0x00000070   Code   RO          889    i.lock_hard_delete_all_by_memberid  app_flash.o
    0x00026c3c   0x00026c3c   0x00000002   Code   RO          306    i.lock_hard_doorcard_cancel_reg  lock_hard.o
    0x00026c3e   0x00026c3e   0x00000004   Code   RO          307    i.lock_hard_doorcard_delete  lock_hard.o
    0x00026c42   0x00026c42   0x00000002   Code   RO          308    i.lock_hard_doorcard_start_reg  lock_hard.o
    0x00026c44   0x00026c44   0x00000002   Code   RO          309    i.lock_hard_face_cancel_reg  lock_hard.o
    0x00026c46   0x00026c46   0x00000004   Code   RO          310    i.lock_hard_face_delete  lock_hard.o
    0x00026c4a   0x00026c4a   0x00000002   Code   RO          311    i.lock_hard_face_start_reg  lock_hard.o
    0x00026c4c   0x00026c4c   0x00000002   Code   RO          312    i.lock_hard_finger_cancel_reg  lock_hard.o
    0x00026c4e   0x00026c4e   0x00000004   Code   RO          313    i.lock_hard_finger_delete  lock_hard.o
    0x00026c52   0x00026c52   0x00000002   Code   RO          314    i.lock_hard_finger_start_reg  lock_hard.o
    0x00026c54   0x00026c54   0x0000001e   Code   RO          890    i.lock_hard_freezeorunfreeze  app_flash.o
    0x00026c72   0x00026c72   0x00000002   PAD
    0x00026c74   0x00026c74   0x0000004c   Code   RO          891    i.lock_hard_freezeorunfreeze_all_by_memberid  app_flash.o
    0x00026cc0   0x00026cc0   0x00000038   Code   RO          892    i.lock_hard_load    app_flash.o
    0x00026cf8   0x00026cf8   0x00000054   Code   RO          894    i.lock_hard_modify_all_by_memberid  app_flash.o
    0x00026d4c   0x00026d4c   0x00000094   Code   RO          895    i.lock_hard_modify_in_local_flash  app_flash.o
    0x00026de0   0x00026de0   0x00000050   Code   RO          896    i.lock_hard_save    app_flash.o
    0x00026e30   0x00026e30   0x000000a4   Code   RO          897    i.lock_hard_save_in_local_flash  app_flash.o
    0x00026ed4   0x00026ed4   0x00000440   Code   RO          315    i.lock_hard_uart_simulate  lock_hard.o
    0x00027314   0x00027314   0x0000006c   Code   RO          899    i.lock_hardid_load_by_memberid  app_flash.o
    0x00027380   0x00027380   0x0000000c   Code   RO          900    i.lock_last_evtid   app_flash.o
    0x0002738c   0x0002738c   0x00000084   Code   RO          458    i.lock_offline_evt_report  lock_dp_report.o
    0x00027410   0x00027410   0x00000160   Code   RO          459    i.lock_open_meth_sync_new_report  lock_dp_report.o
    0x00027570   0x00027570   0x00000058   Code   RO          460    i.lock_open_record_combine_report  lock_dp_report.o
    0x000275c8   0x000275c8   0x00000058   Code   RO          461    i.lock_open_record_report  lock_dp_report.o
    0x00027620   0x00027620   0x0000001c   Code   RO          462    i.lock_open_record_report_with_delay  lock_dp_report.o
    0x0002763c   0x0002763c   0x00000088   Code   RO            7    i.lock_open_with_bt  lock_common.o
    0x000276c4   0x000276c4   0x00000090   Code   RO            8    i.lock_open_with_nopwd_remote  lock_common.o
    0x00027754   0x00027754   0x0000009c   Code   RO            9    i.lock_remote_anti_lock  lock_common.o
    0x000277f0   0x000277f0   0x00000044   Code   RO          902    i.lock_settings_default  app_flash.o
    0x00027834   0x00027834   0x00000028   Code   RO          903    i.lock_settings_delete_and_default  app_flash.o
    0x0002785c   0x0002785c   0x0000002c   Code   RO          904    i.lock_settings_load  app_flash.o
    0x00027888   0x00027888   0x0000002c   Code   RO          905    i.lock_settings_save  app_flash.o
    0x000278b4   0x000278b4   0x00000084   Code   RO          463    i.lock_state_sync_report  lock_dp_report.o
    0x00027938   0x00027938   0x00000088   Code   RO          807    i.lock_test_mode_exit  lock_test.o
    0x000279c0   0x000279c0   0x00000348   Code   RO          808    i.lock_test_process  lock_test.o
    0x00027d08   0x00027d08   0x00000050   Code   RO          809    i.lock_test_rsp     lock_test.o
    0x00027d58   0x00027d58   0x0000009c   Code   RO          540    i.lock_timer_creat  lock_timer.o
    0x00027df4   0x00027df4   0x0000001c   Code   RO          542    i.lock_timer_start  lock_timer.o
    0x00027e10   0x00027e10   0x0000001c   Code   RO          543    i.lock_timer_stop   lock_timer.o
    0x00027e2c   0x00027e2c   0x00000090   Code   RO         1960    i.mbedtls_aes_crypt_cbc  aes.o
    0x00027ebc   0x00027ebc   0x0000001c   Code   RO         1963    i.mbedtls_aes_crypt_ecb  aes.o
    0x00027ed8   0x00027ed8   0x00000010   Code   RO         1966    i.mbedtls_aes_free  aes.o
    0x00027ee8   0x00027ee8   0x0000000c   Code   RO         1967    i.mbedtls_aes_init  aes.o
    0x00027ef4   0x00027ef4   0x000000d0   Code   RO         1968    i.mbedtls_aes_setkey_dec  aes.o
    0x00027fc4   0x00027fc4   0x0000019c   Code   RO         1969    i.mbedtls_aes_setkey_enc  aes.o
    0x00028160   0x00028160   0x00000408   Code   RO         1970    i.mbedtls_internal_aes_decrypt  aes.o
    0x00028568   0x00028568   0x0000040c   Code   RO         1971    i.mbedtls_internal_aes_encrypt  aes.o
    0x00028974   0x00028974   0x00000848   Code   RO         2056    i.mbedtls_internal_md5_process  md5.o
    0x000291bc   0x000291bc   0x00000008   Code   RO         2059    i.mbedtls_md5_finish  md5.o
    0x000291c4   0x000291c4   0x000000de   Code   RO         2060    i.mbedtls_md5_finish_ret  md5.o
    0x000292a2   0x000292a2   0x0000000e   Code   RO         2061    i.mbedtls_md5_free  md5.o
    0x000292b0   0x000292b0   0x0000000a   Code   RO         2062    i.mbedtls_md5_init  md5.o
    0x000292ba   0x000292ba   0x00000008   Code   RO         2065    i.mbedtls_md5_starts  md5.o
    0x000292c2   0x000292c2   0x00000002   PAD
    0x000292c4   0x000292c4   0x00000028   Code   RO         2066    i.mbedtls_md5_starts_ret  md5.o
    0x000292ec   0x000292ec   0x00000008   Code   RO         2067    i.mbedtls_md5_update  md5.o
    0x000292f4   0x000292f4   0x0000007c   Code   RO         2068    i.mbedtls_md5_update_ret  md5.o
    0x00029370   0x00029370   0x00000010   Code   RO         2156    i.mbedtls_platform_zeroize  platform_util.o
    0x00029380   0x00029380   0x00000180   Code   RO         2425    i.move_env          ef_env.o
    0x00029500   0x00029500   0x00000080   Code   RO         2426    i.new_env           ef_env.o
    0x00029580   0x00029580   0x0000031c   Code   RO          378    i.open_meth_creat_handler  lock_dp_parser.o
    0x0002989c   0x0002989c   0x0000019c   Code   RO          379    i.open_meth_delete_handler  lock_dp_parser.o
    0x00029a38   0x00029a38   0x00000020   Code   RO          380    i.open_meth_freeze_or_unfreeze_handler  lock_dp_parser.o
    0x00029a58   0x00029a58   0x00000164   Code   RO          381    i.open_meth_modify_handler  lock_dp_parser.o
    0x00029bbc   0x00029bbc   0x00000170   Code   RO          382    i.open_meth_sync_handler  lock_dp_parser.o
    0x00029d2c   0x00029d2c   0x0000007c   Code   RO          383    i.open_meth_sync_new_handler  lock_dp_parser.o
    0x00029da8   0x00029da8   0x000001c0   Code   RO          384    i.open_with_nopwd_remote_handler  lock_dp_parser.o
    0x00029f68   0x00029f68   0x0000006c   Code   RO         3415    i.platform_reset    arch_main.o
    0x00029fd4   0x00029fd4   0x00000eb4   Code   RO         6324    i.pow               m_5s.l(pow.o)
    0x0002ae88   0x0002ae88   0x00000088   Code   RO         4720    i.prf_add_profile   prf.o
    0x0002af10   0x0002af10   0x00000034   Code   RO         4721    i.prf_cleanup       prf.o
    0x0002af44   0x0002af44   0x00000030   Code   RO         4722    i.prf_create        prf.o
    0x0002af74   0x0002af74   0x00000010   Code   RO         4723    i.prf_dst_task_get  prf.o
    0x0002af84   0x0002af84   0x00000030   Code   RO         4724    i.prf_env_get       prf.o
    0x0002afb4   0x0002afb4   0x00000038   Code   RO         4725    i.prf_get_id_from_task  prf.o
    0x0002afec   0x0002afec   0x00000038   Code   RO         4726    i.prf_get_task_from_id  prf.o
    0x0002b024   0x0002b024   0x00000074   Code   RO         4727    i.prf_init          prf.o
    0x0002b098   0x0002b098   0x00000014   Code   RO         4728    i.prf_itf_get       prf.o
    0x0002b0ac   0x0002b0ac   0x00000010   Code   RO         4729    i.prf_src_task_get  prf.o
    0x0002b0bc   0x0002b0bc   0x00000044   Code   RO         5727    i.prvHeapInit       tuya_ble_sdk_bk3431q.lib(tuya_ble_heap.o)
    0x0002b100   0x0002b100   0x0000004c   Code   RO         5728    i.prvInsertBlockIntoFreeList  tuya_ble_sdk_bk3431q.lib(tuya_ble_heap.o)
    0x0002b14c   0x0002b14c   0x00000098   Code   RO         5729    i.pvTuyaPortMalloc  tuya_ble_sdk_bk3431q.lib(tuya_ble_heap.o)
    0x0002b1e4   0x0002b1e4   0x00000018   Code   RO         4299    i.pwm_enable        pwm.o
    0x0002b1fc   0x0002b1fc   0x000000dc   Code   RO         4300    i.pwm_init          pwm.o
    0x0002b2d8   0x0002b2d8   0x0000003c   Code   RO         4304    i.pwm_isr           pwm.o
    0x0002b314   0x0002b314   0x000001a4   Code   RO         2428    i.read_env          ef_env.o
    0x0002b4b8   0x0002b4b8   0x0000022c   Code   RO         2429    i.read_sector_meta_data  ef_env.o
    0x0002b6e4   0x0002b6e4   0x000000a4   Code   RO         2430    i.read_status       ef_env.o
    0x0002b788   0x0002b788   0x0000000a   Code   RO          544    i.reset_with_disconn_outtime_cb  lock_timer.o
    0x0002b792   0x0002b792   0x0000000c   Code   RO          545    i.reset_with_disconn_outtime_cb_handler  lock_timer.o
    0x0002b79e   0x0002b79e   0x00000002   PAD
    0x0002b7a0   0x0002b7a0   0x00000014   Code   RO         4629    i.rf_force_agc_enable  rf_xvr.o
    0x0002b7b4   0x0002b7b4   0x00000048   Code   RO         4630    i.rf_init           rf_xvr.o
    0x0002b7fc   0x0002b7fc   0x00000002   Code   RO         4631    i.rf_reset          rf_xvr.o
    0x0002b7fe   0x0002b7fe   0x00000004   Code   RO         4632    i.rf_rpl_reg_rd     rf_xvr.o
    0x0002b802   0x0002b802   0x00000004   Code   RO         4633    i.rf_rpl_reg_wr     rf_xvr.o
    0x0002b806   0x0002b806   0x0000000a   Code   RO         4634    i.rf_rssi_convert   rf_xvr.o
    0x0002b810   0x0002b810   0x0000000e   Code   RO         4635    i.rf_sleep          rf_xvr.o
    0x0002b81e   0x0002b81e   0x00000004   Code   RO         4636    i.rf_txpwr_dbm_get  rf_xvr.o
    0x0002b822   0x0002b822   0x00000002   PAD
    0x0002b824   0x0002b824   0x0000007c   Code   RO         3417    i.rom_env_init      arch_main.o
    0x0002b8a0   0x0002b8a0   0x0000003c   Code   RO         3418    i.rw_app_enter      arch_main.o
    0x0002b8dc   0x0002b8dc   0x00000008   Ven    RO         3420    i.rw_main           arch_main.o
    0x0002b8e4   0x0002b8e4   0x0000018c   Code   RO         3420    i.rw_main           arch_main.o
    0x0002ba70   0x0002ba70   0x0000001c   Code   RO         3743    i.rwble_hl_init     rwble_hl.o
    0x0002ba8c   0x0002ba8c   0x0000001c   Code   RO         3744    i.rwble_hl_reset    rwble_hl.o
    0x0002baa8   0x0002baa8   0x0000001c   Code   RO         3602    i.rwble_init        rwble.o
    0x0002bac4   0x0002bac4   0x0000008a   Code   RO         3603    i.rwble_isr         rwble.o
    0x0002bb4e   0x0002bb4e   0x00000056   Code   RO         3604    i.rwble_reset       rwble.o
    0x0002bba4   0x0002bba4   0x00000028   Code   RO         3421    i.rwip_eif_api_init  arch_main.o
    0x0002bbcc   0x0002bbcc   0x00000014   Code   RO         3422    i.rwip_eif_get      arch_main.o
    0x0002bbe0   0x0002bbe0   0x00000088   Code   RO         3779    i.rwip_init         rwip.o
    0x0002bc68   0x0002bc68   0x0000003c   Code   RO         3782    i.rwip_reset        rwip.o
    0x0002bca4   0x0002bca4   0x00000008   Code   RO         3783    i.rwip_schedule     rwip.o
    0x0002bcac   0x0002bcac   0x00000056   Code   RO         2431    i.sector_iterator   ef_env.o
    0x0002bd02   0x0002bd02   0x00000024   Code   RO         2432    i.sector_statistics_cb  ef_env.o
    0x0002bd26   0x0002bd26   0x00000002   PAD
    0x0002bd28   0x0002bd28   0x00000098   Code   RO         2433    i.set_env           ef_env.o
    0x0002bdc0   0x0002bdc0   0x00000030   Code   RO         4078    i.set_flash_clk     flash.o
    0x0002bdf0   0x0002bdf0   0x00000028   Code   RO         2434    i.set_status        ef_env.o
    0x0002be18   0x0002be18   0x00000064   Code   RO         6338    i.sqrt              m_5s.l(sqrt.o)
    0x0002be7c   0x0002be7c   0x00000068   Code   RO         3923    i.switch_clk        icu.o
    0x0002bee4   0x0002bee4   0x0000000c   Code   RO         3423    i.sys_mode_init     arch_main.o
    0x0002bef0   0x0002bef0   0x00000022   Code   RO         1462    i.sys_settings_crc_ok  tuya_ble_storage.o
    0x0002bf12   0x0002bf12   0x00000002   PAD
    0x0002bf14   0x0002bf14   0x0000001c   Code   RO         3924    i.system_sleep_init  icu.o
    0x0002bf30   0x0002bf30   0x000000f4   Code   RO          385    i.temp_pw_creat_handler  lock_dp_parser.o
    0x0002c024   0x0002c024   0x000000e4   Code   RO          386    i.temp_pw_delete_handler  lock_dp_parser.o
    0x0002c108   0x0002c108   0x000000e4   Code   RO          387    i.temp_pw_modify_handler  lock_dp_parser.o
    0x0002c1ec   0x0002c1ec   0x00000002   Code   RO         4359    i.timer_init        timer.o
    0x0002c1ee   0x0002c1ee   0x0000000a   Code   RO         6232    i.trsmitr_init      tuya_ble_sdk_bk3431q.lib(tuya_ble_mutli_tsf_protocol.o)
    0x0002c1f8   0x0002c1f8   0x0000010c   Code   RO         6233    i.trsmitr_recv_pkg_decode  tuya_ble_sdk_bk3431q.lib(tuya_ble_mutli_tsf_protocol.o)
    0x0002c304   0x0002c304   0x000000fc   Code   RO         6234    i.trsmitr_send_pkg_encode  tuya_ble_sdk_bk3431q.lib(tuya_ble_mutli_tsf_protocol.o)
    0x0002c400   0x0002c400   0x00000044   Code   RO         6128    i.tuya_ble_Add_Pkcs  tuya_ble_sdk_bk3431q.lib(tuya_ble_cryption_api.o)
    0x0002c444   0x0002c444   0x000000f8   Code   RO         5783    i.tuya_ble_adv_change  tuya_ble_sdk_bk3431q.lib(tuya_ble_main.o)
    0x0002c53c   0x0002c53c   0x00000042   Code   RO         1537    i.tuya_ble_aes128_cbc_decrypt  tuya_ble_port_bk3431q.o
    0x0002c57e   0x0002c57e   0x00000042   Code   RO         1538    i.tuya_ble_aes128_cbc_encrypt  tuya_ble_port_bk3431q.o
    0x0002c5c0   0x0002c5c0   0x0000004c   Code   RO         1540    i.tuya_ble_aes128_ecb_encrypt  tuya_ble_port_bk3431q.o
    0x0002c60c   0x0002c60c   0x00000008   Code   RO         1541    i.tuya_ble_app_production_test_process  tuya_ble_port_bk3431q.o
    0x0002c614   0x0002c614   0x00000030   Code   RO         5276    i.tuya_ble_callback_queue_register  tuya_ble_sdk_bk3431q.lib(tuya_ble_api.o)
    0x0002c644   0x0002c644   0x0000002c   Code   RO         5784    i.tuya_ble_cb_event_send  tuya_ble_sdk_bk3431q.lib(tuya_ble_main.o)
    0x0002c670   0x0002c670   0x000001c8   Code   RO         5594    i.tuya_ble_commData_send  tuya_ble_sdk_bk3431q.lib(tuya_ble_data_handler.o)
    0x0002c838   0x0002c838   0x0000015c   Code   RO         5595    i.tuya_ble_commonData_rx_proc  tuya_ble_sdk_bk3431q.lib(tuya_ble_data_handler.o)
    0x0002c994   0x0002c994   0x00000002   Code   RO         5277    i.tuya_ble_connect_monitor_timer_start  tuya_ble_sdk_bk3431q.lib(tuya_ble_api.o)
    0x0002c996   0x0002c996   0x00000002   Code   RO         5278    i.tuya_ble_connect_monitor_timer_stop  tuya_ble_sdk_bk3431q.lib(tuya_ble_api.o)
    0x0002c998   0x0002c998   0x0000000c   Code   RO         5785    i.tuya_ble_connect_status_get  tuya_ble_sdk_bk3431q.lib(tuya_ble_main.o)
    0x0002c9a4   0x0002c9a4   0x00000018   Code   RO         5786    i.tuya_ble_connect_status_set  tuya_ble_sdk_bk3431q.lib(tuya_ble_main.o)
    0x0002c9bc   0x0002c9bc   0x00000016   Code   RO         5279    i.tuya_ble_connected_handler  tuya_ble_sdk_bk3431q.lib(tuya_ble_api.o)
    0x0002c9d2   0x0002c9d2   0x00000002   PAD
    0x0002c9d4   0x0002c9d4   0x0000003c   Code   RO         5969    i.tuya_ble_crc16_compute  tuya_ble_sdk_bk3431q.lib(tuya_ble_utils.o)
    0x0002ca10   0x0002ca10   0x0000003c   Code   RO         5970    i.tuya_ble_crc32_compute  tuya_ble_sdk_bk3431q.lib(tuya_ble_utils.o)
    0x0002ca4c   0x0002ca4c   0x00000038   Code   RO         5787    i.tuya_ble_custom_event_send  tuya_ble_sdk_bk3431q.lib(tuya_ble_main.o)
    0x0002ca84   0x0002ca84   0x0000009c   Code   RO         6129    i.tuya_ble_decryption  tuya_ble_sdk_bk3431q.lib(tuya_ble_cryption_api.o)
    0x0002cb20   0x0002cb20   0x00000008   Code   RO         1542    i.tuya_ble_device_delay_ms  tuya_ble_port_bk3431q.o
    0x0002cb28   0x0002cb28   0x00000008   Code   RO         1544    i.tuya_ble_device_enter_critical  tuya_ble_port_bk3431q.o
    0x0002cb30   0x0002cb30   0x00000008   Code   RO         1545    i.tuya_ble_device_exit_critical  tuya_ble_port_bk3431q.o
    0x0002cb38   0x0002cb38   0x0000001a   Code   RO         5281    i.tuya_ble_device_factory_reset  tuya_ble_sdk_bk3431q.lib(tuya_ble_api.o)
    0x0002cb52   0x0002cb52   0x00000002   PAD
    0x0002cb54   0x0002cb54   0x0000007c   Code   RO         6130    i.tuya_ble_device_id_encrypt  tuya_ble_sdk_bk3431q.lib(tuya_ble_cryption_api.o)
    0x0002cbd0   0x0002cbd0   0x0000000a   Code   RO         1546    i.tuya_ble_device_reset  tuya_ble_port_bk3431q.o
    0x0002cbda   0x0002cbda   0x00000002   PAD
    0x0002cbdc   0x0002cbdc   0x0000002c   Code   RO         5596    i.tuya_ble_device_unbond  tuya_ble_sdk_bk3431q.lib(tuya_ble_data_handler.o)
    0x0002cc08   0x0002cc08   0x00000016   Code   RO         5285    i.tuya_ble_disconnected_handler  tuya_ble_sdk_bk3431q.lib(tuya_ble_api.o)
    0x0002cc1e   0x0002cc1e   0x00000076   Code   RO         5286    i.tuya_ble_dp_data_report  tuya_ble_sdk_bk3431q.lib(tuya_ble_api.o)
    0x0002cc94   0x0002cc94   0x00000078   Code   RO         5287    i.tuya_ble_dp_data_with_time_report  tuya_ble_sdk_bk3431q.lib(tuya_ble_api.o)
    0x0002cd0c   0x0002cd0c   0x00000042   Code   RO         6131    i.tuya_ble_encrypt_old_with_key  tuya_ble_sdk_bk3431q.lib(tuya_ble_cryption_api.o)
    0x0002cd4e   0x0002cd4e   0x00000068   Code   RO         6132    i.tuya_ble_encryption  tuya_ble_sdk_bk3431q.lib(tuya_ble_cryption_api.o)
    0x0002cdb6   0x0002cdb6   0x00000002   PAD
    0x0002cdb8   0x0002cdb8   0x00000020   Code   RO         5788    i.tuya_ble_event_init  tuya_ble_sdk_bk3431q.lib(tuya_ble_main.o)
    0x0002cdd8   0x0002cdd8   0x000000fc   Code   RO         5789    i.tuya_ble_event_process  tuya_ble_sdk_bk3431q.lib(tuya_ble_main.o)
    0x0002ced4   0x0002ced4   0x00000014   Code   RO         6177    i.tuya_ble_event_queue_init  tuya_ble_sdk_bk3431q.lib(tuya_ble_event.o)
    0x0002cee8   0x0002cee8   0x00000020   Code   RO         5790    i.tuya_ble_event_send  tuya_ble_sdk_bk3431q.lib(tuya_ble_main.o)
    0x0002cf08   0x0002cf08   0x00000170   Code   RO         5597    i.tuya_ble_evt_process  tuya_ble_sdk_bk3431q.lib(tuya_ble_data_handler.o)
    0x0002d078   0x0002d078   0x0000000e   Code   RO         5891    i.tuya_ble_free     tuya_ble_sdk_bk3431q.lib(tuya_ble_mem.o)
    0x0002d086   0x0002d086   0x00000002   PAD
    0x0002d088   0x0002d088   0x00000020   Code   RO         1548    i.tuya_ble_gap_advertising_adv_data_update  tuya_ble_port_bk3431q.o
    0x0002d0a8   0x0002d0a8   0x00000020   Code   RO         1549    i.tuya_ble_gap_advertising_scan_rsp_data_update  tuya_ble_port_bk3431q.o
    0x0002d0c8   0x0002d0c8   0x0000000a   Code   RO         1550    i.tuya_ble_gap_disconnect  tuya_ble_port_bk3431q.o
    0x0002d0d2   0x0002d0d2   0x0000002e   Code   RO         5288    i.tuya_ble_gatt_receive_data  tuya_ble_sdk_bk3431q.lib(tuya_ble_api.o)
    0x0002d100   0x0002d100   0x00000010   Code   RO         1551    i.tuya_ble_gatt_send_data  tuya_ble_port_bk3431q.o
    0x0002d110   0x0002d110   0x0000009c   Code   RO         5598    i.tuya_ble_handle_ble_factory_test_req  tuya_ble_sdk_bk3431q.lib(tuya_ble_data_handler.o)
    0x0002d1ac   0x0002d1ac   0x00000060   Code   RO         5791    i.tuya_ble_handle_connect_change_evt  tuya_ble_sdk_bk3431q.lib(tuya_ble_main.o)
    0x0002d20c   0x0002d20c   0x000000c8   Code   RO         5599    i.tuya_ble_handle_dev_infor_req  tuya_ble_sdk_bk3431q.lib(tuya_ble_data_handler.o)
    0x0002d2d4   0x0002d2d4   0x00000034   Code   RO         5792    i.tuya_ble_handle_device_info_update_evt  tuya_ble_sdk_bk3431q.lib(tuya_ble_main.o)
    0x0002d308   0x0002d308   0x00000068   Code   RO         5600    i.tuya_ble_handle_device_reset_req  tuya_ble_sdk_bk3431q.lib(tuya_ble_data_handler.o)
    0x0002d370   0x0002d370   0x0000006c   Code   RO         5793    i.tuya_ble_handle_dp_data_with_time_reported_evt  tuya_ble_sdk_bk3431q.lib(tuya_ble_main.o)
    0x0002d3dc   0x0002d3dc   0x00000072   Code   RO         5601    i.tuya_ble_handle_dp_query_req  tuya_ble_sdk_bk3431q.lib(tuya_ble_data_handler.o)
    0x0002d44e   0x0002d44e   0x00000002   PAD
    0x0002d450   0x0002d450   0x000000c4   Code   RO         5602    i.tuya_ble_handle_dp_write_req  tuya_ble_sdk_bk3431q.lib(tuya_ble_data_handler.o)
    0x0002d514   0x0002d514   0x00000082   Code   RO         5603    i.tuya_ble_handle_net_config_info_req  tuya_ble_sdk_bk3431q.lib(tuya_ble_data_handler.o)
    0x0002d596   0x0002d596   0x00000070   Code   RO         5604    i.tuya_ble_handle_ota_req  tuya_ble_sdk_bk3431q.lib(tuya_ble_data_handler.o)
    0x0002d606   0x0002d606   0x0000004c   Code   RO         5794    i.tuya_ble_handle_ota_response_evt  tuya_ble_sdk_bk3431q.lib(tuya_ble_main.o)
    0x0002d652   0x0002d652   0x00000002   PAD
    0x0002d654   0x0002d654   0x000000f0   Code   RO         5605    i.tuya_ble_handle_pair_req  tuya_ble_sdk_bk3431q.lib(tuya_ble_data_handler.o)
    0x0002d744   0x0002d744   0x000000a4   Code   RO         5795    i.tuya_ble_handle_uart_cmd_evt  tuya_ble_sdk_bk3431q.lib(tuya_ble_main.o)
    0x0002d7e8   0x0002d7e8   0x0000006c   Code   RO         5606    i.tuya_ble_handle_unix_time_char_ms_resp  tuya_ble_sdk_bk3431q.lib(tuya_ble_data_handler.o)
    0x0002d854   0x0002d854   0x00000046   Code   RO         5976    i.tuya_ble_hextoascii  tuya_ble_sdk_bk3431q.lib(tuya_ble_utils.o)
    0x0002d89a   0x0002d89a   0x0000002a   Code   RO         5796    i.tuya_ble_inter_event_response  tuya_ble_sdk_bk3431q.lib(tuya_ble_main.o)
    0x0002d8c4   0x0002d8c4   0x0000000c   Code   RO         5977    i.tuya_ble_is_word_aligned_tuya  tuya_ble_sdk_bk3431q.lib(tuya_ble_utils.o)
    0x0002d8d0   0x0002d8d0   0x0000014c   Code   RO         6133    i.tuya_ble_key_generate  tuya_ble_sdk_bk3431q.lib(tuya_ble_cryption_api.o)
    0x0002da1c   0x0002da1c   0x0000001c   Code   RO         5607    i.tuya_ble_lock_test_rsp  tuya_ble_sdk_bk3431q.lib(tuya_ble_data_handler.o)
    0x0002da38   0x0002da38   0x00000008   Code   RO         5797    i.tuya_ble_main_tasks_exec  tuya_ble_sdk_bk3431q.lib(tuya_ble_main.o)
    0x0002da40   0x0002da40   0x00000016   Code   RO         5893    i.tuya_ble_malloc   tuya_ble_sdk_bk3431q.lib(tuya_ble_mem.o)
    0x0002da56   0x0002da56   0x00000034   Code   RO         1552    i.tuya_ble_md5_crypt  tuya_ble_port_bk3431q.o
    0x0002da8a   0x0002da8a   0x00000002   PAD
    0x0002da8c   0x0002da8c   0x00000010   Code   RO         6178    i.tuya_ble_message_send  tuya_ble_sdk_bk3431q.lib(tuya_ble_event.o)
    0x0002da9c   0x0002da9c   0x00000014   Code   RO         1553    i.tuya_ble_nv_erase  tuya_ble_port_bk3431q.o
    0x0002dab0   0x0002dab0   0x00000004   Code   RO         1554    i.tuya_ble_nv_init  tuya_ble_port_bk3431q.o
    0x0002dab4   0x0002dab4   0x0000000a   Code   RO         1555    i.tuya_ble_nv_read  tuya_ble_port_bk3431q.o
    0x0002dabe   0x0002dabe   0x0000000a   Code   RO         1556    i.tuya_ble_nv_write  tuya_ble_port_bk3431q.o
    0x0002dac8   0x0002dac8   0x0000006c   Code   RO         5290    i.tuya_ble_ota_response  tuya_ble_sdk_bk3431q.lib(tuya_ble_api.o)
    0x0002db34   0x0002db34   0x0000001c   Code   RO         5610    i.tuya_ble_pair_rand_clear  tuya_ble_sdk_bk3431q.lib(tuya_ble_data_handler.o)
    0x0002db50   0x0002db50   0x0000000c   Code   RO         5611    i.tuya_ble_pair_rand_valid_get  tuya_ble_sdk_bk3431q.lib(tuya_ble_data_handler.o)
    0x0002db5c   0x0002db5c   0x0000003a   Code   RO         1557    i.tuya_ble_rand_generator  tuya_ble_port_bk3431q.o
    0x0002db96   0x0002db96   0x00000002   PAD
    0x0002db98   0x0002db98   0x0000001c   Code   RO         5612    i.tuya_ble_reset_ble_sn  tuya_ble_sdk_bk3431q.lib(tuya_ble_data_handler.o)
    0x0002dbb4   0x0002dbb4   0x00000064   Code   RO         6179    i.tuya_ble_sched_event_put  tuya_ble_sdk_bk3431q.lib(tuya_ble_event.o)
    0x0002dc18   0x0002dc18   0x0000002c   Code   RO         6180    i.tuya_ble_sched_init  tuya_ble_sdk_bk3431q.lib(tuya_ble_event.o)
    0x0002dc44   0x0002dc44   0x00000104   Code   RO         5291    i.tuya_ble_sdk_init  tuya_ble_sdk_bk3431q.lib(tuya_ble_api.o)
    0x0002dd48   0x0002dd48   0x0000000c   Code   RO         5613    i.tuya_ble_set_device_version  tuya_ble_sdk_bk3431q.lib(tuya_ble_data_handler.o)
    0x0002dd54   0x0002dd54   0x0000004c   Code   RO         1463    i.tuya_ble_storage_init  tuya_ble_storage.o
    0x0002dda0   0x0002dda0   0x000000cc   Code   RO         1464    i.tuya_ble_storage_load_settings  tuya_ble_storage.o
    0x0002de6c   0x0002de6c   0x00000068   Code   RO         1466    i.tuya_ble_storage_save_auth_settings  tuya_ble_storage.o
    0x0002ded4   0x0002ded4   0x00000068   Code   RO         1467    i.tuya_ble_storage_save_sys_settings  tuya_ble_storage.o
    0x0002df3c   0x0002df3c   0x0000000a   Code   RO         1560    i.tuya_ble_timer_create  tuya_ble_port_bk3431q.o
    0x0002df46   0x0002df46   0x0000000a   Code   RO         1562    i.tuya_ble_timer_start  tuya_ble_port_bk3431q.o
    0x0002df50   0x0002df50   0x0000000a   Code   RO         1563    i.tuya_ble_timer_stop  tuya_ble_port_bk3431q.o
    0x0002df5a   0x0002df5a   0x00000002   Code   RO         6116    i.tuya_ble_uart_common_process  tuya_ble_sdk_bk3431q.lib(tuya_ble_app_uart_common_handler.o)
    0x0002df5c   0x0002df5c   0x000000f4   Code   RO         5292    i.tuya_ble_uart_data_unpack  tuya_ble_sdk_bk3431q.lib(tuya_ble_api.o)
    0x0002e050   0x0002e050   0x00000004   Code   RO         1564    i.tuya_ble_uart_init  tuya_ble_port_bk3431q.o
    0x0002e054   0x0002e054   0x00000088   Code   RO         5293    i.tuya_ble_uart_receive_data  tuya_ble_sdk_bk3431q.lib(tuya_ble_api.o)
    0x0002e0dc   0x0002e0dc   0x0000000a   Code   RO         1565    i.tuya_ble_uart_send_data  tuya_ble_port_bk3431q.o
    0x0002e0e6   0x0002e0e6   0x00000002   PAD
    0x0002e0e8   0x0002e0e8   0x00000044   Code   RO         6182    i.tuya_sched_execute  tuya_ble_sdk_bk3431q.lib(tuya_ble_event.o)
    0x0002e12c   0x0002e12c   0x00000030   Code   RO         1800    i.ty_string_op_hex2hexstr  cpt_string_op.o
    0x0002e15c   0x0002e15c   0x00000098   Code   RO         1801    i.ty_string_op_hex2int  cpt_string_op.o
    0x0002e1f4   0x0002e1f4   0x00000036   Code   RO         1802    i.ty_string_op_hexstr2hex  cpt_string_op.o
    0x0002e22a   0x0002e22a   0x0000005e   Code   RO         1804    i.ty_string_op_int2hex  cpt_string_op.o
    0x0002e288   0x0002e288   0x00000008   Code   RO         3150    i.uart1_rx_handler  bk_uart.o
    0x0002e290   0x0002e290   0x00000010   Code   RO         4408    i.uart2_cb_register  uart.o
    0x0002e2a0   0x0002e2a0   0x000000b8   Code   RO         4409    i.uart2_init        uart.o
    0x0002e358   0x0002e358   0x00000080   Code   RO         4410    i.uart2_isr         uart.o
    0x0002e3d8   0x0002e3d8   0x00000044   Code   RO         4411    i.uart2_printf      uart.o
    0x0002e41c   0x0002e41c   0x00000028   Code   RO         4413    i.uart2_putchar     uart.o
    0x0002e444   0x0002e444   0x00000008   Code   RO         3151    i.uart2_rx_handler  bk_uart.o
    0x0002e44c   0x0002e44c   0x00000010   Code   RO         4416    i.uart_cb_register  uart.o
    0x0002e45c   0x0002e45c   0x00000024   Code   RO         4417    i.uart_clear_rxfifo  uart.o
    0x0002e480   0x0002e480   0x0000001c   Code   RO         4418    i.uart_finish_transfers  uart.o
    0x0002e49c   0x0002e49c   0x00000004   Code   RO         4419    i.uart_flow_off     uart.o
    0x0002e4a0   0x0002e4a0   0x00000002   Code   RO         4420    i.uart_flow_on      uart.o
    0x0002e4a2   0x0002e4a2   0x00000002   PAD
    0x0002e4a4   0x0002e4a4   0x000000b8   Code   RO         4421    i.uart_init         uart.o
    0x0002e55c   0x0002e55c   0x000000f8   Code   RO         4422    i.uart_isr          uart.o
    0x0002e654   0x0002e654   0x00000044   Code   RO         4424    i.uart_printf       uart.o
    0x0002e698   0x0002e698   0x00000028   Code   RO         4426    i.uart_putchar      uart.o
    0x0002e6c0   0x0002e6c0   0x0000000c   Code   RO         4427    i.uart_read         uart.o
    0x0002e6cc   0x0002e6cc   0x00000020   Code   RO         4428    i.uart_send         uart.o
    0x0002e6ec   0x0002e6ec   0x00000048   Code   RO         4429    i.uart_write        uart.o
    0x0002e734   0x0002e734   0x0000006c   Code   RO         4079    i.udi_exchange_fdata_to_adjoining_next_sector  flash.o
    0x0002e7a0   0x0002e7a0   0x00000068   Code   RO         4080    i.udi_exchange_fdata_to_adjoining_previous_sector  flash.o
    0x0002e808   0x0002e808   0x00000098   Code   RO         2435    i.update_env_cache  ef_env.o
    0x0002e8a0   0x0002e8a0   0x00000060   Code   RO         2436    i.update_sec_status  ef_env.o
    0x0002e900   0x0002e900   0x0000005c   Code   RO         2437    i.update_sector_cache  ef_env.o
    0x0002e95c   0x0002e95c   0x00000020   Code   RO          388    i.user_freeze_or_unfreeze_handler  lock_dp_parser.o
    0x0002e97c   0x0002e97c   0x0000003c   Code   RO         5730    i.vTuyaPortFree     tuya_ble_sdk_bk3431q.lib(tuya_ble_heap.o)
    0x0002e9b8   0x0002e9b8   0x000001a4   Code   RO          653    i.verify_dynamic_pwd_token  lock_dynamic_pwd.o
    0x0002eb5c   0x0002eb5c   0x00000024   Code   RO         4596    i.wdt_disable       wdt.o
    0x0002eb80   0x0002eb80   0x0000002c   Code   RO         4597    i.wdt_enable        wdt.o
    0x0002ebac   0x0002ebac   0x00000024   Code   RO         4598    i.wdt_feed          wdt.o
    0x0002ebd0   0x0002ebd0   0x000000e0   Code   RO         2438    i.write_status      ef_env.o
    0x0002ecb0   0x0002ecb0   0x00000044   Data   RO           10    .constdata          lock_common.o
    0x0002ecf4   0x0002ecf4   0x00000018   Data   RO          316    .constdata          lock_hard.o
    0x0002ed0c   0x0002ed0c   0x000000c4   Data   RO          390    .constdata          lock_dp_parser.o
    0x0002edd0   0x0002edd0   0x00000020   Data   RO          547    .constdata          lock_timer.o
    0x0002edf0   0x0002edf0   0x0000002a   Data   RO          654    .constdata          lock_dynamic_pwd.o
    0x0002ee1a   0x0002ee1a   0x0000003b   Data   RO          811    .constdata          lock_test.o
    0x0002ee55   0x0002ee55   0x00000021   Data   RO          839    .constdata          app_common.o
    0x0002ee76   0x0002ee76   0x00000083   Data   RO         1071    .constdata          app_ota.o
    0x0002eef9   0x0002eef9   0x00000014   Data   RO         1140    .constdata          app_test.o
    0x0002ef0d   0x0002ef0d   0x00000049   Data   RO         1227    .constdata          app_port.o
    0x0002ef56   0x0002ef56   0x00000032   Data   RO         1472    .constdata          tuya_ble_storage.o
    0x0002ef88   0x0002ef88   0x00000004   Data   RO         1757    .constdata          cpt_math.o
    0x0002ef8c   0x0002ef8c   0x00000010   Data   RO         1923    .constdata          sha1.o
    0x0002ef9c   0x0002ef9c   0x00002228   Data   RO         1972    .constdata          aes.o
    0x000311c4   0x000311c4   0x00000065   Data   RO         2440    .constdata          ef_env.o
    0x00031229   0x00031229   0x00000003   PAD
    0x0003122c   0x0003122c   0x00000400   Data   RO         2666    .constdata          ef_utils.o
    0x0003162c   0x0003162c   0x00000041   Data   RO         2688    .constdata          ef_port.o
    0x0003166d   0x0003166d   0x0000008c   Data   RO         2769    .constdata          elog.o
    0x000316f9   0x000316f9   0x00000023   Data   RO         2896    .constdata          elog_utils.o
    0x0003171c   0x0003171c   0x0000005b   Data   RO         3425    .constdata          arch_main.o
    0x00031777   0x00031777   0x00000001   PAD
    0x00031778   0x00031778   0x00000040   Data   RO         4830    .constdata          fff0s.o
    0x000317b8   0x000317b8   0x00000028   Data   RO         4893    .constdata          fff0s_task.o
    0x000317e0   0x000317e0   0x00000008   Data   RO         4894    .constdata          fff0s_task.o
    0x000317e8   0x000317e8   0x00000087   Data   RO         4937    .constdata          app.o
    0x0003186f   0x0003186f   0x00000001   PAD
    0x00031870   0x00031870   0x00000020   Data   RO         5030    .constdata          app_fff0.o
    0x00031890   0x00031890   0x00000008   Data   RO         5031    .constdata          app_fff0.o
    0x00031898   0x00031898   0x0000001a   Data   RO         5032    .constdata          app_fff0.o
    0x000318b2   0x000318b2   0x00000002   PAD
    0x000318b4   0x000318b4   0x00000108   Data   RO         5117    .constdata          app_task.o
    0x000319bc   0x000319bc   0x00000008   Data   RO         5118    .constdata          app_task.o
    0x000319c4   0x000319c4   0x00000101   Data   RO         5119    .constdata          app_task.o
    0x00031ac5   0x00031ac5   0x0000003a   Data   RO         5799    .constdata          tuya_ble_sdk_bk3431q.lib(tuya_ble_main.o)
    0x00031aff   0x00031aff   0x00000001   PAD
    0x00031b00   0x00031b00   0x00000004   Data   RO         5986    .constdata          tuya_ble_sdk_bk3431q.lib(tuya_ble_utils.o)
    0x00031b04   0x00031b04   0x00000050   Data   RO         6110    .constdata          bk3435_fcc_mode.lib(rf_test.o)
    0x00031b54   0x00031b54   0x00000004   PAD
    0x00031b58   0x00031b58   0x00000088   Data   RO         6325    .constdata          m_5s.l(pow.o)
    0x00031be0   0x00031be0   0x00000008   Data   RO         6680    .constdata          m_5s.l(qnan.o)
    0x00031be8   0x00031be8   0x00000081   Data   RO         6732    .constdata          mc_5.l(ctype_o.o)
    0x00031c69   0x00031c69   0x00000003   PAD
    0x00031c6c   0x00031c6c   0x00000004   Data   RO         6733    .constdata          mc_5.l(ctype_o.o)
    0x00031c70   0x00031c70   0x00000049   Data   RO         2378    .conststring        easyflash.o
    0x00031cb9   0x00031cb9   0x00000003   PAD
    0x00031cbc   0x00031cbc   0x0000012f   Data   RO         2441    .conststring        ef_env.o
    0x00031deb   0x00031deb   0x00000001   PAD
    0x00031dec   0x00031dec   0x00000027   Data   RO         2689    .conststring        ef_port.o
    0x00031e13   0x00031e13   0x00000001   PAD
    0x00031e14   0x00031e14   0x00000017   Data   RO         2770    .conststring        elog.o
    0x00031e2b   0x00031e2b   0x00000001   PAD
    0x00031e2c   0x00031e2c   0x0000004d   Data   RO         4938    .conststring        app.o


    Execution Region RAM_DATA (Exec base: 0x00400800, Load base: 0x00031e7c, Size: 0x000002ec, Max: 0xffffffff, ABSOLUTE)

    Exec Addr    Load Addr    Size         Type   Attr      Idx    E Section Name        Object

    0x00400800   0x00031e7c   0x00000001   Data   RW           11    .data               lock_common.o
    0x00400801   0x00031e7d   0x00000003   PAD
    0x00400804   0x00031e80   0x00000004   Data   RW          465    .data               lock_dp_report.o
    0x00400808   0x00031e84   0x00000004   Data   RW          812    .data               lock_test.o
    0x0040080c   0x00031e88   0x0000005c   Data   RW          840    .data               app_common.o
    0x00400868   0x00031ee4   0x0000000b   Data   RW          907    .data               app_flash.o
    0x00400873   0x00031eef   0x00000006   Data   RW          908    .data               app_flash.o
    0x00400879   0x00031ef5   0x00000003   PAD
    0x0040087c   0x00031ef8   0x00000010   Data   RW         1072    .data               app_ota.o
    0x0040088c   0x00031f08   0x00000004   Data   RW         1141    .data               app_test.o
    0x00400890   0x00031f0c   0x00000004   Data   RW         2157    .data               platform_util.o
    0x00400894   0x00031f10   0x00000010   Data   RW         2442    .data               ef_env.o
    0x004008a4   0x00031f20   0x0000001c   Data   RW         2771    .data               elog.o
    0x004008c0   0x00031f3c   0x00000008   Data   RW         2976    .data               bk_common.o
    0x004008c8   0x00031f44   0x00000018   Data   RW         3030    .data               bk_scan_adv.o
    0x004008e0   0x00031f5c   0x0000004a   Data   RW         3031    .data               bk_scan_adv.o
    0x0040092a   0x00031fa6   0x0000000c   Data   RW         3068    .data               bk_ble.o
    0x00400936   0x00031fb2   0x00000002   PAD
    0x00400938   0x00031fb4   0x0000000c   Data   RW         3108    .data               bk_svc.o
    0x00400944   0x00031fc0   0x000000ac   Data   RW         3204    .data               bk_timer.o
    0x004009f0   0x0003206c   0x0000002c   Data   RW         3982    .data               gpio.o
    0x00400a1c   0x00032098   0x0000000c   Data   RW         4082    .data               flash.o
    0x00400a28   0x000320a4   0x00000018   Data   RW         4433    .data               uart.o
    0x00400a40   0x000320bc   0x00000001   Data   RW         4599    .data               wdt.o
    0x00400a41   0x000320bd   0x00000001   Data   RW         5120    .data               app_task.o
    0x00400a42   0x000320be   0x00000009   Data   RW         5295    .data               tuya_ble_sdk_bk3431q.lib(tuya_ble_api.o)
    0x00400a4b   0x000320c7   0x00000001   PAD
    0x00400a4c   0x000320c8   0x00000036   Data   RW         5615    .data               tuya_ble_sdk_bk3431q.lib(tuya_ble_data_handler.o)
    0x00400a82   0x000320fe   0x00000002   PAD
    0x00400a84   0x00032100   0x00000018   Data   RW         5735    .data               tuya_ble_sdk_bk3431q.lib(tuya_ble_heap.o)
    0x00400a9c   0x00032118   0x00000008   Data   RW         5800    .data               tuya_ble_sdk_bk3431q.lib(tuya_ble_main.o)
    0x00400aa4   0x00032120   0x00000009   Data   RW         6111    .data               bk3435_fcc_mode.lib(rf_test.o)
    0x00400aad   0x00032129   0x00000003   PAD
    0x00400ab0   0x0003212c   0x00000026   Data   RW         6114    .data               bk3435_pn9_mode.lib(rf_pn9_test.o)
    0x00400ad6   0x00032152   0x00000002   PAD
    0x00400ad8   0x00032154   0x0000000c   Data   RW         6184    .data               tuya_ble_sdk_bk3431q.lib(tuya_ble_event.o)
    0x00400ae4   0x00032160   0x00000001   Data   RW         6235    .data               tuya_ble_sdk_bk3431q.lib(tuya_ble_mutli_tsf_protocol.o)
    0x00400ae5   0x00032161   0x00000003   PAD
    0x00400ae8   0x00032164   0x00000004   Data   RW         6691    .data               mc_5.l(errno.o)


    Execution Region RAM_BSS (Exec base: 0x00400aec, Load base: 0x00032168, Size: 0x00003b5c, Max: 0xffffffff, ABSOLUTE)

    Exec Addr    Load Addr    Size         Type   Attr      Idx    E Section Name        Object

    0x00400aec        -       0x00000491   Zero   RW          389    .bss                lock_dp_parser.o
    0x00400f7d   0x00032168   0x00000003   PAD
    0x00400f80        -       0x00000122   Zero   RW          464    .bss                lock_dp_report.o
    0x004010a2   0x00032168   0x00000002   PAD
    0x004010a4        -       0x0000001c   Zero   RW          546    .bss                lock_timer.o
    0x004010c0        -       0x00000100   Zero   RW          810    .bss                lock_test.o
    0x004011c0        -       0x00000194   Zero   RW          906    .bss                app_flash.o
    0x00401354        -       0x000000f0   Zero   RW         1070    .bss                app_ota.o
    0x00401444        -       0x00000200   Zero   RW         1139    .bss                app_test.o
    0x00401644        -       0x00000168   Zero   RW         1471    .bss                tuya_ble_storage.o
    0x004017ac        -       0x00000174   Zero   RW         2439    .bss                ef_env.o
    0x00401920        -       0x00000250   Zero   RW         2768    .bss                elog.o
    0x00401b70        -       0x00000600   Zero   RW         3107    .bss                bk_svc.o
    0x00402170        -       0x000000a0   Zero   RW         3203    .bss                bk_timer.o
    0x00402210        -       0x00000010   Zero   RW         3424    .bss                arch_main.o
    0x00402220        -       0x0000000c   Zero   RW         4081    .bss                flash.o
    0x0040222c        -       0x00000014   Zero   RW         4305    .bss                pwm.o
    0x00402240        -       0x00000828   Zero   RW         4430    .bss                uart.o
    0x00402a68        -       0x00000040   Zero   RW         4637    .bss                rf_xvr.o
    0x00402aa8        -       0x0000011c   Zero   RW         4730    .bss                prf.o
    0x00402bc4        -       0x00000028   Zero   RW         4936    .bss                app.o
    0x00402bec        -       0x0000012c   Zero   RW         5294    .bss                tuya_ble_sdk_bk3431q.lib(tuya_ble_api.o)
    0x00402d18        -       0x000004b0   Zero   RW         5614    .bss                tuya_ble_sdk_bk3431q.lib(tuya_ble_data_handler.o)
    0x004031c8        -       0x00000800   Zero   RW         5734    .bss                tuya_ble_sdk_bk3431q.lib(tuya_ble_heap.o)
    0x004039c8        -       0x00000334   Zero   RW         5798    .bss                tuya_ble_sdk_bk3431q.lib(tuya_ble_main.o)
    0x00403cfc        -       0x000000e0   Zero   RW         6135    .bss                tuya_ble_sdk_bk3431q.lib(tuya_ble_cryption_api.o)
    0x00403ddc        -       0x0000086c   Zero   RW         6183    .bss                tuya_ble_sdk_bk3431q.lib(tuya_ble_event.o)


    Execution Region RAM_STACK_UNUSED (Exec base: 0x0040b70c, Load base: 0x00032168, Size: 0x00000020, Max: 0x00000020, ABSOLUTE)

    Exec Addr    Load Addr    Size         Type   Attr      Idx    E Section Name        Object

    0x0040b70c        -       0x00000020   Zero   RW            1    RAM_STACK_UNUSED.bss  anon$$obj.o


    Execution Region RAM_STACK_SVC (Exec base: 0x0040b72c, Load base: 0x00032168, Size: 0x000004f0, Max: 0x000004f0, ABSOLUTE)

    Exec Addr    Load Addr    Size         Type   Attr      Idx    E Section Name        Object

    0x0040b72c        -       0x000004f0   Zero   RW            2    RAM_STACK_SVC.bss   anon$$obj.o


    Execution Region RAM_STACK_IRQ (Exec base: 0x0040bc1c, Load base: 0x00032168, Size: 0x000001f0, Max: 0x000001f0, ABSOLUTE)

    Exec Addr    Load Addr    Size         Type   Attr      Idx    E Section Name        Object

    0x0040bc1c        -       0x000001f0   Zero   RW            3    RAM_STACK_IRQ.bss   anon$$obj.o


    Execution Region RAM_STACK_FIQ (Exec base: 0x0040be0c, Load base: 0x00032168, Size: 0x000001f0, Max: 0x000001f0, ABSOLUTE)

    Exec Addr    Load Addr    Size         Type   Attr      Idx    E Section Name        Object

    0x0040be0c        -       0x000001f0   Zero   RW            4    RAM_STACK_FIQ.bss   anon$$obj.o


    Execution Region RAM_BSS_1 (Exec base: 0x00815000, Load base: 0x00032168, Size: 0x00001258, Max: 0xffffffff, ABSOLUTE)

    Exec Addr    Load Addr    Size         Type   Attr      Idx    E Section Name        Object

    0x00815000        -       0x00001258   Zero   RW         3789    ke_heap             rwip.o


==============================================================================

Image component sizes


      Code (inc. data)   RO Data    RW Data    ZI Data      Debug   Object Name

      2888         74       8744          0          0      20402   aes.o
       668        158        212          0         40      10143   app.o
       754        304         33         92          0       5087   app_common.o
       152         26         66          0          0       6417   app_fff0.o
      1766        284          0         17        404      21926   app_flash.o
      3016       1282        131         16        240      10591   app_ota.o
       882        354         73          0          0      35160   app_port.o
      2338        936        529          1          0      21817   app_task.o
      1518        504         20          4        512       8647   app_test.o
      1284        636         91          0         16      12234   arch_main.o
       238         28          0         12          0       3935   bk_ble.o
       136         12          0          8          0       4156   bk_common.o
        54          0          0          0          0       2730   bk_flash.o
        32          4          0         98          0       3132   bk_scan_adv.o
       240         24          0         12       1536       4129   bk_svc.o
         2          0          0          0          0        474   bk_test.o
       488         82          0        172        160       9441   bk_timer.o
        72         12          0          0          0       3136   bk_uart.o
       500         76          0          0          0        424   boot_handlers.o
        92         32          0          0          0        372   boot_vectors.o
       176         14          4          0          0       3735   cpt_math.o
       348         38          0          0          0       4626   cpt_string_op.o
       144         90         73          0          0       1153   easyflash.o
      6530       2266        404         16        372      41960   ef_env.o
       470        326        104          0          0       6707   ef_port.o
        36          4       1024          0          0       1488   ef_utils.o
      2172        824        163         28        592      14988   elog.o
         0          0          0          0          0       3059   elog_async.o
        84         40          0          0          0       4089   elog_port.o
       276        126         35          0          0       3041   elog_utils.o
        24          4          0          0          0        579   emi.o
       416         16         64          0          0       9239   fff0s.o
       530         22         48          0          0       7852   fff0s_task.o
      1814        234          0         12         12      15477   flash.o
        52         14          0         44          0       8861   gpio.o
       162          0          0          0          0       1560   hmac-sha1.o
       224         42          0          0          0       1704   icu.o
       224         18          0          0          0     109934   intc.o
       528        354         68          1          0      91616   lock_common.o
      5024       2190        196          0       1169      21308   lock_dp_parser.o
       988         78          0          4        290      15967   lock_dp_report.o
       788        322         42          0          0       4830   lock_dynamic_pwd.o
      1112        430         24          0          0       6925   lock_hard.o
      1056        506         59          4        256       3884   lock_test.o
       516        180         32          0         28      10539   lock_timer.o
      2554        266          0          0          0       9919   md5.o
        16          6          0          4          0       1627   platform_util.o
       564         30          0          0        284       9164   prf.o
         0          0          0          0          0       8399   prf_utils.o
       304         28          0          0         20       5934   pwm.o
      1130        284          0          0         64     113976   rf_xvr.o
       252          0          0          0          0     109163   rwble.o
        56          0          0          0          0       2157   rwble_hl.o
       204         28          0          0       4696       4201   rwip.o
       844         18         16          0          0       5643   sha1.o
         2          0          0          0          0        473   timer.o
       538         16          0          0          0      20997   tuya_ble_port_bk3431q.o
       556         38         50          0        360       6336   tuya_ble_storage.o
      1202        224          0         24       2088      33187   uart.o
       116         24          0          1          0       1790   wdt.o

    ----------------------------------------------------------------------
     49284      13948      12321        578      15432     912440   Object Totals
        48         20          0          0       2288          0   (incl. Generated)
        84          0         16          8          5          0   (incl. Padding)

    ----------------------------------------------------------------------

      Code (inc. data)   RO Data    RW Data    ZI Data      Debug   Library Member Name

      1164        268         80          9          0        236   rf_test.o
       764        190          0         38          0        344   rf_pn9_test.o
        88         12          0          0          0        340   dunder.o
        48          4          0          0          0         68   fpclassify.o
       240          0          0          0          0         92   poly.o
      3764        148        136          0          0        328   pow.o
         0          0          8          0          0          0   qnan.o
       100          4          0          0          0         84   sqrt.o
       138          0          0          0          0         80   __strtoll.o
        30          0          0          0          0         60   _chval.o
       216          0          0          0          0         84   _strtoull.o
        26          0          0          0          0         72   atoll.o
         8          4        133          0          0         60   ctype_o.o
        28         10          0          4          0        120   errno.o
         0          0          0          0          0          0   iusefp.o
       126          0          0          0          0         84   llmul.o
        32          0          0          0          0         68   llshl.o
        38          0          0          0          0         68   llsshr.o
        34          0          0          0          0         68   llushr.o
        38          0          0          0          0        100   memseta.o
      2432        108          0          0          0        760   printfa.o
        14          0          0          0          0         60   strlen.o
        30          0          0          0          0         72   strncmp.o
        26          0          0          0          0         68   strncpy.o
        40          0          0          0          0         72   strstr.o
        96          0          0          0          0         84   uldiv.o
        20          0          0          0          0         60   uread4.o
        18          0          0          0          0         60   uwrite4.o
        40          2          0          0          0         68   cdrcmple.o
       364          4          0          0          0        140   dadd.o
       248          6          0          0          0         84   ddiv.o
       190          0          0          0          0        156   depilogue.o
        72         10          0          0          0         72   dfixi.o
        60         10          0          0          0         68   dfixui.o
        64         10          0          0          0         68   dfixul.o
        48          6          0          0          0         68   dflti.o
        28          4          0          0          0         68   dfltui.o
       216          6          0          0          0         88   dmul.o
        52          0          0          0          0         72   dscalb.o
       162          0          0          0          0         80   dsqrt.o
      1154        116          0          9        300      25548   tuya_ble_api.o
         2          0          0          0          0       1679   tuya_ble_app_uart_common_handler.o
       850         40          0          0        224       8154   tuya_ble_cryption_api.o
      2836        216          0         54       1200      21011   tuya_ble_data_handler.o
       248         32          0         12       2156       5571   tuya_ble_event.o
       356         22          0         24       2048       4363   tuya_ble_heap.o
      1246        138         58          8        820      13121   tuya_ble_main.o
        36          0          0          0          0       1890   tuya_ble_mem.o
       778          4          0          1          0       8494   tuya_ble_mutli_tsf_protocol.o
       226         14          4          0          0       5120   tuya_ble_utils.o

    ----------------------------------------------------------------------
     18852       1388        427        170       6748      99575   Library Totals
        18          0          8         11          0          0   (incl. Padding)

    ----------------------------------------------------------------------

      Code (inc. data)   RO Data    RW Data    ZI Data      Debug   Library Name

      1164        268         80          9          0        236   bk3435_fcc_mode.lib
       764        190          0         38          0        344   bk3435_pn9_mode.lib
      4240        168        144          0          0        912   m_5s.l
      3390        122        133          4          0       2100   mc_5.l
      1544         58          0          0          0       1032   mf_5.l
      7732        582         62        108       6748      94951   tuya_ble_sdk_bk3431q.lib

    ----------------------------------------------------------------------
     18852       1388        427        170       6748      99575   Library Totals

    ----------------------------------------------------------------------

==============================================================================


      Code (inc. data)   RO Data    RW Data    ZI Data      Debug   

     68136      15336      12748        748      22180     985719   Grand Totals
     68136      15336      12748        748      22180     985719   ELF Image Totals
     68136      15336      12748        748          0          0   ROM Totals

==============================================================================

    Total RO  Size (Code + RO Data)                80884 (  78.99kB)
    Total RW  Size (RW Data + ZI Data)             22928 (  22.39kB)
    Total ROM Size (Code + RO Data + RW Data)      81632 (  79.72kB)

==============================================================================

