Component: ARM Compiler 5.06 update 6 (build 750) Tool: armlink [4d35ed]

==============================================================================

Section Cross References

    lock_common.o(i.lock_common_init) refers to app_port.o(i.app_port_kv_init) for app_port_kv_init
    lock_common.o(i.lock_common_init) refers to app_port.o(i.app_port_local_clock_start) for app_port_local_clock_start
    lock_common.o(i.lock_common_init) refers to lock_timer.o(i.lock_timer_creat) for lock_timer_creat
    lock_common.o(i.lock_common_init) refers to app_common.o(i.app_common_init) for app_common_init
    lock_common.o(i.lock_common_init) refers to bk_common.o(i.bk_log_hexdump) for bk_log_hexdump
    lock_common.o(i.lock_common_init) refers to tuya_ble_main.o(.bss) for tuya_ble_current_para
    lock_common.o(i.lock_factory_handler) refers to app_port.o(i.app_port_tuya_ble_device_factory_reset) for app_port_tuya_ble_device_factory_reset
    lock_common.o(i.lock_factory_handler) refers to app_flash.o(i.lock_flash_erease_all) for lock_flash_erease_all
    lock_common.o(i.lock_open_with_bt) refers to elog.o(i.elog_output) for elog_output
    lock_common.o(i.lock_open_with_bt) refers to lock_common.o(.data) for .data
    lock_common.o(i.lock_open_with_bt) refers to lock_common.o(.constdata) for .constdata
    lock_common.o(i.lock_open_with_nopwd_remote) refers to elog.o(i.elog_output) for elog_output
    lock_common.o(i.lock_open_with_nopwd_remote) refers to lock_common.o(.data) for .data
    lock_common.o(i.lock_open_with_nopwd_remote) refers to lock_common.o(.constdata) for .constdata
    lock_common.o(i.lock_remote_anti_lock) refers to elog.o(i.elog_output) for elog_output
    lock_common.o(i.lock_remote_anti_lock) refers to lock_common.o(.constdata) for .constdata
    lock_hard.o(i.lock_hard_uart_simulate) refers to elog.o(i.elog_output) for elog_output
    lock_hard.o(i.lock_hard_uart_simulate) refers to bk_common.o(i.bk_log_hexdump) for bk_log_hexdump
    lock_hard.o(i.lock_hard_uart_simulate) refers to app_flash.o(i.lock_get_hardid) for lock_get_hardid
    lock_hard.o(i.lock_hard_uart_simulate) refers to lock_dp_report.o(i.lock_state_sync_report) for lock_state_sync_report
    lock_hard.o(i.lock_hard_uart_simulate) refers to app_port.o(i.app_port_dp_data_report) for app_port_dp_data_report
    lock_hard.o(i.lock_hard_uart_simulate) refers to app_port.o(i.app_port_nv_erase) for app_port_nv_erase
    lock_hard.o(i.lock_hard_uart_simulate) refers to lock_dp_report.o(i.lock_hard_creat_sub_report) for lock_hard_creat_sub_report
    lock_hard.o(i.lock_hard_uart_simulate) refers to app_flash.o(i.lock_hard_save_in_local_flash) for lock_hard_save_in_local_flash
    lock_hard.o(i.lock_hard_uart_simulate) refers to lock_dp_report.o(i.lock_open_record_report) for lock_open_record_report
    lock_hard.o(i.lock_hard_uart_simulate) refers to lock_dp_report.o(i.lock_open_record_combine_report) for lock_open_record_combine_report
    lock_hard.o(i.lock_hard_uart_simulate) refers to lock_dp_report.o(i.lock_alarm_record_report) for lock_alarm_record_report
    lock_hard.o(i.lock_hard_uart_simulate) refers to lock_dynamic_pwd.o(i.lock_dynamic_pwd_verify) for lock_dynamic_pwd_verify
    lock_hard.o(i.lock_hard_uart_simulate) refers to memseta.o(.text) for __aeabi_memset
    lock_hard.o(i.lock_hard_uart_simulate) refers to app_port.o(i.app_port_get_timestamp) for app_port_get_timestamp
    lock_hard.o(i.lock_hard_uart_simulate) refers to lock_offline_pwd.o(i.lock_offline_pwd_verify) for lock_offline_pwd_verify
    lock_hard.o(i.lock_hard_uart_simulate) refers to app_port.o(i.app_port_aes128_cbc_encrypt) for app_port_aes128_cbc_encrypt
    lock_hard.o(i.lock_hard_uart_simulate) refers to lock_dp_report.o(i.lock_open_record_report_offline_pwd) for lock_open_record_report_offline_pwd
    lock_hard.o(i.lock_hard_uart_simulate) refers to lock_common.o(i.lock_factory_handler) for lock_factory_handler
    lock_hard.o(i.lock_hard_uart_simulate) refers to lock_timer.o(i.lock_timer_start) for lock_timer_start
    lock_hard.o(i.lock_hard_uart_simulate) refers to app_port.o(i.app_port_dp_data_with_time_report) for app_port_dp_data_with_time_report
    lock_hard.o(i.lock_hard_uart_simulate) refers to app_active_report.o(i.app_active_report_finished_and_disconnect) for app_active_report_finished_and_disconnect
    lock_hard.o(i.lock_hard_uart_simulate) refers to lock_hard.o(.constdata) for .constdata
    lock_hard.o(i.lock_hard_uart_simulate) refers to tuya_ble_main.o(.bss) for tuya_ble_current_para
    lock_hard.o(i.lock_hard_uart_simulate) refers to lock_common.o(.data) for g_open_with_bt_flag
    lock_hard.o(i.lock_hard_uart_simulate) refers to app_active_report.o(i.app_active_report_start) for app_active_report_start
    lock_dp_parser.o(i.lock_dp_parser_handler) refers to bk_common.o(i.bk_log_hexdump) for bk_log_hexdump
[...]
    0x0001feb0   0x0001feb0   0x00000014   Code   RO         6893    i.__mathlib_dbl_underflow  m_5s.l(dunder.o)
    0x0001fec4   0x0001fec4   0x00000008   Ven    RO         6921    i.__set_errno       mc_5.l(errno.o)
    0x0001fecc   0x0001fecc   0x0000000c   Code   RO         6921    i.__set_errno       mc_5.l(errno.o)
    0x0001fed8   0x0001fed8   0x00000174   Code   RO         6842    i._fp_digits        mc_5.l(printfa.o)
    0x0002004c   0x0002004c   0x000006f4   Code   RO         6843    i._printf_core      mc_5.l(printfa.o)
    0x00020740   0x00020740   0x00000020   Code   RO         6844    i._printf_post_padding  mc_5.l(printfa.o)
    0x00020760   0x00020760   0x0000002c   Code   RO         6845    i._printf_pre_padding  mc_5.l(printfa.o)
    0x0002078c   0x0002078c   0x00000016   Code   RO         6846    i._snputc           mc_5.l(printfa.o)
    0x000207a2   0x000207a2   0x0000000a   Code   RO         6847    i._sputc            mc_5.l(printfa.o)
    0x000207ac   0x000207ac   0x00000044   Code   RO         2478    i.align_write       ef_env.o
    0x000207f0   0x000207f0   0x000000f0   Code   RO         2479    i.alloc_env         ef_env.o
    0x000208e0   0x000208e0   0x00000030   Code   RO         2480    i.alloc_env_cb      ef_env.o
    0x00020910   0x00020910   0x00000008   Code   RO         1162    i.app_active_report_finished_and_disconnect  app_active_report.o
    0x00020918   0x00020918   0x000000e0   Code   RO         1163    i.app_active_report_finished_and_disconnect_handler  app_active_report.o
    0x000209f8   0x000209f8   0x0000000a   Code   RO          543    i.app_active_report_outtime_cb  lock_timer.o
    0x00020a02   0x00020a02   0x0000000a   Code   RO          544    i.app_active_report_outtime_cb_handler  lock_timer.o
    0x00020a0c   0x00020a0c   0x000000a4   Code   RO         1164    i.app_active_report_start  app_active_report.o
    0x00020ab0   0x00020ab0   0x0000010c   Code   RO         1165    i.app_active_report_stop  app_active_report.o
    0x00020bbc   0x00020bbc   0x0000009c   Code   RO          861    i.app_common_evt_process  app_common.o
    0x00020c58   0x00020c58   0x00000010   Code   RO          862    i.app_common_evt_send  app_common.o
    0x00020c68   0x00020c68   0x00000016   Code   RO          863    i.app_common_evt_send_only_evt  app_common.o
    0x00020c7e   0x00020c7e   0x0000002c   Code   RO          864    i.app_common_evt_send_with_data  app_common.o
    0x00020caa   0x00020caa   0x00000002   PAD
    0x00020cac   0x00020cac   0x0000008c   Code   RO          865    i.app_common_init   app_common.o
    0x00020d38   0x00020d38   0x00000180   Code   RO          866    i.app_common_tuya_ble_sdk_callback  app_common.o
    0x00020eb8   0x00020eb8   0x00000030   Code   RO         5250    i.app_fff0_add_fff0s  app_fff0.o
    0x00020ee8   0x00020ee8   0x0000001c   Code   RO         5252    i.app_fff0_msg_dflt_handler  app_fff0.o
    0x00020f04   0x00020f04   0x00000034   Code   RO         5253    i.app_fff1_send_lvl  app_fff0.o
    0x00020f38   0x00020f38   0x0000025c   Code   RO         1088    i.app_ota_data_handler  app_ota.o
    0x00021194   0x00021194   0x00000014   Code   RO         1089    i.app_ota_disconn_handler  app_ota.o
    0x000211a8   0x000211a8   0x00000238   Code   RO         1090    i.app_ota_end_handler  app_ota.o
    0x000213e0   0x000213e0   0x00000018   Code   RO         1091    i.app_ota_exit      app_ota.o
    0x000213f8   0x000213f8   0x00000264   Code   RO         1092    i.app_ota_file_info_handler  app_ota.o
    0x0002165c   0x0002165c   0x000001c8   Code   RO         1093    i.app_ota_file_offset_handler  app_ota.o
    0x00021824   0x00021824   0x00000060   Code   RO         1094    i.app_ota_get_crc32_in_flash  app_ota.o
    0x00021884   0x00021884   0x000000e8   Code   RO         1096    i.app_ota_handler   app_ota.o
    0x0002196c   0x0002196c   0x00000004   Code   RO         1097    i.app_ota_init      app_ota.o
    0x00021970   0x00021970   0x00000180   Code   RO         1098    i.app_ota_req_handler  app_ota.o
    0x00021af0   0x00021af0   0x0000000c   Code   RO         1099    i.app_ota_rsp       app_ota.o
    0x00021afc   0x00021afc   0x0000000c   Code   RO         1251    i.app_port_aes128_cbc_encrypt  app_port.o
    0x00021b08   0x00021b08   0x00000008   Code   RO         1252    i.app_port_ble_callback_queue_register  app_port.o
    0x00021b10   0x00021b10   0x00000004   Code   RO         1253    i.app_port_ble_conn_evt_ext  app_port.o
    0x00021b14   0x00021b14   0x00000008   Code   RO         1254    i.app_port_ble_custom_event_send  app_port.o
    0x00021b1c   0x00021b1c   0x00000008   Code   RO         1255    i.app_port_ble_gap_disconnect  app_port.o
    0x00021b24   0x00021b24   0x00000008   Code   RO         1256    i.app_port_ble_sdk_init  app_port.o
    0x00021b2c   0x00021b2c   0x00000008   Code   RO         1257    i.app_port_check_sum  app_port.o
    0x00021b34   0x00021b34   0x0000000a   Code   RO         1259    i.app_port_conn_param_update  app_port.o
    0x00021b3e   0x00021b3e   0x00000008   Code   RO         1260    i.app_port_crc16_compute  app_port.o
    0x00021b46   0x00021b46   0x00000008   Code   RO         1261    i.app_port_crc32_compute  app_port.o
    0x00021b4e   0x00021b4e   0x00000002   PAD
    0x00021b50   0x00021b50   0x00000078   Code   RO         1263    i.app_port_device_reset  app_port.o
    0x00021bc8   0x00021bc8   0x00000048   Code   RO         1264    i.app_port_dp_data_report  app_port.o
    0x00021c10   0x00021c10   0x000000e8   Code   RO         1265    i.app_port_dp_data_with_time_report  app_port.o
    0x00021cf8   0x00021cf8   0x00000008   Code   RO         1266    i.app_port_factory_test_process  app_port.o
    0x00021d00   0x00021d00   0x00000008   Code   RO         1267    i.app_port_free     app_port.o
    0x00021d08   0x00021d08   0x0000000e   Code   RO         1268    i.app_port_get_bt_mac_addr  app_port.o
    0x00021d16   0x00021d16   0x00000008   Code   RO         1269    i.app_port_get_connect_status  app_port.o
    0x00021d1e   0x00021d1e   0x00000008   Code   RO         1270    i.app_port_get_old_timestamp  app_port.o
    0x00021d26   0x00021d26   0x00000008   Code   RO         1271    i.app_port_get_timestamp  app_port.o
    0x00021d2e   0x00021d2e   0x00000008   Code   RO         1272    i.app_port_kv_del   app_port.o
    0x00021d36   0x00021d36   0x0000000a   Code   RO         1273    i.app_port_kv_get   app_port.o
    0x00021d40   0x00021d40   0x0000000c   Code   RO         1274    i.app_port_kv_init  app_port.o
    0x00021d4c   0x00021d4c   0x00000008   Code   RO         1275    i.app_port_kv_set   app_port.o
    0x00021d54   0x00021d54   0x0000000a   Code   RO         1276    i.app_port_local_clock_start  app_port.o
    0x00021d5e   0x00021d5e   0x0000000c   Code   RO         1277    i.app_port_malloc   app_port.o
    0x00021d6a   0x00021d6a   0x00000008   Code   RO         1278    i.app_port_num_array_2_int  app_port.o
    0x00021d72   0x00021d72   0x00000008   Code   RO         1279    i.app_port_nv_erase  app_port.o
    0x00021d7a   0x00021d7a   0x00000008   Code   RO         1280    i.app_port_nv_read  app_port.o
    0x00021d82   0x00021d82   0x00000008   Code   RO         1281    i.app_port_nv_write  app_port.o
    0x00021d8a   0x00021d8a   0x00000002   PAD
    0x00021d8c   0x00021d8c   0x000000a0   Code   RO         1282    i.app_port_ota_rsp  app_port.o
    0x00021e2c   0x00021e2c   0x00000008   Code   RO         1283    i.app_port_reverse_byte  app_port.o
    0x00021e34   0x00021e34   0x00000008   Code   RO         1284    i.app_port_set_bt_mac_addr  app_port.o
    0x00021e3c   0x00021e3c   0x00000008   Code   RO         1285    i.app_port_string_op_hex2hexstr  app_port.o
    0x00021e44   0x00021e44   0x00000008   Code   RO         1286    i.app_port_string_op_hexstr2hex  app_port.o
    0x00021e4c   0x00021e4c   0x00000008   Code   RO         1287    i.app_port_timer_create  app_port.o
    0x00021e54   0x00021e54   0x00000008   Code   RO         1289    i.app_port_timer_start  app_port.o
    0x00021e5c   0x00021e5c   0x00000008   Code   RO         1290    i.app_port_timer_stop  app_port.o
    0x00021e64   0x00021e64   0x00000008   Code   RO         1291    i.app_port_tuya_ble_device_factory_reset  app_port.o
    0x00021e6c   0x00021e6c   0x00000008   Code   RO         1292    i.app_port_uart_send_data  app_port.o
    0x00021e74   0x00021e74   0x0000000a   Code   RO         1293    i.app_port_update_timestamp  app_port.o
    0x00021e7e   0x00021e7e   0x0000000a   Code   RO         1196    i.app_test_init     app_test.o
    0x00021e88   0x00021e88   0x0000000a   Code   RO          545    i.app_test_outtime_cb  lock_timer.o
    0x00021e92   0x00021e92   0x00000002   PAD
    0x00021e94   0x00021e94   0x0000000c   Code   RO          546    i.app_test_outtime_cb_handler  lock_timer.o
    0x00021ea0   0x00021ea0   0x00000040   Code   RO         1197    i.app_test_pre_process  app_test.o
    0x00021ee0   0x00021ee0   0x000001d4   Code   RO         1198    i.app_test_process  app_test.o
    0x000220b4   0x000220b4   0x00000258   Code   RO         1199    i.app_test_query_info_handler  app_test.o
    0x0002230c   0x0002230c   0x0000000a   Code   RO          547    i.app_test_reset_outtime_cb  lock_timer.o
    0x00022316   0x00022316   0x00000008   Code   RO          548    i.app_test_reset_outtime_cb_handler  lock_timer.o
    0x0002231e   0x0002231e   0x00000002   PAD
    0x00022320   0x00022320   0x00000044   Code   RO         1200    i.app_test_rsp      app_test.o
    0x00022364   0x00022364   0x000000b0   Code   RO         1201    i.app_test_write_auth_info_handler  app_test.o
    0x00022414   0x00022414   0x00000078   Code   RO         6147    i.applib_dt_dayindex  tuya_ble_sdk_bk3431q.lib(tuya_ble_unix_time.o)
    0x0002248c   0x0002248c   0x00000028   Code   RO         6148    i.applib_dt_is_leap_year  tuya_ble_sdk_bk3431q.lib(tuya_ble_unix_time.o)
    0x000224b4   0x000224b4   0x0000002c   Code   RO         6149    i.applib_dt_last_day_of_mon  tuya_ble_sdk_bk3431q.lib(tuya_ble_unix_time.o)
    0x000224e0   0x000224e0   0x00000028   Code   RO         5156    i.appm_add_svc      app.o
    0x00022508   0x00022508   0x0000002c   Code   RO         5157    i.appm_disconnect   app.o
    0x00022534   0x00022534   0x00000014   Code   RO         5158    i.appm_get_dev_name  app.o
    0x00022548   0x00022548   0x0000005c   Code   RO         5159    i.appm_init         app.o
    0x000225a4   0x000225a4   0x00000058   Code   RO         5311    i.appm_msg_handler  app_task.o
    0x000225fc   0x000225fc   0x000000f8   Code   RO         5160    i.appm_start_advertising  app.o
    0x000226f4   0x000226f4   0x00000078   Code   RO         5161    i.appm_stop_advertising  app.o
    0x0002276c   0x0002276c   0x00000058   Code   RO         5162    i.appm_update_adv_data  app.o
    0x000227c4   0x000227c4   0x00000044   Code   RO         5163    i.appm_update_param  app.o
    0x00022808   0x00022808   0x00000064   Code   RO         3512    i.assert_err        arch_main.o
    0x0002286c   0x0002286c   0x00000074   Code   RO         3513    i.assert_param      arch_main.o
    0x000228e0   0x000228e0   0x00000022   Code   RO         1543    i.auth_settings_crc_ok  tuya_ble_storage.o
    0x00022902   0x00022902   0x00000002   PAD
    0x00022904   0x00022904   0x0000001c   Code   RO         3120    i.bk_adv_param_set  bk_scan_adv.o
    0x00022920   0x00022920   0x00000008   Code   RO         3121    i.bk_adv_start      bk_scan_adv.o
    0x00022928   0x00022928   0x00000018   Code   RO         3123    i.bk_adv_update_advDataAndScanRsp  bk_scan_adv.o
    0x00022940   0x00022940   0x00000068   Code   RO         3195    i.bk_ble_notify     bk_svc.o
    0x000229a8   0x000229a8   0x00000054   Code   RO         3196    i.bk_ble_notify_handler  bk_svc.o
    0x000229fc   0x000229fc   0x00000032   Code   RO         3157    i.bk_conn_param_update  bk_ble.o
    0x00022a2e   0x00022a2e   0x00000008   Code   RO         3280    i.bk_delay_ms       bk_timer.o
    0x00022a36   0x00022a36   0x00000008   Code   RO         3158    i.bk_disconnect     bk_ble.o
    0x00022a3e   0x00022a3e   0x00000002   PAD
    0x00022a40   0x00022a40   0x00000018   Code   RO         3057    i.bk_enter_critical  bk_common.o
    0x00022a58   0x00022a58   0x00000020   Code   RO         3058    i.bk_exit_critical  bk_common.o
    0x00022a78   0x00022a78   0x00000010   Code   RO         3391    i.bk_flash_erase    bk_flash.o
    0x00022a88   0x00022a88   0x00000002   Code   RO         3392    i.bk_flash_init     bk_flash.o
    0x00022a8a   0x00022a8a   0x00000012   Code   RO         3393    i.bk_flash_read     bk_flash.o
    0x00022a9c   0x00022a9c   0x00000012   Code   RO         3394    i.bk_flash_write    bk_flash.o
    0x00022aae   0x00022aae   0x00000020   Code   RO         3159    i.bk_get_bt_mac_addr  bk_ble.o
    0x00022ace   0x00022ace   0x00000002   PAD
    0x00022ad0   0x00022ad0   0x00000014   Code   RO         3284    i.bk_get_old_timestamp  bk_timer.o
    0x00022ae4   0x00022ae4   0x00000010   Code   RO         3285    i.bk_get_timestamp  bk_timer.o
    0x00022af4   0x00022af4   0x0000007c   Code   RO         3160    i.bk_init_bt_mac_addr  bk_ble.o
    0x00022b70   0x00022b70   0x00000018   Code   RO         3286    i.bk_local_timer_start  bk_timer.o
    0x00022b88   0x00022b88   0x0000000e   Code   RO         3059    i.bk_log_hexdump    bk_common.o
    0x00022b96   0x00022b96   0x00000002   Code   RO         3060    i.bk_log_hexdump_empty  bk_common.o
    0x00022b98   0x00022b98   0x0000003c   Code   RO         3062    i.bk_log_init       bk_common.o
    0x00022bd4   0x00022bd4   0x00000010   Code   RO         3287    i.bk_rtc_handler    bk_timer.o
    0x00022be4   0x00022be4   0x0000002c   Code   RO         3161    i.bk_set_bt_mac_addr  bk_ble.o
    0x00022c10   0x00022c10   0x00000008   Code   RO         3198    i.bk_svc_receive_data  bk_svc.o
    0x00022c18   0x00022c18   0x0000000c   Code   RO         3199    i.bk_svc_send_data  bk_svc.o
    0x00022c24   0x00022c24   0x00000020   Code   RO         3200    i.bk_svc_send_data_complete  bk_svc.o
    0x00022c44   0x00022c44   0x0000000a   Code   RO         3063    i.bk_system_reset   bk_common.o
    0x00022c4e   0x00022c4e   0x00000002   Code   RO         3488    i.bk_test           bk_test.o
    0x00022c50   0x00022c50   0x00000010   Code   RO         5312    i.bk_timer0_handler  app_task.o
    0x00022c60   0x00022c60   0x00000010   Code   RO         5313    i.bk_timer10_handler  app_task.o
    0x00022c70   0x00022c70   0x00000010   Code   RO         5314    i.bk_timer11_handler  app_task.o
    0x00022c80   0x00022c80   0x00000010   Code   RO         5315    i.bk_timer12_handler  app_task.o
    0x00022c90   0x00022c90   0x00000010   Code   RO         5316    i.bk_timer13_handler  app_task.o
    0x00022ca0   0x00022ca0   0x00000010   Code   RO         5317    i.bk_timer14_handler  app_task.o
    0x00022cb0   0x00022cb0   0x0000000e   Code   RO         5318    i.bk_timer15_handler  app_task.o
    0x00022cbe   0x00022cbe   0x00000002   PAD
    0x00022cc0   0x00022cc0   0x00000010   Code   RO         5319    i.bk_timer16_handler  app_task.o
    0x00022cd0   0x00022cd0   0x00000010   Code   RO         5320    i.bk_timer17_handler  app_task.o
    0x00022ce0   0x00022ce0   0x00000010   Code   RO         5321    i.bk_timer18_handler  app_task.o
    0x00022cf0   0x00022cf0   0x00000010   Code   RO         5322    i.bk_timer19_handler  app_task.o
    0x00022d00   0x00022d00   0x00000010   Code   RO         5323    i.bk_timer1_handler  app_task.o
    0x00022d10   0x00022d10   0x00000010   Code   RO         5324    i.bk_timer2_handler  app_task.o
    0x00022d20   0x00022d20   0x00000010   Code   RO         5325    i.bk_timer3_handler  app_task.o
    0x00022d30   0x00022d30   0x00000010   Code   RO         5326    i.bk_timer4_handler  app_task.o
    0x00022d40   0x00022d40   0x00000010   Code   RO         5327    i.bk_timer5_handler  app_task.o
    0x00022d50   0x00022d50   0x00000010   Code   RO         5328    i.bk_timer6_handler  app_task.o
    0x00022d60   0x00022d60   0x00000010   Code   RO         5329    i.bk_timer7_handler  app_task.o
    0x00022d70   0x00022d70   0x00000010   Code   RO         5330    i.bk_timer8_handler  app_task.o
    0x00022d80   0x00022d80   0x00000010   Code   RO         5331    i.bk_timer9_handler  app_task.o
    0x00022d90   0x00022d90   0x00000044   Code   RO         3288    i.bk_timer_create   bk_timer.o
    0x00022dd4   0x00022dd4   0x00000074   Code   RO         3290    i.bk_timer_handler  bk_timer.o
    0x00022e48   0x00022e48   0x00000034   Code   RO         3292    i.bk_timer_start    bk_timer.o
    0x00022e7c   0x00022e7c   0x00000040   Code   RO         3293    i.bk_timer_start_0  bk_timer.o
    0x00022ebc   0x00022ebc   0x0000000c   Code   RO         3294    i.bk_timer_stop     bk_timer.o
    0x00022ec8   0x00022ec8   0x00000030   Code   RO         3295    i.bk_timer_stop_0   bk_timer.o
    0x00022ef8   0x00022ef8   0x00000018   Code   RO         3240    i.bk_uart1_init     bk_uart.o
    0x00022f10   0x00022f10   0x00000008   Code   RO         3241    i.bk_uart1_send     bk_uart.o
    0x00022f18   0x00022f18   0x00000018   Code   RO         3242    i.bk_uart2_init     bk_uart.o
    0x00022f30   0x00022f30   0x00000010   Code   RO         3296    i.bk_update_timestamp  bk_timer.o
    0x00022f40   0x00022f40   0x00000098   Code   RO         5820    i.ble_data_unpack   tuya_ble_sdk_bk3431q.lib(tuya_ble_data_handler.o)
    0x00022fd8   0x00022fd8   0x0000000a   Code   RO          549    i.bonding_conn_outtime_cb  lock_timer.o
    0x00022fe2   0x00022fe2   0x0000000a   Code   RO          550    i.bonding_conn_outtime_cb_handler  lock_timer.o
    0x00022fec   0x00022fec   0x00000050   Code   RO         2393    i.byte_str_concatenate  fpe_str.o
    0x0002303c   0x0002303c   0x0000004c   Code   RO         2394    i.byte_str_copy_of_range  fpe_str.o
    0x00023088   0x00023088   0x00000004   Code   RO         2395    i.byte_str_to_num   fpe_str.o
    0x0002308c   0x0002308c   0x0000001c   Code   RO         2280    i.calcb             ff1.o
    0x000230a8   0x000230a8   0x0000004a   Code   RO         2281    i.calcc             ff1.o
    0x000230f2   0x000230f2   0x0000000e   Code   RO         2282    i.calcd             ff1.o
    0x00023100   0x00023100   0x00000016   Code   RO         2358    i.ceil2             fpe_math.o
    0x00023116   0x00023116   0x00000002   PAD
    0x00023118   0x00023118   0x000000c8   Code   RO         2481    i.check_and_recovery_env_cb  ef_env.o
    0x000231e0   0x000231e0   0x00000020   Code   RO         2482    i.check_and_recovery_gc_cb  ef_env.o
    0x00023200   0x00023200   0x0000002c   Code   RO         2483    i.check_sec_hdr_cb  ef_env.o
    0x0002322c   0x0002322c   0x00000018   Code   RO         6191    i.check_sum         tuya_ble_sdk_bk3431q.lib(tuya_ble_utils.o)
    0x00023244   0x00023244   0x00000010   Code   RO         4564    i.check_uart_stop   uart.o
    0x00023254   0x00023254   0x00000064   Code   RO         4218    i.clr_flash_qwfr    flash.o
    0x000232b8   0x000232b8   0x0000000a   Code   RO          551    i.conn_monitor_outtime_cb  lock_timer.o
    0x000232c2   0x000232c2   0x00000002   PAD
    0x000232c4   0x000232c4   0x000000a4   Code   RO          552    i.conn_monitor_outtime_cb_handler  lock_timer.o
    0x00023368   0x00023368   0x0000000a   Code   RO          553    i.conn_param_update_outtime_cb  lock_timer.o
    0x00023372   0x00023372   0x00000002   PAD
    0x00023374   0x00023374   0x00000014   Code   RO          554    i.conn_param_update_outtime_cb_handler  lock_timer.o
    0x00023388   0x00023388   0x0000001a   Code   RO         1834    i.cpt_check_sum     cpt_math.o
    0x000233a2   0x000233a2   0x00000002   PAD
    0x000233a4   0x000233a4   0x0000003c   Code   RO         1836    i.cpt_crc16_compute  cpt_math.o
    0x000233e0   0x000233e0   0x0000003c   Code   RO         1837    i.cpt_crc32_compute  cpt_math.o
    0x0002341c   0x0002341c   0x00000024   Code   RO         1838    i.cpt_num_array_2_int  cpt_math.o
    0x00023440   0x00023440   0x0000001e   Code   RO         1839    i.cpt_reverse_byte  cpt_math.o
    0x0002345e   0x0002345e   0x00000008   Code   RO         4060    i.cpu_idle_sleep    icu.o
    0x00023466   0x00023466   0x00000002   PAD
    0x00023468   0x00023468   0x00000054   Code   RO         4061    i.cpu_reduce_voltage_sleep  icu.o
    0x000234bc   0x000234bc   0x00000040   Code   RO         4062    i.cpu_wakeup        icu.o
    0x000234fc   0x000234fc   0x0000001c   Code   RO         2396    i.create_byte_str   fpe_str.o
    0x00023518   0x00023518   0x00000268   Code   RO         2484    i.create_env_blob   ef_env.o
    0x00023780   0x00023780   0x000000d4   Code   RO         6449    i.data_2_klvlist    tuya_ble_sdk_bk3431q.lib(tuya_ble_mutli_tsf_protocol.o)
    0x00023854   0x00023854   0x0000029c   Code   RO         2283    i.decrypt           ff1.o
    0x00023af0   0x00023af0   0x00000094   Code   RO         2485    i.del_env           ef_env.o
    0x00023b84   0x00023b84   0x0000000a   Code   RO          555    i.delay_report_outtime_cb  lock_timer.o
    0x00023b8e   0x00023b8e   0x00000008   Code   RO          556    i.delay_report_outtime_cb_handler  lock_timer.o
    0x00023b96   0x00023b96   0x00000002   PAD
    0x00023b98   0x00023b98   0x00000030   Code   RO          463    i.delay_report_outtime_handler  lock_dp_report.o
    0x00023bc8   0x00023bc8   0x00000118   Code   RO         2486    i.do_gc             ef_env.o
    0x00023ce0   0x00023ce0   0x00000090   Code   RO         2465    i.easyflash_init    easyflash.o
    0x00023d70   0x00023d70   0x00000024   Code   RO         2753    i.ef_calc_crc32     ef_utils.o
    0x00023d94   0x00023d94   0x00000058   Code   RO         2488    i.ef_del_env        ef_env.o
    0x00023dec   0x00023dec   0x00000118   Code   RO         2489    i.ef_env_init       ef_env.o
    0x00023f04   0x00023f04   0x00000134   Code   RO         2490    i.ef_env_set_default  ef_env.o
    0x00024038   0x00024038   0x00000078   Code   RO         2492    i.ef_get_env_blob   ef_env.o
    0x000240b0   0x000240b0   0x000000bc   Code   RO         2494    i.ef_load_env       ef_env.o
    0x0002416c   0x0002416c   0x0000007c   Code   RO         2767    i.ef_log_debug      ef_port.o
    0x000241e8   0x000241e8   0x00000002   Code   RO         2768    i.ef_log_info       ef_port.o
    0x000241ea   0x000241ea   0x00000002   Code   RO         2769    i.ef_port_env_lock  ef_port.o
    0x000241ec   0x000241ec   0x00000002   Code   RO         2770    i.ef_port_env_unlock  ef_port.o
    0x000241ee   0x000241ee   0x00000002   PAD
    0x000241f0   0x000241f0   0x000000a4   Code   RO         2771    i.ef_port_erase     ef_port.o
    0x00024294   0x00024294   0x00000014   Code   RO         2772    i.ef_port_init      ef_port.o
    0x000242a8   0x000242a8   0x00000008   Code   RO         2773    i.ef_port_read      ef_port.o
    0x000242b0   0x000242b0   0x00000094   Code   RO         2774    i.ef_port_write     ef_port.o
    0x00024344   0x00024344   0x00000054   Code   RO         2499    i.ef_set_env_blob   ef_env.o
    0x00024398   0x00024398   0x00000180   Code   RO         2841    i.elog_hexdump      elog.o
    0x00024518   0x00024518   0x00000028   Code   RO         2842    i.elog_init         elog.o
    0x00024540   0x00024540   0x00000350   Code   RO         2843    i.elog_output       elog.o
    0x00024890   0x00024890   0x0000001c   Code   RO         2844    i.elog_output_lock  elog.o
    0x000248ac   0x000248ac   0x0000002c   Code   RO         2845    i.elog_output_lock_enabled  elog.o
    0x000248d8   0x000248d8   0x0000001c   Code   RO         2846    i.elog_output_unlock  elog.o
    0x000248f4   0x000248f4   0x00000010   Code   RO         3006    i.elog_port_get_p_info  elog_port.o
    0x00024904   0x00024904   0x0000000c   Code   RO         3007    i.elog_port_get_t_info  elog_port.o
    0x00024910   0x00024910   0x00000010   Code   RO         3008    i.elog_port_get_time  elog_port.o
    0x00024920   0x00024920   0x00000004   Code   RO         3009    i.elog_port_init    elog_port.o
    0x00024924   0x00024924   0x00000014   Code   RO         3010    i.elog_port_output  elog_port.o
    0x00024938   0x00024938   0x00000008   Code   RO         3011    i.elog_port_output_lock  elog_port.o
    0x00024940   0x00024940   0x00000008   Code   RO         3012    i.elog_port_output_unlock  elog_port.o
    0x00024948   0x00024948   0x000000cc   Code   RO         2850    i.elog_set_filter_lvl  elog.o
    0x00024a14   0x00024a14   0x000000d8   Code   RO         2852    i.elog_set_fmt      elog.o
    0x00024aec   0x00024aec   0x000000a0   Code   RO         2854    i.elog_start        elog.o
    0x00024b8c   0x00024b8c   0x00000114   Code   RO         2983    i.elog_strcpy       elog_utils.o
    0x00024ca0   0x00024ca0   0x00000018   Code   RO         4355    i.emi_init          emi.o
    0x00024cb8   0x00024cb8   0x00000060   Code   RO         2500    i.env_iterator      ef_env.o
    0x00024d18   0x00024d18   0x00000084   Code   RO         1202    i.factory_test_process  app_test.o
    0x00024d9c   0x00024d9c   0x0000000e   Code   RO         5050    i.fff0s_cleanup     fff0s.o
    0x00024daa   0x00024daa   0x0000000e   Code   RO         5051    i.fff0s_create      fff0s.o
    0x00024db8   0x00024db8   0x0000001c   Code   RO         5052    i.fff0s_destroy     fff0s.o
    0x00024dd4   0x00024dd4   0x00000004   Code   RO         5254    i.fff0s_fff1_level_ntf_cfg_ind_handler  app_fff0.o
    0x00024dd8   0x00024dd8   0x00000038   Code   RO         5116    i.fff0s_fff1_level_upd_req_handler  fff0s_task.o
    0x00024e10   0x00024e10   0x00000032   Code   RO         5053    i.fff0s_get_att_handle  fff0s.o
    0x00024e42   0x00024e42   0x0000003e   Code   RO         5054    i.fff0s_get_att_idx  fff0s.o
    0x00024e80   0x00024e80   0x000000b0   Code   RO         5055    i.fff0s_init        fff0s.o
    0x00024f30   0x00024f30   0x00000040   Code   RO         5056    i.fff0s_notify_fff1_lvl  fff0s.o
    0x00024f70   0x00024f70   0x00000008   Code   RO         5057    i.fff0s_prf_itf_get  fff0s.o
    0x00024f78   0x00024f78   0x00000004   Code   RO         5255    i.fff1_level_upd_handler  app_fff0.o
    0x00024f7c   0x00024f7c   0x00000010   Code   RO         5256    i.fff2_writer_req_handler  app_fff0.o
    0x00024f8c   0x00024f8c   0x00000040   Code   RO         2501    i.find_env          ef_env.o
    0x00024fcc   0x00024fcc   0x0000003e   Code   RO         2502    i.find_env_cb       ef_env.o
    0x0002500a   0x0002500a   0x00000002   PAD
    0x0002500c   0x0002500c   0x00000020   Code   RO         2503    i.find_env_no_cache  ef_env.o
    0x0002502c   0x0002502c   0x00000078   Code   RO         2504    i.find_next_env_addr  ef_env.o
    0x000250a4   0x000250a4   0x0000007c   Code   RO         4219    i.flash_advance_init  flash.o
    0x00025120   0x00025120   0x000000b8   Code   RO         4220    i.flash_erase       flash.o
    0x000251d8   0x000251d8   0x0000003c   Code   RO         4221    i.flash_erase_sector  flash.o
    0x00025214   0x00025214   0x0000002c   Code   RO         4222    i.flash_init        flash.o
    0x00025240   0x00025240   0x0000002e   Code   RO         4223    i.flash_read        flash.o
    0x0002526e   0x0002526e   0x00000002   PAD
    0x00025270   0x00025270   0x0000008c   Code   RO         4224    i.flash_read_data   flash.o
    0x000252fc   0x000252fc   0x00000024   Code   RO         4225    i.flash_read_sr     flash.o
    0x00025320   0x00025320   0x00000024   Code   RO         4226    i.flash_set_dual_mode  flash.o
    0x00025344   0x00025344   0x00000060   Code   RO         4230    i.flash_wp_ALL      flash.o
    0x000253a4   0x000253a4   0x00000060   Code   RO         4231    i.flash_wp_NONE     flash.o
    0x00025404   0x00025404   0x0000007c   Code   RO         4232    i.flash_write       flash.o
    0x00025480   0x00025480   0x000000d8   Code   RO         4233    i.flash_write_data  flash.o
    0x00025558   0x00025558   0x000000d0   Code   RO         4234    i.flash_write_sr    flash.o
    0x00025628   0x00025628   0x000000f0   Code   RO         2505    i.format_sector     ef_env.o
    0x00025718   0x00025718   0x00000070   Code   RO         2346    i.fpe_decrypt       fpe_decrypt.o
    0x00025788   0x00025788   0x00000012   Code   RO         2359    i.fpe_int_pow       fpe_math.o
    0x0002579a   0x0002579a   0x00000010   Code   RO         2360    i.fpe_mod           fpe_math.o
    0x000257aa   0x000257aa   0x00000020   Code   RO         2361    i.fpe_mod_pow       fpe_math.o
    0x000257ca   0x000257ca   0x00000056   Code   RO         2362    i.fpe_mod_pow_radix  fpe_math.o
    0x00025820   0x00025820   0x0000001c   Code   RO         6451    i.free_klv_list     tuya_ble_sdk_bk3431q.lib(tuya_ble_mutli_tsf_protocol.o)
    0x0002583c   0x0002583c   0x0000015c   Code   RO         5332    i.gapc_cmp_evt_handler  app_task.o
    0x00025998   0x00025998   0x00000090   Code   RO         5333    i.gapc_connection_req_ind_handler  app_task.o
    0x00025a28   0x00025a28   0x0000007c   Code   RO         5334    i.gapc_disconnect_ind_handler  app_task.o
    0x00025aa4   0x00025aa4   0x00000070   Code   RO         5335    i.gapc_get_dev_info_req_ind_handler  app_task.o
    0x00025b14   0x00025b14   0x000000f4   Code   RO         5336    i.gapc_le_pkt_size_ind_handler  app_task.o
    0x00025c08   0x00025c08   0x00000068   Code   RO         5337    i.gapc_param_update_req_ind_handler  app_task.o
    0x00025c70   0x00025c70   0x000000ac   Code   RO         5338    i.gapc_param_updated_ind_handler  app_task.o
    0x00025d1c   0x00025d1c   0x00000024   Code   RO         5339    i.gapc_set_dev_info_req_ind_handler  app_task.o
    0x00025d40   0x00025d40   0x00000118   Code   RO         5340    i.gapm_cmp_evt_handler  app_task.o
    0x00025e58   0x00025e58   0x00000020   Code   RO         5341    i.gapm_device_ready_ind_handler  app_task.o
    0x00025e78   0x00025e78   0x0000000c   Code   RO         5342    i.gapm_profile_added_ind_handler  app_task.o
    0x00025e84   0x00025e84   0x00000050   Code   RO         5117    i.gattc_att_info_req_ind_handler  fff0s_task.o
    0x00025ed4   0x00025ed4   0x00000022   Code   RO         5118    i.gattc_cmp_evt_handler  fff0s_task.o
    0x00025ef6   0x00025ef6   0x00000002   PAD
    0x00025ef8   0x00025ef8   0x00000078   Code   RO         5343    i.gattc_mtu_changed_ind_handler  app_task.o
    0x00025f70   0x00025f70   0x00000090   Code   RO         5119    i.gattc_read_req_ind_handler  fff0s_task.o
    0x00026000   0x00026000   0x000000d8   Code   RO         5120    i.gattc_write_req_ind_handler  fff0s_task.o
    0x000260d8   0x000260d8   0x00000010   Code   RO         2506    i.gc_check_cb       ef_env.o
    0x000260e8   0x000260e8   0x000000cc   Code   RO         2507    i.gc_collect        ef_env.o
    0x000261b4   0x000261b4   0x00000070   Code   RO         2508    i.get_env_from_cache  ef_env.o
    0x00026224   0x00026224   0x0000002c   Code   RO         4235    i.get_flash_ID      flash.o
    0x00026250   0x00026250   0x000000dc   Code   RO         2855    i.get_fmt_enabled   elog.o
    0x0002632c   0x0002632c   0x00000054   Code   RO         2509    i.get_next_env_addr  ef_env.o
    0x00026380   0x00026380   0x00000034   Code   RO         2510    i.get_next_sector_addr  ef_env.o
    0x000263b4   0x000263b4   0x0000002c   Code   RO         2511    i.get_sector_from_cache  ef_env.o
    0x000263e0   0x000263e0   0x0000001e   Code   RO         2512    i.get_status        ef_env.o
    0x000263fe   0x000263fe   0x00000002   PAD
    0x00026400   0x00026400   0x000000f8   Code   RO          671    i.get_timer_string  lock_dynamic_pwd.o
    0x000264f8   0x000264f8   0x00000004   Code   RO         6455    i.get_trsmitr_subpkg  tuya_ble_sdk_bk3431q.lib(tuya_ble_mutli_tsf_protocol.o)
    0x000264fc   0x000264fc   0x00000004   Code   RO         6456    i.get_trsmitr_subpkg_len  tuya_ble_sdk_bk3431q.lib(tuya_ble_mutli_tsf_protocol.o)
    0x00026500   0x00026500   0x00000034   Code   RO         4132    i.gpio_isr          gpio.o
    0x00026534   0x00026534   0x0000000c   Code   RO         4063    i.icu_get_sleep_mode  icu.o
    0x00026540   0x00026540   0x0000005c   Code   RO         4064    i.icu_init          icu.o
    0x0002659c   0x0002659c   0x00000128   Code   RO         4786    i.init_analog_xvr_reg  rf_xvr.o
    0x000266c4   0x000266c4   0x0000017c   Code   RO         4787    i.initial_xver_BK3435V2_openLoop  rf_xvr.o
    0x00026840   0x00026840   0x00000024   Code   RO         4399    i.intc_init         intc.o
    0x00026864   0x00026864   0x00000124   Code   RO         4788    i.kmod_calibration  rf_xvr.o
    0x00026988   0x00026988   0x00000034   Code   RO          464    i.lock_alarm_record_report  lock_dp_report.o
    0x000269bc   0x000269bc   0x00000048   Code   RO            5    i.lock_common_init  lock_common.o
    0x00026a04   0x00026a04   0x00000768   Code   RO          386    i.lock_dp_parser_handler  lock_dp_parser.o
    0x0002716c   0x0002716c   0x00000020   Code   RO          674    i.lock_dynamic_pwd_verify  lock_dynamic_pwd.o
    0x0002718c   0x0002718c   0x00000028   Code   RO          905    i.lock_evt_delete   app_flash.o
    0x000271b4   0x000271b4   0x0000002c   Code   RO          907    i.lock_evt_load     app_flash.o
    0x000271e0   0x000271e0   0x00000074   Code   RO          908    i.lock_evt_save     app_flash.o
    0x00027254   0x00027254   0x0000001c   Code   RO          909    i.lock_evtid_load   app_flash.o
    0x00027270   0x00027270   0x0000001c   Code   RO          910    i.lock_evtid_save   app_flash.o
    0x0002728c   0x0002728c   0x00000010   Code   RO            6    i.lock_factory_handler  lock_common.o
    0x0002729c   0x0002729c   0x00000012   Code   RO          911    i.lock_flash_erease_all  app_flash.o
    0x000272ae   0x000272ae   0x00000002   PAD
    0x000272b0   0x000272b0   0x0000005c   Code   RO          912    i.lock_flash_init   app_flash.o
    0x0002730c   0x0002730c   0x0000003c   Code   RO          913    i.lock_get_hardid   app_flash.o
    0x00027348   0x00027348   0x00000020   Code   RO          465    i.lock_hard_creat_sub_report  lock_dp_report.o
    0x00027368   0x00027368   0x00000024   Code   RO          466    i.lock_hard_creat_sub_report_with_delay  lock_dp_report.o
    0x0002738c   0x0002738c   0x00000048   Code   RO          915    i.lock_hard_delete  app_flash.o
    0x000273d4   0x000273d4   0x00000070   Code   RO          917    i.lock_hard_delete_all_by_memberid  app_flash.o
    0x00027444   0x00027444   0x00000002   Code   RO          315    i.lock_hard_doorcard_cancel_reg  lock_hard.o
    0x00027446   0x00027446   0x00000004   Code   RO          316    i.lock_hard_doorcard_delete  lock_hard.o
    0x0002744a   0x0002744a   0x00000002   Code   RO          317    i.lock_hard_doorcard_start_reg  lock_hard.o
    0x0002744c   0x0002744c   0x00000002   Code   RO          318    i.lock_hard_face_cancel_reg  lock_hard.o
    0x0002744e   0x0002744e   0x00000004   Code   RO          319    i.lock_hard_face_delete  lock_hard.o
    0x00027452   0x00027452   0x00000002   Code   RO          320    i.lock_hard_face_start_reg  lock_hard.o
    0x00027454   0x00027454   0x00000002   Code   RO          321    i.lock_hard_finger_cancel_reg  lock_hard.o
    0x00027456   0x00027456   0x00000004   Code   RO          322    i.lock_hard_finger_delete  lock_hard.o
    0x0002745a   0x0002745a   0x00000002   Code   RO          323    i.lock_hard_finger_start_reg  lock_hard.o
    0x0002745c   0x0002745c   0x0000001e   Code   RO          918    i.lock_hard_freezeorunfreeze  app_flash.o
    0x0002747a   0x0002747a   0x00000002   PAD
    0x0002747c   0x0002747c   0x0000004c   Code   RO          919    i.lock_hard_freezeorunfreeze_all_by_memberid  app_flash.o
    0x000274c8   0x000274c8   0x00000038   Code   RO          920    i.lock_hard_load    app_flash.o
    0x00027500   0x00027500   0x00000054   Code   RO          922    i.lock_hard_modify_all_by_memberid  app_flash.o
    0x00027554   0x00027554   0x00000094   Code   RO          923    i.lock_hard_modify_in_local_flash  app_flash.o
    0x000275e8   0x000275e8   0x00000050   Code   RO          924    i.lock_hard_save    app_flash.o
    0x00027638   0x00027638   0x000000a4   Code   RO          925    i.lock_hard_save_in_local_flash  app_flash.o
    0x000276dc   0x000276dc   0x000005f2   Code   RO          324    i.lock_hard_uart_simulate  lock_hard.o
    0x00027cce   0x00027cce   0x00000002   PAD
    0x00027cd0   0x00027cd0   0x0000006c   Code   RO          927    i.lock_hardid_load_by_memberid  app_flash.o
    0x00027d3c   0x00027d3c   0x0000000c   Code   RO          928    i.lock_last_evtid   app_flash.o
    0x00027d48   0x00027d48   0x00000084   Code   RO          467    i.lock_offline_evt_report  lock_dp_report.o
    0x00027dcc   0x00027dcc   0x000001cc   Code   RO          768    i.lock_offline_pwd_calculate_T2_T3  lock_offline_pwd.o
    0x00027f98   0x00027f98   0x000000f4   Code   RO          769    i.lock_offline_pwd_clear  lock_offline_pwd.o
    0x0002808c   0x0002808c   0x00000224   Code   RO          772    i.lock_offline_pwd_find  lock_offline_pwd.o
    0x000282b0   0x000282b0   0x000000a0   Code   RO          773    i.lock_offline_pwd_get_T0  lock_offline_pwd.o
    0x00028350   0x00028350   0x00000038   Code   RO          774    i.lock_offline_pwd_load  lock_offline_pwd.o
    0x00028388   0x00028388   0x00000034   Code   RO          775    i.lock_offline_pwd_save  lock_offline_pwd.o
    0x000283bc   0x000283bc   0x000000d4   Code   RO          776    i.lock_offline_pwd_set_T0  lock_offline_pwd.o
    0x00028490   0x00028490   0x00000570   Code   RO          777    i.lock_offline_pwd_verify  lock_offline_pwd.o
    0x00028a00   0x00028a00   0x00000160   Code   RO          468    i.lock_open_meth_sync_new_report  lock_dp_report.o
    0x00028b60   0x00028b60   0x00000058   Code   RO          469    i.lock_open_record_combine_report  lock_dp_report.o
    0x00028bb8   0x00028bb8   0x00000058   Code   RO          470    i.lock_open_record_report  lock_dp_report.o
    0x00028c10   0x00028c10   0x00000040   Code   RO          471    i.lock_open_record_report_offline_pwd  lock_dp_report.o
    0x00028c50   0x00028c50   0x0000001c   Code   RO          472    i.lock_open_record_report_with_delay  lock_dp_report.o
    0x00028c6c   0x00028c6c   0x00000088   Code   RO            7    i.lock_open_with_bt  lock_common.o
    0x00028cf4   0x00028cf4   0x00000090   Code   RO            8    i.lock_open_with_nopwd_remote  lock_common.o
    0x00028d84   0x00028d84   0x0000009c   Code   RO            9    i.lock_remote_anti_lock  lock_common.o
    0x00028e20   0x00028e20   0x00000044   Code   RO          930    i.lock_settings_default  app_flash.o
    0x00028e64   0x00028e64   0x0000002c   Code   RO          932    i.lock_settings_load  app_flash.o
    0x00028e90   0x00028e90   0x0000002c   Code   RO          933    i.lock_settings_save  app_flash.o
    0x00028ebc   0x00028ebc   0x00000084   Code   RO          473    i.lock_state_sync_report  lock_dp_report.o
    0x00028f40   0x00028f40   0x00000088   Code   RO          835    i.lock_test_mode_exit  lock_test.o
    0x00028fc8   0x00028fc8   0x00000348   Code   RO          836    i.lock_test_process  lock_test.o
    0x00029310   0x00029310   0x00000050   Code   RO          837    i.lock_test_rsp     lock_test.o
    0x00029360   0x00029360   0x000000b4   Code   RO          557    i.lock_timer_creat  lock_timer.o
    0x00029414   0x00029414   0x0000001c   Code   RO          559    i.lock_timer_start  lock_timer.o
    0x00029430   0x00029430   0x0000001c   Code   RO          560    i.lock_timer_stop   lock_timer.o
    0x0002944c   0x0002944c   0x00000090   Code   RO         2048    i.mbedtls_aes_crypt_cbc  aes.o
    0x000294dc   0x000294dc   0x0000001c   Code   RO         2051    i.mbedtls_aes_crypt_ecb  aes.o
    0x000294f8   0x000294f8   0x00000010   Code   RO         2054    i.mbedtls_aes_free  aes.o
    0x00029508   0x00029508   0x0000000c   Code   RO         2055    i.mbedtls_aes_init  aes.o
    0x00029514   0x00029514   0x000000d0   Code   RO         2056    i.mbedtls_aes_setkey_dec  aes.o
    0x000295e4   0x000295e4   0x0000019c   Code   RO         2057    i.mbedtls_aes_setkey_enc  aes.o
    0x00029780   0x00029780   0x00000408   Code   RO         2058    i.mbedtls_internal_aes_decrypt  aes.o
    0x00029b88   0x00029b88   0x0000040c   Code   RO         2059    i.mbedtls_internal_aes_encrypt  aes.o
    0x00029f94   0x00029f94   0x00000848   Code   RO         2144    i.mbedtls_internal_md5_process  md5.o
    0x0002a7dc   0x0002a7dc   0x00000008   Code   RO         2147    i.mbedtls_md5_finish  md5.o
    0x0002a7e4   0x0002a7e4   0x000000de   Code   RO         2148    i.mbedtls_md5_finish_ret  md5.o
    0x0002a8c2   0x0002a8c2   0x0000000e   Code   RO         2149    i.mbedtls_md5_free  md5.o
    0x0002a8d0   0x0002a8d0   0x0000000a   Code   RO         2150    i.mbedtls_md5_init  md5.o
    0x0002a8da   0x0002a8da   0x00000008   Code   RO         2153    i.mbedtls_md5_starts  md5.o
    0x0002a8e2   0x0002a8e2   0x00000002   PAD
    0x0002a8e4   0x0002a8e4   0x00000028   Code   RO         2154    i.mbedtls_md5_starts_ret  md5.o
    0x0002a90c   0x0002a90c   0x00000008   Code   RO         2155    i.mbedtls_md5_update  md5.o
    0x0002a914   0x0002a914   0x0000007c   Code   RO         2156    i.mbedtls_md5_update_ret  md5.o
    0x0002a990   0x0002a990   0x00000010   Code   RO         2244    i.mbedtls_platform_zeroize  platform_util.o
    0x0002a9a0   0x0002a9a0   0x00000180   Code   RO         2513    i.move_env          ef_env.o
    0x0002ab20   0x0002ab20   0x00000080   Code   RO         2514    i.new_env           ef_env.o
    0x0002aba0   0x0002aba0   0x00000050   Code   RO         2397    i.num_str_concatenate  fpe_str.o
    0x0002abf0   0x0002abf0   0x00000040   Code   RO         2398    i.num_str_copy_of_range  fpe_str.o
    0x0002ac30   0x0002ac30   0x0000001e   Code   RO         2399    i.num_str_to_num    fpe_str.o
    0x0002ac4e   0x0002ac4e   0x00000036   Code   RO         2400    i.num_to_num_str    fpe_str.o
    0x0002ac84   0x0002ac84   0x0000031c   Code   RO          387    i.open_meth_creat_handler  lock_dp_parser.o
    0x0002afa0   0x0002afa0   0x0000019c   Code   RO          388    i.open_meth_delete_handler  lock_dp_parser.o
    0x0002b13c   0x0002b13c   0x00000020   Code   RO          389    i.open_meth_freeze_or_unfreeze_handler  lock_dp_parser.o
    0x0002b15c   0x0002b15c   0x00000164   Code   RO          390    i.open_meth_modify_handler  lock_dp_parser.o
    0x0002b2c0   0x0002b2c0   0x00000170   Code   RO          391    i.open_meth_sync_handler  lock_dp_parser.o
    0x0002b430   0x0002b430   0x0000007c   Code   RO          392    i.open_meth_sync_new_handler  lock_dp_parser.o
    0x0002b4ac   0x0002b4ac   0x000001c0   Code   RO          393    i.open_with_nopwd_remote_handler  lock_dp_parser.o
    0x0002b66c   0x0002b66c   0x0000006c   Code   RO         3516    i.platform_reset    arch_main.o
    0x0002b6d8   0x0002b6d8   0x00000eb4   Code   RO         6551    i.pow               m_5s.l(pow.o)
    0x0002c58c   0x0002c58c   0x00000088   Code   RO         2327    i.prf               fpe_cipher.o
    0x0002c614   0x0002c614   0x00000088   Code   RO         4948    i.prf_add_profile   prf.o
    0x0002c69c   0x0002c69c   0x00000034   Code   RO         4949    i.prf_cleanup       prf.o
    0x0002c6d0   0x0002c6d0   0x00000030   Code   RO         4950    i.prf_create        prf.o
    0x0002c700   0x0002c700   0x00000010   Code   RO         4951    i.prf_dst_task_get  prf.o
    0x0002c710   0x0002c710   0x00000030   Code   RO         4952    i.prf_env_get       prf.o
    0x0002c740   0x0002c740   0x00000038   Code   RO         4953    i.prf_get_id_from_task  prf.o
    0x0002c778   0x0002c778   0x00000038   Code   RO         4954    i.prf_get_task_from_id  prf.o
    0x0002c7b0   0x0002c7b0   0x00000074   Code   RO         4955    i.prf_init          prf.o
    0x0002c824   0x0002c824   0x00000014   Code   RO         4956    i.prf_itf_get       prf.o
    0x0002c838   0x0002c838   0x00000010   Code   RO         4957    i.prf_src_task_get  prf.o
    0x0002c848   0x0002c848   0x00000044   Code   RO         5954    i.prvHeapInit       tuya_ble_sdk_bk3431q.lib(tuya_ble_heap.o)
    0x0002c88c   0x0002c88c   0x0000004c   Code   RO         5955    i.prvInsertBlockIntoFreeList  tuya_ble_sdk_bk3431q.lib(tuya_ble_heap.o)
    0x0002c8d8   0x0002c8d8   0x00000098   Code   RO         5956    i.pvTuyaPortMalloc  tuya_ble_sdk_bk3431q.lib(tuya_ble_heap.o)
    0x0002c970   0x0002c970   0x000001a4   Code   RO         2516    i.read_env          ef_env.o
    0x0002cb14   0x0002cb14   0x0000022c   Code   RO         2517    i.read_sector_meta_data  ef_env.o
    0x0002cd40   0x0002cd40   0x000000a4   Code   RO         2518    i.read_status       ef_env.o
    0x0002cde4   0x0002cde4   0x0000000c   Code   RO         2401    i.release_str       fpe_str.o
    0x0002cdf0   0x0002cdf0   0x0000000a   Code   RO          561    i.reset_with_disconn_outtime_cb  lock_timer.o
    0x0002cdfa   0x0002cdfa   0x0000000c   Code   RO          562    i.reset_with_disconn_outtime_cb_handler  lock_timer.o
    0x0002ce06   0x0002ce06   0x00000002   PAD
    0x0002ce08   0x0002ce08   0x00000014   Code   RO         4789    i.rf_force_agc_enable  rf_xvr.o
    0x0002ce1c   0x0002ce1c   0x00000048   Code   RO         4790    i.rf_init           rf_xvr.o
    0x0002ce64   0x0002ce64   0x00000002   Code   RO         4791    i.rf_reset          rf_xvr.o
    0x0002ce66   0x0002ce66   0x00000004   Code   RO         4792    i.rf_rpl_reg_rd     rf_xvr.o
    0x0002ce6a   0x0002ce6a   0x00000004   Code   RO         4793    i.rf_rpl_reg_wr     rf_xvr.o
    0x0002ce6e   0x0002ce6e   0x0000000a   Code   RO         4794    i.rf_rssi_convert   rf_xvr.o
    0x0002ce78   0x0002ce78   0x0000000e   Code   RO         4795    i.rf_sleep          rf_xvr.o
    0x0002ce86   0x0002ce86   0x00000004   Code   RO         4796    i.rf_txpwr_dbm_get  rf_xvr.o
    0x0002ce8a   0x0002ce8a   0x00000002   PAD
    0x0002ce8c   0x0002ce8c   0x000000a4   Code   RO         3518    i.rom_env_init      arch_main.o
    0x0002cf30   0x0002cf30   0x00000074   Code   RO         4882    i.rtc_alarm_init    rtc.o
    0x0002cfa4   0x0002cfa4   0x00000024   Code   RO         4888    i.rtc_isr           rtc.o
    0x0002cfc8   0x0002cfc8   0x00000064   Code   RO         3519    i.rw_app_enter      arch_main.o
    0x0002d02c   0x0002d02c   0x00000008   Ven    RO         3521    i.rw_main           arch_main.o
    0x0002d034   0x0002d034   0x0000018c   Code   RO         3521    i.rw_main           arch_main.o
    0x0002d1c0   0x0002d1c0   0x0000001c   Code   RO         3850    i.rwble_hl_init     rwble_hl.o
    0x0002d1dc   0x0002d1dc   0x0000001c   Code   RO         3851    i.rwble_hl_reset    rwble_hl.o
    0x0002d1f8   0x0002d1f8   0x0000001c   Code   RO         3703    i.rwble_init        rwble.o
    0x0002d214   0x0002d214   0x000000fc   Code   RO         3704    i.rwble_isr         rwble.o
    0x0002d310   0x0002d310   0x00000056   Code   RO         3705    i.rwble_reset       rwble.o
    0x0002d366   0x0002d366   0x00000002   PAD
    0x0002d368   0x0002d368   0x00000014   Code   RO         3706    i.rwble_sleep_check  rwble.o
    0x0002d37c   0x0002d37c   0x00000022   Code   RO         3886    i.rwip_check_wakeup_boundary  rwip.o
    0x0002d39e   0x0002d39e   0x00000002   PAD
    0x0002d3a0   0x0002d3a0   0x00000028   Code   RO         3522    i.rwip_eif_api_init  arch_main.o
    0x0002d3c8   0x0002d3c8   0x00000014   Code   RO         3523    i.rwip_eif_get      arch_main.o
    0x0002d3dc   0x0002d3dc   0x000000d4   Code   RO         3888    i.rwip_init         rwip.o
    0x0002d4b0   0x0002d4b0   0x00000030   Code   RO         3889    i.rwip_prevent_sleep_clear  rwip.o
    0x0002d4e0   0x0002d4e0   0x00000030   Code   RO         3891    i.rwip_prevent_sleep_set  rwip.o
    0x0002d510   0x0002d510   0x0000003c   Code   RO         3892    i.rwip_reset        rwip.o
    0x0002d54c   0x0002d54c   0x00000014   Code   RO         3893    i.rwip_schedule     rwip.o
    0x0002d560   0x0002d560   0x0000009c   Code   RO         3894    i.rwip_sleep        rwip.o
    0x0002d5fc   0x0002d5fc   0x00000024   Code   RO         3896    i.rwip_sleep_lpcycles_2_us  rwip.o
    0x0002d620   0x0002d620   0x00000010   Code   RO         3897    i.rwip_us_2_lpcycles  rwip.o
    0x0002d630   0x0002d630   0x00000012   Code   RO         3899    i.rwip_wakeup       rwip.o
    0x0002d642   0x0002d642   0x00000002   PAD
    0x0002d644   0x0002d644   0x00000010   Code   RO         3900    i.rwip_wakeup_delay_set  rwip.o
    0x0002d654   0x0002d654   0x00000028   Code   RO         3901    i.rwip_wakeup_end   rwip.o
    0x0002d67c   0x0002d67c   0x00000056   Code   RO         2519    i.sector_iterator   ef_env.o
    0x0002d6d2   0x0002d6d2   0x00000024   Code   RO         2520    i.sector_statistics_cb  ef_env.o
    0x0002d6f6   0x0002d6f6   0x00000002   PAD
    0x0002d6f8   0x0002d6f8   0x00000098   Code   RO         2521    i.set_env           ef_env.o
    0x0002d790   0x0002d790   0x00000030   Code   RO         4236    i.set_flash_clk     flash.o
    0x0002d7c0   0x0002d7c0   0x00000028   Code   RO         2522    i.set_status        ef_env.o
    0x0002d7e8   0x0002d7e8   0x00000064   Code   RO         6565    i.sqrt              m_5s.l(sqrt.o)
    0x0002d84c   0x0002d84c   0x00000068   Code   RO         4066    i.switch_clk        icu.o
    0x0002d8b4   0x0002d8b4   0x0000000c   Code   RO         3524    i.sys_mode_init     arch_main.o
    0x0002d8c0   0x0002d8c0   0x00000022   Code   RO         1544    i.sys_settings_crc_ok  tuya_ble_storage.o
    0x0002d8e2   0x0002d8e2   0x00000002   PAD
    0x0002d8e4   0x0002d8e4   0x0000001c   Code   RO         4067    i.system_sleep_init  icu.o
    0x0002d900   0x0002d900   0x000000f4   Code   RO          394    i.temp_pw_creat_handler  lock_dp_parser.o
    0x0002d9f4   0x0002d9f4   0x000000e4   Code   RO          395    i.temp_pw_delete_handler  lock_dp_parser.o
    0x0002dad8   0x0002dad8   0x000000e4   Code   RO          396    i.temp_pw_modify_handler  lock_dp_parser.o
    0x0002dbbc   0x0002dbbc   0x00000002   Code   RO         4519    i.timer_init        timer.o
    0x0002dbbe   0x0002dbbe   0x0000002e   Code   RO         2402    i.to_byte_str       fpe_str.o
    0x0002dbec   0x0002dbec   0x00000048   Code   RO         2403    i.to_byte_str_with_bignum  fpe_str.o
    0x0002dc34   0x0002dc34   0x0000000a   Code   RO         6459    i.trsmitr_init      tuya_ble_sdk_bk3431q.lib(tuya_ble_mutli_tsf_protocol.o)
    0x0002dc3e   0x0002dc3e   0x0000010c   Code   RO         6460    i.trsmitr_recv_pkg_decode  tuya_ble_sdk_bk3431q.lib(tuya_ble_mutli_tsf_protocol.o)
    0x0002dd4a   0x0002dd4a   0x00000002   PAD
    0x0002dd4c   0x0002dd4c   0x000000fc   Code   RO         6461    i.trsmitr_send_pkg_encode  tuya_ble_sdk_bk3431q.lib(tuya_ble_mutli_tsf_protocol.o)
    0x0002de48   0x0002de48   0x00000044   Code   RO         6355    i.tuya_ble_Add_Pkcs  tuya_ble_sdk_bk3431q.lib(tuya_ble_cryption_api.o)
    0x0002de8c   0x0002de8c   0x000000f8   Code   RO         6010    i.tuya_ble_adv_change  tuya_ble_sdk_bk3431q.lib(tuya_ble_main.o)
    0x0002df84   0x0002df84   0x00000042   Code   RO         1619    i.tuya_ble_aes128_cbc_decrypt  tuya_ble_port_bk3431q.o
    0x0002dfc6   0x0002dfc6   0x00000042   Code   RO         1620    i.tuya_ble_aes128_cbc_encrypt  tuya_ble_port_bk3431q.o
    0x0002e008   0x0002e008   0x0000004c   Code   RO         1622    i.tuya_ble_aes128_ecb_encrypt  tuya_ble_port_bk3431q.o
    0x0002e054   0x0002e054   0x00000008   Code   RO         1623    i.tuya_ble_app_production_test_process  tuya_ble_port_bk3431q.o
    0x0002e05c   0x0002e05c   0x00000030   Code   RO         5503    i.tuya_ble_callback_queue_register  tuya_ble_sdk_bk3431q.lib(tuya_ble_api.o)
    0x0002e08c   0x0002e08c   0x0000002c   Code   RO         6011    i.tuya_ble_cb_event_send  tuya_ble_sdk_bk3431q.lib(tuya_ble_main.o)
    0x0002e0b8   0x0002e0b8   0x000001c8   Code   RO         5821    i.tuya_ble_commData_send  tuya_ble_sdk_bk3431q.lib(tuya_ble_data_handler.o)
    0x0002e280   0x0002e280   0x0000015c   Code   RO         5822    i.tuya_ble_commonData_rx_proc  tuya_ble_sdk_bk3431q.lib(tuya_ble_data_handler.o)
    0x0002e3dc   0x0002e3dc   0x00000002   Code   RO         5504    i.tuya_ble_connect_monitor_timer_start  tuya_ble_sdk_bk3431q.lib(tuya_ble_api.o)
    0x0002e3de   0x0002e3de   0x00000002   Code   RO         5505    i.tuya_ble_connect_monitor_timer_stop  tuya_ble_sdk_bk3431q.lib(tuya_ble_api.o)
    0x0002e3e0   0x0002e3e0   0x0000000c   Code   RO         6012    i.tuya_ble_connect_status_get  tuya_ble_sdk_bk3431q.lib(tuya_ble_main.o)
    0x0002e3ec   0x0002e3ec   0x00000018   Code   RO         6013    i.tuya_ble_connect_status_set  tuya_ble_sdk_bk3431q.lib(tuya_ble_main.o)
    0x0002e404   0x0002e404   0x00000016   Code   RO         5506    i.tuya_ble_connected_handler  tuya_ble_sdk_bk3431q.lib(tuya_ble_api.o)
    0x0002e41a   0x0002e41a   0x00000002   PAD
    0x0002e41c   0x0002e41c   0x0000003c   Code   RO         6196    i.tuya_ble_crc16_compute  tuya_ble_sdk_bk3431q.lib(tuya_ble_utils.o)
    0x0002e458   0x0002e458   0x0000003c   Code   RO         6197    i.tuya_ble_crc32_compute  tuya_ble_sdk_bk3431q.lib(tuya_ble_utils.o)
    0x0002e494   0x0002e494   0x00000038   Code   RO         6014    i.tuya_ble_custom_event_send  tuya_ble_sdk_bk3431q.lib(tuya_ble_main.o)
    0x0002e4cc   0x0002e4cc   0x0000009c   Code   RO         6356    i.tuya_ble_decryption  tuya_ble_sdk_bk3431q.lib(tuya_ble_cryption_api.o)
    0x0002e568   0x0002e568   0x00000008   Code   RO         1624    i.tuya_ble_device_delay_ms  tuya_ble_port_bk3431q.o
    0x0002e570   0x0002e570   0x00000008   Code   RO         1626    i.tuya_ble_device_enter_critical  tuya_ble_port_bk3431q.o
    0x0002e578   0x0002e578   0x00000008   Code   RO         1627    i.tuya_ble_device_exit_critical  tuya_ble_port_bk3431q.o
    0x0002e580   0x0002e580   0x0000001a   Code   RO         5508    i.tuya_ble_device_factory_reset  tuya_ble_sdk_bk3431q.lib(tuya_ble_api.o)
    0x0002e59a   0x0002e59a   0x00000002   PAD
    0x0002e59c   0x0002e59c   0x0000007c   Code   RO         6357    i.tuya_ble_device_id_encrypt  tuya_ble_sdk_bk3431q.lib(tuya_ble_cryption_api.o)
    0x0002e618   0x0002e618   0x0000000a   Code   RO         1628    i.tuya_ble_device_reset  tuya_ble_port_bk3431q.o
    0x0002e622   0x0002e622   0x00000002   PAD
    0x0002e624   0x0002e624   0x0000002c   Code   RO         5823    i.tuya_ble_device_unbond  tuya_ble_sdk_bk3431q.lib(tuya_ble_data_handler.o)
    0x0002e650   0x0002e650   0x00000016   Code   RO         5512    i.tuya_ble_disconnected_handler  tuya_ble_sdk_bk3431q.lib(tuya_ble_api.o)
    0x0002e666   0x0002e666   0x00000076   Code   RO         5513    i.tuya_ble_dp_data_report  tuya_ble_sdk_bk3431q.lib(tuya_ble_api.o)
    0x0002e6dc   0x0002e6dc   0x00000078   Code   RO         5514    i.tuya_ble_dp_data_with_time_report  tuya_ble_sdk_bk3431q.lib(tuya_ble_api.o)
    0x0002e754   0x0002e754   0x00000042   Code   RO         6358    i.tuya_ble_encrypt_old_with_key  tuya_ble_sdk_bk3431q.lib(tuya_ble_cryption_api.o)
    0x0002e796   0x0002e796   0x00000068   Code   RO         6359    i.tuya_ble_encryption  tuya_ble_sdk_bk3431q.lib(tuya_ble_cryption_api.o)
    0x0002e7fe   0x0002e7fe   0x00000002   PAD
    0x0002e800   0x0002e800   0x00000020   Code   RO         6015    i.tuya_ble_event_init  tuya_ble_sdk_bk3431q.lib(tuya_ble_main.o)
    0x0002e820   0x0002e820   0x000000fc   Code   RO         6016    i.tuya_ble_event_process  tuya_ble_sdk_bk3431q.lib(tuya_ble_main.o)
    0x0002e91c   0x0002e91c   0x00000014   Code   RO         6404    i.tuya_ble_event_queue_init  tuya_ble_sdk_bk3431q.lib(tuya_ble_event.o)
    0x0002e930   0x0002e930   0x00000020   Code   RO         6017    i.tuya_ble_event_send  tuya_ble_sdk_bk3431q.lib(tuya_ble_main.o)
    0x0002e950   0x0002e950   0x00000170   Code   RO         5824    i.tuya_ble_evt_process  tuya_ble_sdk_bk3431q.lib(tuya_ble_data_handler.o)
    0x0002eac0   0x0002eac0   0x0000000e   Code   RO         6118    i.tuya_ble_free     tuya_ble_sdk_bk3431q.lib(tuya_ble_mem.o)
    0x0002eace   0x0002eace   0x00000002   PAD
    0x0002ead0   0x0002ead0   0x00000020   Code   RO         1630    i.tuya_ble_gap_advertising_adv_data_update  tuya_ble_port_bk3431q.o
    0x0002eaf0   0x0002eaf0   0x00000020   Code   RO         1631    i.tuya_ble_gap_advertising_scan_rsp_data_update  tuya_ble_port_bk3431q.o
    0x0002eb10   0x0002eb10   0x0000000a   Code   RO         1632    i.tuya_ble_gap_disconnect  tuya_ble_port_bk3431q.o
    0x0002eb1a   0x0002eb1a   0x0000002e   Code   RO         5515    i.tuya_ble_gatt_receive_data  tuya_ble_sdk_bk3431q.lib(tuya_ble_api.o)
    0x0002eb48   0x0002eb48   0x00000010   Code   RO         1633    i.tuya_ble_gatt_send_data  tuya_ble_port_bk3431q.o
    0x0002eb58   0x0002eb58   0x0000009c   Code   RO         5825    i.tuya_ble_handle_ble_factory_test_req  tuya_ble_sdk_bk3431q.lib(tuya_ble_data_handler.o)
    0x0002ebf4   0x0002ebf4   0x00000060   Code   RO         6018    i.tuya_ble_handle_connect_change_evt  tuya_ble_sdk_bk3431q.lib(tuya_ble_main.o)
    0x0002ec54   0x0002ec54   0x000000c8   Code   RO         5826    i.tuya_ble_handle_dev_infor_req  tuya_ble_sdk_bk3431q.lib(tuya_ble_data_handler.o)
    0x0002ed1c   0x0002ed1c   0x00000034   Code   RO         6019    i.tuya_ble_handle_device_info_update_evt  tuya_ble_sdk_bk3431q.lib(tuya_ble_main.o)
    0x0002ed50   0x0002ed50   0x00000068   Code   RO         5827    i.tuya_ble_handle_device_reset_req  tuya_ble_sdk_bk3431q.lib(tuya_ble_data_handler.o)
    0x0002edb8   0x0002edb8   0x0000006c   Code   RO         6020    i.tuya_ble_handle_dp_data_with_time_reported_evt  tuya_ble_sdk_bk3431q.lib(tuya_ble_main.o)
    0x0002ee24   0x0002ee24   0x00000072   Code   RO         5828    i.tuya_ble_handle_dp_query_req  tuya_ble_sdk_bk3431q.lib(tuya_ble_data_handler.o)
    0x0002ee96   0x0002ee96   0x00000002   PAD
    0x0002ee98   0x0002ee98   0x000000c4   Code   RO         5829    i.tuya_ble_handle_dp_write_req  tuya_ble_sdk_bk3431q.lib(tuya_ble_data_handler.o)
    0x0002ef5c   0x0002ef5c   0x00000082   Code   RO         5830    i.tuya_ble_handle_net_config_info_req  tuya_ble_sdk_bk3431q.lib(tuya_ble_data_handler.o)
    0x0002efde   0x0002efde   0x00000070   Code   RO         5831    i.tuya_ble_handle_ota_req  tuya_ble_sdk_bk3431q.lib(tuya_ble_data_handler.o)
    0x0002f04e   0x0002f04e   0x0000004c   Code   RO         6021    i.tuya_ble_handle_ota_response_evt  tuya_ble_sdk_bk3431q.lib(tuya_ble_main.o)
    0x0002f09a   0x0002f09a   0x00000002   PAD
    0x0002f09c   0x0002f09c   0x000000f0   Code   RO         5832    i.tuya_ble_handle_pair_req  tuya_ble_sdk_bk3431q.lib(tuya_ble_data_handler.o)
    0x0002f18c   0x0002f18c   0x000000a4   Code   RO         6022    i.tuya_ble_handle_uart_cmd_evt  tuya_ble_sdk_bk3431q.lib(tuya_ble_main.o)
    0x0002f230   0x0002f230   0x0000006c   Code   RO         5833    i.tuya_ble_handle_unix_time_char_ms_resp  tuya_ble_sdk_bk3431q.lib(tuya_ble_data_handler.o)
    0x0002f29c   0x0002f29c   0x00000046   Code   RO         6203    i.tuya_ble_hextoascii  tuya_ble_sdk_bk3431q.lib(tuya_ble_utils.o)
    0x0002f2e2   0x0002f2e2   0x0000002a   Code   RO         6023    i.tuya_ble_inter_event_response  tuya_ble_sdk_bk3431q.lib(tuya_ble_main.o)
    0x0002f30c   0x0002f30c   0x0000000c   Code   RO         6204    i.tuya_ble_is_word_aligned_tuya  tuya_ble_sdk_bk3431q.lib(tuya_ble_utils.o)
    0x0002f318   0x0002f318   0x0000014c   Code   RO         6360    i.tuya_ble_key_generate  tuya_ble_sdk_bk3431q.lib(tuya_ble_cryption_api.o)
    0x0002f464   0x0002f464   0x0000001c   Code   RO         5834    i.tuya_ble_lock_test_rsp  tuya_ble_sdk_bk3431q.lib(tuya_ble_data_handler.o)
    0x0002f480   0x0002f480   0x00000008   Code   RO         6024    i.tuya_ble_main_tasks_exec  tuya_ble_sdk_bk3431q.lib(tuya_ble_main.o)
    0x0002f488   0x0002f488   0x00000016   Code   RO         6120    i.tuya_ble_malloc   tuya_ble_sdk_bk3431q.lib(tuya_ble_mem.o)
    0x0002f49e   0x0002f49e   0x00000034   Code   RO         1634    i.tuya_ble_md5_crypt  tuya_ble_port_bk3431q.o
    0x0002f4d2   0x0002f4d2   0x00000002   PAD
    0x0002f4d4   0x0002f4d4   0x00000010   Code   RO         6405    i.tuya_ble_message_send  tuya_ble_sdk_bk3431q.lib(tuya_ble_event.o)
    0x0002f4e4   0x0002f4e4   0x00000014   Code   RO         1635    i.tuya_ble_nv_erase  tuya_ble_port_bk3431q.o
    0x0002f4f8   0x0002f4f8   0x00000004   Code   RO         1636    i.tuya_ble_nv_init  tuya_ble_port_bk3431q.o
    0x0002f4fc   0x0002f4fc   0x0000000a   Code   RO         1637    i.tuya_ble_nv_read  tuya_ble_port_bk3431q.o
    0x0002f506   0x0002f506   0x0000000a   Code   RO         1638    i.tuya_ble_nv_write  tuya_ble_port_bk3431q.o
    0x0002f510   0x0002f510   0x0000006c   Code   RO         5517    i.tuya_ble_ota_response  tuya_ble_sdk_bk3431q.lib(tuya_ble_api.o)
    0x0002f57c   0x0002f57c   0x0000001c   Code   RO         5837    i.tuya_ble_pair_rand_clear  tuya_ble_sdk_bk3431q.lib(tuya_ble_data_handler.o)
    0x0002f598   0x0002f598   0x0000000c   Code   RO         5838    i.tuya_ble_pair_rand_valid_get  tuya_ble_sdk_bk3431q.lib(tuya_ble_data_handler.o)
    0x0002f5a4   0x0002f5a4   0x0000003a   Code   RO         1639    i.tuya_ble_rand_generator  tuya_ble_port_bk3431q.o
    0x0002f5de   0x0002f5de   0x00000002   PAD
    0x0002f5e0   0x0002f5e0   0x0000001c   Code   RO         5839    i.tuya_ble_reset_ble_sn  tuya_ble_sdk_bk3431q.lib(tuya_ble_data_handler.o)
    0x0002f5fc   0x0002f5fc   0x00000064   Code   RO         6406    i.tuya_ble_sched_event_put  tuya_ble_sdk_bk3431q.lib(tuya_ble_event.o)
    0x0002f660   0x0002f660   0x0000002c   Code   RO         6407    i.tuya_ble_sched_init  tuya_ble_sdk_bk3431q.lib(tuya_ble_event.o)
    0x0002f68c   0x0002f68c   0x00000104   Code   RO         5518    i.tuya_ble_sdk_init  tuya_ble_sdk_bk3431q.lib(tuya_ble_api.o)
    0x0002f790   0x0002f790   0x0000000c   Code   RO         5840    i.tuya_ble_set_device_version  tuya_ble_sdk_bk3431q.lib(tuya_ble_data_handler.o)
    0x0002f79c   0x0002f79c   0x0000004c   Code   RO         1545    i.tuya_ble_storage_init  tuya_ble_storage.o
    0x0002f7e8   0x0002f7e8   0x000000cc   Code   RO         1546    i.tuya_ble_storage_load_settings  tuya_ble_storage.o
    0x0002f8b4   0x0002f8b4   0x00000068   Code   RO         1548    i.tuya_ble_storage_save_auth_settings  tuya_ble_storage.o
    0x0002f91c   0x0002f91c   0x00000068   Code   RO         1549    i.tuya_ble_storage_save_sys_settings  tuya_ble_storage.o
    0x0002f984   0x0002f984   0x0000000a   Code   RO         1642    i.tuya_ble_timer_create  tuya_ble_port_bk3431q.o
    0x0002f98e   0x0002f98e   0x0000000a   Code   RO         1644    i.tuya_ble_timer_start  tuya_ble_port_bk3431q.o
    0x0002f998   0x0002f998   0x0000000a   Code   RO         1645    i.tuya_ble_timer_stop  tuya_ble_port_bk3431q.o
    0x0002f9a2   0x0002f9a2   0x00000002   Code   RO         6343    i.tuya_ble_uart_common_process  tuya_ble_sdk_bk3431q.lib(tuya_ble_app_uart_common_handler.o)
    0x0002f9a4   0x0002f9a4   0x000000f4   Code   RO         5519    i.tuya_ble_uart_data_unpack  tuya_ble_sdk_bk3431q.lib(tuya_ble_api.o)
    0x0002fa98   0x0002fa98   0x00000004   Code   RO         1646    i.tuya_ble_uart_init  tuya_ble_port_bk3431q.o
    0x0002fa9c   0x0002fa9c   0x00000088   Code   RO         5520    i.tuya_ble_uart_receive_data  tuya_ble_sdk_bk3431q.lib(tuya_ble_api.o)
    0x0002fb24   0x0002fb24   0x0000000a   Code   RO         1647    i.tuya_ble_uart_send_data  tuya_ble_port_bk3431q.o
    0x0002fb2e   0x0002fb2e   0x00000002   PAD
    0x0002fb30   0x0002fb30   0x00000088   Code   RO         6151    i.tuya_ble_utc_sec_2_mytime  tuya_ble_sdk_bk3431q.lib(tuya_ble_unix_time.o)
    0x0002fbb8   0x0002fbb8   0x00000044   Code   RO         6409    i.tuya_sched_execute  tuya_ble_sdk_bk3431q.lib(tuya_ble_event.o)
    0x0002fbfc   0x0002fbfc   0x00000030   Code   RO         1888    i.ty_string_op_hex2hexstr  cpt_string_op.o
    0x0002fc2c   0x0002fc2c   0x00000098   Code   RO         1889    i.ty_string_op_hex2int  cpt_string_op.o
    0x0002fcc4   0x0002fcc4   0x00000036   Code   RO         1890    i.ty_string_op_hexstr2hex  cpt_string_op.o
    0x0002fcfa   0x0002fcfa   0x0000005e   Code   RO         1892    i.ty_string_op_int2hex  cpt_string_op.o
    0x0002fd58   0x0002fd58   0x00000008   Code   RO         3244    i.uart1_rx_handler  bk_uart.o
    0x0002fd60   0x0002fd60   0x00000010   Code   RO         4568    i.uart2_cb_register  uart.o
    0x0002fd70   0x0002fd70   0x000000c4   Code   RO         4569    i.uart2_init        uart.o
    0x0002fe34   0x0002fe34   0x00000080   Code   RO         4570    i.uart2_isr         uart.o
    0x0002feb4   0x0002feb4   0x00000044   Code   RO         4571    i.uart2_printf      uart.o
    0x0002fef8   0x0002fef8   0x00000028   Code   RO         4573    i.uart2_putchar     uart.o
    0x0002ff20   0x0002ff20   0x00000008   Code   RO         3245    i.uart2_rx_handler  bk_uart.o
    0x0002ff28   0x0002ff28   0x00000010   Code   RO         4576    i.uart_cb_register  uart.o
    0x0002ff38   0x0002ff38   0x00000024   Code   RO         4577    i.uart_clear_rxfifo  uart.o
    0x0002ff5c   0x0002ff5c   0x0000001c   Code   RO         4578    i.uart_finish_transfers  uart.o
    0x0002ff78   0x0002ff78   0x00000004   Code   RO         4579    i.uart_flow_off     uart.o
    0x0002ff7c   0x0002ff7c   0x00000002   Code   RO         4580    i.uart_flow_on      uart.o
    0x0002ff7e   0x0002ff7e   0x00000002   PAD
    0x0002ff80   0x0002ff80   0x000000c4   Code   RO         4581    i.uart_init         uart.o
    0x00030044   0x00030044   0x000000f8   Code   RO         4582    i.uart_isr          uart.o
    0x0003013c   0x0003013c   0x00000044   Code   RO         4584    i.uart_printf       uart.o
    0x00030180   0x00030180   0x00000028   Code   RO         4586    i.uart_putchar      uart.o
    0x000301a8   0x000301a8   0x0000000c   Code   RO         4587    i.uart_read         uart.o
    0x000301b4   0x000301b4   0x00000020   Code   RO         4588    i.uart_send         uart.o
    0x000301d4   0x000301d4   0x00000048   Code   RO         4589    i.uart_write        uart.o
    0x0003021c   0x0003021c   0x0000006c   Code   RO         4237    i.udi_exchange_fdata_to_adjoining_next_sector  flash.o
    0x00030288   0x00030288   0x00000068   Code   RO         4238    i.udi_exchange_fdata_to_adjoining_previous_sector  flash.o
    0x000302f0   0x000302f0   0x00000098   Code   RO         2523    i.update_env_cache  ef_env.o
    0x00030388   0x00030388   0x00000060   Code   RO         2524    i.update_sec_status  ef_env.o
    0x000303e8   0x000303e8   0x0000005c   Code   RO         2525    i.update_sector_cache  ef_env.o
    0x00030444   0x00030444   0x00000020   Code   RO          397    i.user_freeze_or_unfreeze_handler  lock_dp_parser.o
    0x00030464   0x00030464   0x0000003c   Code   RO         5957    i.vTuyaPortFree     tuya_ble_sdk_bk3431q.lib(tuya_ble_heap.o)
    0x000304a0   0x000304a0   0x000001a4   Code   RO          679    i.verify_dynamic_pwd_token  lock_dynamic_pwd.o
    0x00030644   0x00030644   0x00000024   Code   RO         4756    i.wdt_disable       wdt.o
    0x00030668   0x00030668   0x0000002c   Code   RO         4757    i.wdt_enable        wdt.o
    0x00030694   0x00030694   0x00000024   Code   RO         4758    i.wdt_feed          wdt.o
    0x000306b8   0x000306b8   0x000000e0   Code   RO         2526    i.write_status      ef_env.o
    0x00030798   0x00030798   0x00000044   Data   RO           10    .constdata          lock_common.o
    0x000307dc   0x000307dc   0x00000018   Data   RO          325    .constdata          lock_hard.o
    0x000307f4   0x000307f4   0x000000c4   Data   RO          399    .constdata          lock_dp_parser.o
    0x000308b8   0x000308b8   0x00000020   Data   RO          564    .constdata          lock_timer.o
    0x000308d8   0x000308d8   0x0000002a   Data   RO          680    .constdata          lock_dynamic_pwd.o
    0x00030902   0x00030902   0x00000096   Data   RO          778    .constdata          lock_offline_pwd.o
    0x00030998   0x00030998   0x0000003b   Data   RO          839    .constdata          lock_test.o
    0x000309d3   0x000309d3   0x00000021   Data   RO          867    .constdata          app_common.o
    0x000309f4   0x000309f4   0x00000083   Data   RO         1101    .constdata          app_ota.o
    0x00030a77   0x00030a77   0x00000061   Data   RO         1166    .constdata          app_active_report.o
    0x00030ad8   0x00030ad8   0x00000014   Data   RO         1204    .constdata          app_test.o
    0x00030aec   0x00030aec   0x00000049   Data   RO         1294    .constdata          app_port.o
    0x00030b35   0x00030b35   0x00000032   Data   RO         1554    .constdata          tuya_ble_storage.o
    0x00030b67   0x00030b67   0x00000001   PAD
    0x00030b68   0x00030b68   0x00000004   Data   RO         1840    .constdata          cpt_math.o
    0x00030b6c   0x00030b6c   0x00000010   Data   RO         2011    .constdata          sha1.o
    0x00030b7c   0x00030b7c   0x00002228   Data   RO         2060    .constdata          aes.o
    0x00032da4   0x00032da4   0x00000008   Data   RO         2328    .constdata          fpe_cipher.o
    0x00032dac   0x00032dac   0x00000010   Data   RO         2404    .constdata          fpe_str.o
    0x00032dbc   0x00032dbc   0x00000065   Data   RO         2528    .constdata          ef_env.o
    0x00032e21   0x00032e21   0x00000003   PAD
    0x00032e24   0x00032e24   0x00000400   Data   RO         2754    .constdata          ef_utils.o
    0x00033224   0x00033224   0x00000041   Data   RO         2776    .constdata          ef_port.o
    0x00033265   0x00033265   0x0000008c   Data   RO         2857    .constdata          elog.o
    0x000332f1   0x000332f1   0x00000023   Data   RO         2984    .constdata          elog_utils.o
    0x00033314   0x00033314   0x0000005b   Data   RO         3526    .constdata          arch_main.o
    0x0003336f   0x0003336f   0x00000001   PAD
    0x00033370   0x00033370   0x00000040   Data   RO         5058    .constdata          fff0s.o
    0x000333b0   0x000333b0   0x00000028   Data   RO         5121    .constdata          fff0s_task.o
    0x000333d8   0x000333d8   0x00000008   Data   RO         5122    .constdata          fff0s_task.o
    0x000333e0   0x000333e0   0x00000075   Data   RO         5165    .constdata          app.o
    0x00033455   0x00033455   0x00000003   PAD
    0x00033458   0x00033458   0x00000020   Data   RO         5257    .constdata          app_fff0.o
    0x00033478   0x00033478   0x00000008   Data   RO         5258    .constdata          app_fff0.o
    0x00033480   0x00033480   0x0000001a   Data   RO         5259    .constdata          app_fff0.o
    0x0003349a   0x0003349a   0x00000002   PAD
    0x0003349c   0x0003349c   0x00000108   Data   RO         5344    .constdata          app_task.o
    0x000335a4   0x000335a4   0x00000008   Data   RO         5345    .constdata          app_task.o
    0x000335ac   0x000335ac   0x000000e2   Data   RO         5346    .constdata          app_task.o
    0x0003368e   0x0003368e   0x0000003a   Data   RO         6026    .constdata          tuya_ble_sdk_bk3431q.lib(tuya_ble_main.o)
    0x000336c8   0x000336c8   0x0000000c   Data   RO         6153    .constdata          tuya_ble_sdk_bk3431q.lib(tuya_ble_unix_time.o)
    0x000336d4   0x000336d4   0x00000004   Data   RO         6213    .constdata          tuya_ble_sdk_bk3431q.lib(tuya_ble_utils.o)
    0x000336d8   0x000336d8   0x00000050   Data   RO         6337    .constdata          bk3435_fcc_mode.lib(rf_test.o)
    0x00033728   0x00033728   0x00000088   Data   RO         6552    .constdata          m_5s.l(pow.o)
    0x000337b0   0x000337b0   0x00000008   Data   RO         6909    .constdata          m_5s.l(qnan.o)
    0x000337b8   0x000337b8   0x00000081   Data   RO         6959    .constdata          mc_5.l(ctype_o.o)
    0x00033839   0x00033839   0x00000003   PAD
    0x0003383c   0x0003383c   0x00000004   Data   RO         6960    .constdata          mc_5.l(ctype_o.o)
    0x00033840   0x00033840   0x00000042   Data   RO         1167    .conststring        app_active_report.o
    0x00033882   0x00033882   0x00000002   PAD
    0x00033884   0x00033884   0x00000049   Data   RO         2466    .conststring        easyflash.o
    0x000338cd   0x000338cd   0x00000003   PAD
    0x000338d0   0x000338d0   0x0000012f   Data   RO         2529    .conststring        ef_env.o
    0x000339ff   0x000339ff   0x00000001   PAD
    0x00033a00   0x00033a00   0x00000027   Data   RO         2777    .conststring        ef_port.o
    0x00033a27   0x00033a27   0x00000001   PAD
    0x00033a28   0x00033a28   0x00000017   Data   RO         2858    .conststring        elog.o


    Execution Region RAM_DATA (Exec base: 0x00400800, Load base: 0x00033a40, Size: 0x000003a8, Max: 0xffffffff, ABSOLUTE)

    Exec Addr    Load Addr    Size         Type   Attr      Idx    E Section Name        Object

    0x00400800   0x00033a40   0x00000001   Data   RW           11    .data               lock_common.o
    0x00400801   0x00033a41   0x00000003   PAD
    0x00400804   0x00033a44   0x00000004   Data   RW          475    .data               lock_dp_report.o
    0x00400808   0x00033a48   0x00000008   Data   RW          779    .data               lock_offline_pwd.o
    0x00400810   0x00033a50   0x00000004   Data   RW          840    .data               lock_test.o
    0x00400814   0x00033a54   0x0000005c   Data   RW          868    .data               app_common.o
    0x00400870   0x00033ab0   0x0000000b   Data   RW          935    .data               app_flash.o
    0x0040087b   0x00033abb   0x00000006   Data   RW          936    .data               app_flash.o
    0x00400881   0x00033ac1   0x00000003   PAD
    0x00400884   0x00033ac4   0x00000010   Data   RW         1102    .data               app_ota.o
    0x00400894   0x00033ad4   0x00000002   Data   RW         1168    .data               app_active_report.o
    0x00400896   0x00033ad6   0x00000004   Data   RW         1205    .data               app_test.o
    0x0040089a   0x00033ada   0x00000002   PAD
    0x0040089c   0x00033adc   0x00000004   Data   RW         2245    .data               platform_util.o
    0x004008a0   0x00033ae0   0x00000010   Data   RW         2530    .data               ef_env.o
    0x004008b0   0x00033af0   0x0000001c   Data   RW         2859    .data               elog.o
    0x004008cc   0x00033b0c   0x00000001   Data   RW         3064    .data               bk_common.o
    0x004008cd   0x00033b0d   0x00000003   PAD
    0x004008d0   0x00033b10   0x00000008   Data   RW         3065    .data               bk_common.o
    0x004008d8   0x00033b18   0x00000018   Data   RW         3124    .data               bk_scan_adv.o
    0x004008f0   0x00033b30   0x0000004a   Data   RW         3125    .data               bk_scan_adv.o
    0x0040093a   0x00033b7a   0x0000000c   Data   RW         3162    .data               bk_ble.o
    0x00400946   0x00033b86   0x00000002   PAD
    0x00400948   0x00033b88   0x0000000c   Data   RW         3202    .data               bk_svc.o
    0x00400954   0x00033b94   0x0000014c   Data   RW         3298    .data               bk_timer.o
    0x00400aa0   0x00033ce0   0x00000001   Data   RW         3527    .data               arch_main.o
    0x00400aa1   0x00033ce1   0x00000002   Data   RW         4068    .data               icu.o
    0x00400aa3   0x00033ce3   0x00000001   PAD
    0x00400aa4   0x00033ce4   0x0000002c   Data   RW         4140    .data               gpio.o
    0x00400ad0   0x00033d10   0x0000000c   Data   RW         4240    .data               flash.o
    0x00400adc   0x00033d1c   0x00000018   Data   RW         4593    .data               uart.o
    0x00400af4   0x00033d34   0x00000001   Data   RW         4759    .data               wdt.o
    0x00400af5   0x00033d35   0x00000003   PAD
    0x00400af8   0x00033d38   0x00000004   Data   RW         4890    .data               rtc.o
    0x00400afc   0x00033d3c   0x00000001   Data   RW         5347    .data               app_task.o
    0x00400afd   0x00033d3d   0x00000001   PAD
    0x00400afe   0x00033d3e   0x00000009   Data   RW         5522    .data               tuya_ble_sdk_bk3431q.lib(tuya_ble_api.o)
    0x00400b07   0x00033d47   0x00000001   PAD
    0x00400b08   0x00033d48   0x00000036   Data   RW         5842    .data               tuya_ble_sdk_bk3431q.lib(tuya_ble_data_handler.o)
    0x00400b3e   0x00033d7e   0x00000002   PAD
    0x00400b40   0x00033d80   0x00000018   Data   RW         5962    .data               tuya_ble_sdk_bk3431q.lib(tuya_ble_heap.o)
    0x00400b58   0x00033d98   0x00000008   Data   RW         6027    .data               tuya_ble_sdk_bk3431q.lib(tuya_ble_main.o)
    0x00400b60   0x00033da0   0x00000009   Data   RW         6338    .data               bk3435_fcc_mode.lib(rf_test.o)
    0x00400b69   0x00033da9   0x00000003   PAD
    0x00400b6c   0x00033dac   0x00000026   Data   RW         6341    .data               bk3435_pn9_mode.lib(rf_pn9_test.o)
    0x00400b92   0x00033dd2   0x00000002   PAD
    0x00400b94   0x00033dd4   0x0000000c   Data   RW         6411    .data               tuya_ble_sdk_bk3431q.lib(tuya_ble_event.o)
    0x00400ba0   0x00033de0   0x00000001   Data   RW         6462    .data               tuya_ble_sdk_bk3431q.lib(tuya_ble_mutli_tsf_protocol.o)
    0x00400ba1   0x00033de1   0x00000003   PAD
    0x00400ba4   0x00033de4   0x00000004   Data   RW         6922    .data               mc_5.l(errno.o)


    Execution Region RAM_BSS (Exec base: 0x00400ba8, Load base: 0x00033de8, Size: 0x00003b5c, Max: 0xffffffff, ABSOLUTE)

    Exec Addr    Load Addr    Size         Type   Attr      Idx    E Section Name        Object

    0x00400ba8        -       0x00000491   Zero   RW          398    .bss                lock_dp_parser.o
    0x00401039   0x00033de8   0x00000003   PAD
    0x0040103c        -       0x00000122   Zero   RW          474    .bss                lock_dp_report.o
    0x0040115e   0x00033de8   0x00000002   PAD
    0x00401160        -       0x00000020   Zero   RW          563    .bss                lock_timer.o
    0x00401180        -       0x00000100   Zero   RW          838    .bss                lock_test.o
    0x00401280        -       0x00000194   Zero   RW          934    .bss                app_flash.o
    0x00401414        -       0x000000f0   Zero   RW         1100    .bss                app_ota.o
    0x00401504        -       0x00000200   Zero   RW         1203    .bss                app_test.o
    0x00401704        -       0x00000168   Zero   RW         1553    .bss                tuya_ble_storage.o
    0x0040186c        -       0x00000174   Zero   RW         2527    .bss                ef_env.o
    0x004019e0        -       0x00000250   Zero   RW         2856    .bss                elog.o
    0x00401c30        -       0x00000600   Zero   RW         3201    .bss                bk_svc.o
    0x00402230        -       0x000000a0   Zero   RW         3297    .bss                bk_timer.o
    0x004022d0        -       0x00000010   Zero   RW         3525    .bss                arch_main.o
    0x004022e0        -       0x00000010   Zero   RW         3902    .bss                rwip.o
    0x004022f0        -       0x0000000c   Zero   RW         4239    .bss                flash.o
    0x004022fc        -       0x00000828   Zero   RW         4590    .bss                uart.o
    0x00402b24        -       0x00000040   Zero   RW         4797    .bss                rf_xvr.o
    0x00402b64        -       0x0000011c   Zero   RW         4958    .bss                prf.o
    0x00402c80        -       0x00000028   Zero   RW         5164    .bss                app.o
    0x00402ca8        -       0x0000012c   Zero   RW         5521    .bss                tuya_ble_sdk_bk3431q.lib(tuya_ble_api.o)
    0x00402dd4        -       0x000004b0   Zero   RW         5841    .bss                tuya_ble_sdk_bk3431q.lib(tuya_ble_data_handler.o)
    0x00403284        -       0x00000800   Zero   RW         5961    .bss                tuya_ble_sdk_bk3431q.lib(tuya_ble_heap.o)
    0x00403a84        -       0x00000334   Zero   RW         6025    .bss                tuya_ble_sdk_bk3431q.lib(tuya_ble_main.o)
    0x00403db8        -       0x000000e0   Zero   RW         6362    .bss                tuya_ble_sdk_bk3431q.lib(tuya_ble_cryption_api.o)
    0x00403e98        -       0x0000086c   Zero   RW         6410    .bss                tuya_ble_sdk_bk3431q.lib(tuya_ble_event.o)


    Execution Region RAM_STACK_UNUSED (Exec base: 0x0040b70c, Load base: 0x00033de8, Size: 0x00000020, Max: 0x00000020, ABSOLUTE)

    Exec Addr    Load Addr    Size         Type   Attr      Idx    E Section Name        Object

    0x0040b70c        -       0x00000020   Zero   RW            1    RAM_STACK_UNUSED.bss  anon$$obj.o


    Execution Region RAM_STACK_SVC (Exec base: 0x0040b72c, Load base: 0x00033de8, Size: 0x000004f0, Max: 0x000004f0, ABSOLUTE)

    Exec Addr    Load Addr    Size         Type   Attr      Idx    E Section Name        Object

    0x0040b72c        -       0x000004f0   Zero   RW            2    RAM_STACK_SVC.bss   anon$$obj.o


    Execution Region RAM_STACK_IRQ (Exec base: 0x0040bc1c, Load base: 0x00033de8, Size: 0x000001f0, Max: 0x000001f0, ABSOLUTE)

    Exec Addr    Load Addr    Size         Type   Attr      Idx    E Section Name        Object

    0x0040bc1c        -       0x000001f0   Zero   RW            3    RAM_STACK_IRQ.bss   anon$$obj.o


    Execution Region RAM_STACK_FIQ (Exec base: 0x0040be0c, Load base: 0x00033de8, Size: 0x000001f0, Max: 0x000001f0, ABSOLUTE)

    Exec Addr    Load Addr    Size         Type   Attr      Idx    E Section Name        Object

    0x0040be0c        -       0x000001f0   Zero   RW            4    RAM_STACK_FIQ.bss   anon$$obj.o


    Execution Region RAM_BSS_1 (Exec base: 0x00815000, Load base: 0x00033de8, Size: 0x00001258, Max: 0xffffffff, ABSOLUTE)

    Exec Addr    Load Addr    Size         Type   Attr      Idx    E Section Name        Object

    0x00815000        -       0x00001258   Zero   RW         3903    ke_heap             rwip.o


==============================================================================

Image component sizes


      Code (inc. data)   RO Data    RW Data    ZI Data      Debug   Object Name

      2888         74       8744          0          0      20402   aes.o
       720        182        117          0         40      10151   app.o
       664        408        163          2          0       3095   app_active_report.o
       762        304         33         92          0       5091   app_common.o
       152         26         66          0          0       6417   app_fff0.o
      1524        196          0         17        404      19762   app_flash.o
      3012       1278        131         16        240      10583   app_ota.o
       894        356         73          0          0      36637   app_port.o
      2134        812        498          1          0      21649   app_task.o
      1518        502         20          4        512       8595   app_test.o
      1364        658         91          1         16      12334   arch_main.o
       258         38          0         12          0       3943   bk_ble.o
       142         12          0          9          0       4140   bk_common.o
        54          0          0          0          0       2730   bk_flash.o
        60          8          0         98          0       3727   bk_scan_adv.o
       240         24          0         12       1536       4129   bk_svc.o
         2          0          0          0          0        474   bk_test.o
       460         82          0        332        160       9313   bk_timer.o
        72         12          0          0          0       3136   bk_uart.o
       500         76          0          0          0        424   boot_handlers.o
        92         32          0          0          0        372   boot_vectors.o
       212         14          4          0          0       4577   cpt_math.o
       348         38          0          0          0       4626   cpt_string_op.o
       144         90         73          0          0       1153   easyflash.o
      6430       2178        404         16        372      41956   ef_env.o
       470        326        104          0          0       6707   ef_port.o
        36          4       1024          0          0       1488   ef_utils.o
      2172        824        163         28        592      14988   elog.o
         0          0          0          0          0       3059   elog_async.o
        84         40          0          0          0       4089   elog_port.o
       276        126         35          0          0       3041   elog_utils.o
        24          4          0          0          0        579   emi.o
       784         26          0          0          0       5432   ff1.o
       416         16         64          0          0       9239   fff0s.o
       530         22         48          0          0       7852   fff0s_task.o
      1814        234          0         12         12      15477   flash.o
       136          6          8          0          0       2226   fpe_cipher.o
       112          6          0          0          0       1638   fpe_decrypt.o
       174          0          0          0          0       4296   fpe_math.o
       546         10         16          0          0      10040   fpe_str.o
        52         14          0         44          0       8861   gpio.o
       162          0          0          0          0       1560   hmac-sha1.o
       392         72          0          2          0       5083   icu.o
       192         20          0          0          0     111046   intc.o
       524        354         68          1          0      92128   lock_common.o
      5164       2226        196          0       1169      21712   lock_dp_parser.o
      1052         82          0          4        290      16877   lock_dp_report.o
       788        322         42          0          0       4830   lock_dynamic_pwd.o
      1546        634         24          0          0       7345   lock_hard.o
      3124       1296        150          8          0      10616   lock_offline_pwd.o
      1056        506         59          4        256       3884   lock_test.o
       560        184         32          0         32      11674   lock_timer.o
      2554        266          0          0          0       9919   md5.o
        16          6          0          4          0       1627   platform_util.o
       564         30          0          0        284       9164   prf.o
         0          0          0          0          0       8399   prf_utils.o
      1130        284          0          0         64     113976   rf_xvr.o
       152         28          0          4          0       2099   rtc.o
       386         24          0          0          0     110999   rwble.o
        56          0          0          0          0       2157   rwble_hl.o
       704         78          0          0       4712     116175   rwip.o
       844         18         16          0          0       5643   sha1.o
         2          0          0          0          0        473   timer.o
       538         16          0          0          0      20997   tuya_ble_port_bk3431q.o
       556         38         50          0        360       6336   tuya_ble_storage.o
      1242        230          0         24       2088      33785   uart.o
       116         24          0          1          0       1790   wdt.o

    ----------------------------------------------------------------------
     55834      15816      12534        766      15432    1068722   Object Totals
        48         20          0          0       2288          0   (incl. Generated)
        94          0         18         18          5          0   (incl. Padding)

    ----------------------------------------------------------------------

      Code (inc. data)   RO Data    RW Data    ZI Data      Debug   Library Member Name

      1164        268         80          9          0        236   rf_test.o
       764        190          0         38          0        344   rf_pn9_test.o
        88         12          0          0          0        340   dunder.o
        48          4          0          0          0         68   fpclassify.o
       240          0          0          0          0         92   poly.o
      3764        148        136          0          0        328   pow.o
         0          0          8          0          0          0   qnan.o
       100          4          0          0          0         84   sqrt.o
       138          0          0          0          0         80   __strtoll.o
        30          0          0          0          0         60   _chval.o
       216          0          0          0          0         84   _strtoull.o
        26          0          0          0          0         72   atoll.o
         8          4        133          0          0         60   ctype_o.o
        28         10          0          4          0        120   errno.o
         0          0          0          0          0          0   iusefp.o
       126          0          0          0          0         84   llmul.o
        32          0          0          0          0         68   llshl.o
        38          0          0          0          0         68   llsshr.o
        34          0          0          0          0         68   llushr.o
        38          0          0          0          0        100   memseta.o
      2432        108          0          0          0        760   printfa.o
        14          0          0          0          0         60   strlen.o
        30          0          0          0          0         72   strncmp.o
        26          0          0          0          0         68   strncpy.o
        40          0          0          0          0         72   strstr.o
        96          0          0          0          0         84   uldiv.o
        20          0          0          0          0         60   uread4.o
        18          0          0          0          0         60   uwrite4.o
        40          2          0          0          0         68   cdrcmple.o
       364          4          0          0          0        140   dadd.o
       248          6          0          0          0         84   ddiv.o
       190          0          0          0          0        156   depilogue.o
        72         10          0          0          0         72   dfixi.o
        60         10          0          0          0         68   dfixui.o
        64         10          0          0          0         68   dfixul.o
        48          6          0          0          0         68   dflti.o
        28          4          0          0          0         68   dfltui.o
       216          6          0          0          0         88   dmul.o
        52          0          0          0          0         72   dscalb.o
       162          0          0          0          0         80   dsqrt.o
      1154        116          0          9        300      25548   tuya_ble_api.o
         2          0          0          0          0       1679   tuya_ble_app_uart_common_handler.o
       850         40          0          0        224       8154   tuya_ble_cryption_api.o
      2836        216          0         54       1200      21011   tuya_ble_data_handler.o
       248         32          0         12       2156       5571   tuya_ble_event.o
       356         22          0         24       2048       4363   tuya_ble_heap.o
      1246        138         58          8        820      13121   tuya_ble_main.o
        36          0          0          0          0       1890   tuya_ble_mem.o
       778          4          0          1          0       8494   tuya_ble_mutli_tsf_protocol.o
       340         16         12          0          0       5092   tuya_ble_unix_time.o
       226         14          4          0          0       5120   tuya_ble_utils.o

    ----------------------------------------------------------------------
     19190       1404        434        170       6748     104667   Library Totals
        16          0          3         11          0          0   (incl. Padding)

    ----------------------------------------------------------------------

      Code (inc. data)   RO Data    RW Data    ZI Data      Debug   Library Name

      1164        268         80          9          0        236   bk3435_fcc_mode.lib
       764        190          0         38          0        344   bk3435_pn9_mode.lib
      4240        168        144          0          0        912   m_5s.l
      3390        122        133          4          0       2100   mc_5.l
      1544         58          0          0          0       1032   mf_5.l
      8072        598         74        108       6748     100043   tuya_ble_sdk_bk3431q.lib

    ----------------------------------------------------------------------
     19190       1404        434        170       6748     104667   Library Totals

    ----------------------------------------------------------------------

==============================================================================


      Code (inc. data)   RO Data    RW Data    ZI Data      Debug   

     75024      17220      12968        936      22180    1144585   Grand Totals
     75024      17220      12968        936      22180    1144585   ELF Image Totals
     75024      17220      12968        936          0          0   ROM Totals

==============================================================================

    Total RO  Size (Code + RO Data)                87992 (  85.93kB)
    Total RW  Size (RW Data + ZI Data)             23116 (  22.57kB)
    Total ROM Size (Code + RO Data + RW Data)      88928 (  86.84kB)

==============================================================================

